Component: ARM Compiler 5.06 update 6 (build 750) Tool: armlink [4d35ed]

==============================================================================

Section Cross References

    startup_stm32g070xx.o(RESET) refers to startup_stm32g070xx.o(STACK) for __initial_sp
    startup_stm32g070xx.o(RESET) refers to startup_stm32g070xx.o(.text) for Reset_Handler
    startup_stm32g070xx.o(RESET) refers to stm32g0xx_it.o(i.NMI_Handler) for NMI_Handler
    startup_stm32g070xx.o(RESET) refers to stm32g0xx_it.o(i.HardFault_Handler) for HardFault_Handler
    startup_stm32g070xx.o(RESET) refers to stm32g0xx_it.o(i.SVC_Handler) for SVC_Handler
    startup_stm32g070xx.o(RESET) refers to stm32g0xx_it.o(i.PendSV_Handler) for PendSV_Handler
    startup_stm32g070xx.o(RESET) refers to stm32g0xx_it.o(i.SysTick_Handler) for SysTick_Handler
    startup_stm32g070xx.o(.text) refers to system_stm32g0xx.o(i.SystemInit) for SystemInit
    startup_stm32g070xx.o(.text) refers to entry.o(.ARM.Collect$$$$00000000) for __main
    main.o(i.SystemClock_Config) refers to memseta.o(.text) for __aeabi_memclr4
    main.o(i.SystemClock_Config) refers to stm32g0xx_hal_pwr_ex.o(i.HAL_PWREx_ControlVoltageScaling) for HAL_PWREx_ControlVoltageScaling
    main.o(i.SystemClock_Config) refers to stm32g0xx_hal_rcc.o(i.HAL_RCC_OscConfig) for HAL_RCC_OscConfig
    main.o(i.SystemClock_Config) refers to stm32g0xx_hal_rcc.o(i.HAL_RCC_ClockConfig) for HAL_RCC_ClockConfig
    main.o(i.main) refers to stm32g0xx_hal.o(i.HAL_Init) for HAL_Init
    main.o(i.main) refers to main.o(i.SystemClock_Config) for SystemClock_Config
    main.o(i.main) refers to stm32g0xx_hal_tim.o(i.HAL_TIM_Base_Init) for HAL_TIM_Base_Init
    main.o(i.main) refers to stm32g0xx_hal_tim_ex.o(i.HAL_TIMEx_MasterConfigSynchronization) for HAL_TIMEx_MasterConfigSynchronization
    main.o(i.main) refers to bayesfunctions.o(i.arm_gaussian_naive_bayes_predict_f32) for arm_gaussian_naive_bayes_predict_f32
    main.o(i.main) refers to printf1.o(i.__0printf$1) for __2printf
    main.o(i.main) refers to main.o(i.delay_ms) for delay_ms
    main.o(i.main) refers to main.o(.bss) for .bss
    main.o(i.main) refers to main.o(.constdata) for .constdata
    stm32g0xx_it.o(i.SysTick_Handler) refers to stm32g0xx_hal.o(i.HAL_IncTick) for HAL_IncTick
    stm32g0xx_hal_msp.o(i.HAL_MspInit) refers to stm32g0xx_hal.o(i.HAL_SYSCFG_StrobeDBattpinsConfig) for HAL_SYSCFG_StrobeDBattpinsConfig
    stm32g0xx_hal_tim.o(i.HAL_TIM_Base_DeInit) refers to stm32g0xx_hal_msp.o(i.HAL_TIM_Base_MspDeInit) for HAL_TIM_Base_MspDeInit
    stm32g0xx_hal_tim.o(i.HAL_TIM_Base_Init) refers to stm32g0xx_hal_msp.o(i.HAL_TIM_Base_MspInit) for HAL_TIM_Base_MspInit
    stm32g0xx_hal_tim.o(i.HAL_TIM_Base_Init) refers to stm32g0xx_hal_tim.o(i.TIM_Base_SetConfig) for TIM_Base_SetConfig
    stm32g0xx_hal_tim.o(i.HAL_TIM_Base_Start_DMA) refers to stm32g0xx_hal_dma.o(i.HAL_DMA_Start_IT) for HAL_DMA_Start_IT
    stm32g0xx_hal_tim.o(i.HAL_TIM_Base_Start_DMA) refers to stm32g0xx_hal_tim.o(i.TIM_DMAPeriodElapsedCplt) for TIM_DMAPeriodElapsedCplt
    stm32g0xx_hal_tim.o(i.HAL_TIM_Base_Start_DMA) refers to stm32g0xx_hal_tim.o(i.TIM_DMAPeriodElapsedHalfCplt) for TIM_DMAPeriodElapsedHalfCplt
    stm32g0xx_hal_tim.o(i.HAL_TIM_Base_Start_DMA) refers to stm32g0xx_hal_tim.o(i.TIM_DMAError) for TIM_DMAError
    stm32g0xx_hal_tim.o(i.HAL_TIM_Base_Stop_DMA) refers to stm32g0xx_hal_dma.o(i.HAL_DMA_Abort_IT) for HAL_DMA_Abort_IT
    stm32g0xx_hal_tim.o(i.HAL_TIM_ConfigClockSource) refers to stm32g0xx_hal_tim.o(i.TIM_ETR_SetConfig) for TIM_ETR_SetConfig
    stm32g0xx_hal_tim.o(i.HAL_TIM_ConfigClockSource) refers to stm32g0xx_hal_tim.o(i.TIM_TI1_ConfigInputStage) for TIM_TI1_ConfigInputStage
    stm32g0xx_hal_tim.o(i.HAL_TIM_ConfigClockSource) refers to stm32g0xx_hal_tim.o(i.TIM_TI2_ConfigInputStage) for TIM_TI2_ConfigInputStage
    stm32g0xx_hal_tim.o(i.HAL_TIM_ConfigClockSource) refers to stm32g0xx_hal_tim.o(i.TIM_ITRx_SetConfig) for TIM_ITRx_SetConfig
    stm32g0xx_hal_tim.o(i.HAL_TIM_ConfigOCrefClear) refers to stm32g0xx_hal_tim.o(i.TIM_ETR_SetConfig) for TIM_ETR_SetConfig
    stm32g0xx_hal_tim.o(i.HAL_TIM_DMABurst_MultiReadStart) refers to stm32g0xx_hal_dma.o(i.HAL_DMA_Start_IT) for HAL_DMA_Start_IT
    stm32g0xx_hal_tim.o(i.HAL_TIM_DMABurst_MultiReadStart) refers to stm32g0xx_hal_tim.o(i.TIM_DMAError) for TIM_DMAError
    stm32g0xx_hal_tim.o(i.HAL_TIM_DMABurst_MultiReadStart) refers to stm32g0xx_hal_tim.o(i.TIM_DMACaptureCplt) for TIM_DMACaptureCplt
    stm32g0xx_hal_tim.o(i.HAL_TIM_DMABurst_MultiReadStart) refers to stm32g0xx_hal_tim.o(i.TIM_DMACaptureHalfCplt) for TIM_DMACaptureHalfCplt
    stm32g0xx_hal_tim.o(i.HAL_TIM_DMABurst_MultiReadStart) refers to stm32g0xx_hal_tim.o(i.TIM_DMATriggerCplt) for TIM_DMATriggerCplt
    stm32g0xx_hal_tim.o(i.HAL_TIM_DMABurst_MultiReadStart) refers to stm32g0xx_hal_tim.o(i.TIM_DMATriggerHalfCplt) for TIM_DMATriggerHalfCplt
[...]
    Removing commontables.o(.constdata), (192 bytes).
    Removing commontables.o(.constdata), (384 bytes).
    Removing commontables.o(.constdata), (768 bytes).
    Removing commontables.o(.constdata), (1536 bytes).
    Removing commontables.o(.constdata), (3072 bytes).
    Removing commontables.o(.constdata), (6144 bytes).
    Removing commontables.o(.constdata), (12288 bytes).
    Removing commontables.o(.constdata), (24 bytes).
    Removing commontables.o(.constdata), (48 bytes).
    Removing commontables.o(.constdata), (112 bytes).
    Removing commontables.o(.constdata), (224 bytes).
    Removing commontables.o(.constdata), (480 bytes).
    Removing commontables.o(.constdata), (960 bytes).
    Removing commontables.o(.constdata), (1984 bytes).
    Removing commontables.o(.constdata), (3968 bytes).
    Removing commontables.o(.constdata), (8064 bytes).
    Removing commontables.o(.constdata), (40 bytes).
    Removing commontables.o(.constdata), (96 bytes).
    Removing commontables.o(.constdata), (112 bytes).
    Removing commontables.o(.constdata), (416 bytes).
    Removing commontables.o(.constdata), (880 bytes).
    Removing commontables.o(.constdata), (896 bytes).
    Removing commontables.o(.constdata), (3600 bytes).
    Removing commontables.o(.constdata), (7616 bytes).
    Removing commontables.o(.constdata), (8064 bytes).
    Removing commontables.o(.constdata), (24 bytes).
    Removing commontables.o(.constdata), (48 bytes).
    Removing commontables.o(.constdata), (112 bytes).
    Removing commontables.o(.constdata), (224 bytes).
    Removing commontables.o(.constdata), (480 bytes).
    Removing commontables.o(.constdata), (960 bytes).
    Removing commontables.o(.constdata), (1984 bytes).
    Removing commontables.o(.constdata), (3968 bytes).
    Removing commontables.o(.constdata), (8064 bytes).
    Removing commontables.o(.constdata), (256 bytes).
    Removing commontables.o(.constdata), (512 bytes).
    Removing commontables.o(.constdata), (1024 bytes).
    Removing commontables.o(.constdata), (2048 bytes).
    Removing commontables.o(.constdata), (4096 bytes).
    Removing commontables.o(.constdata), (8192 bytes).
    Removing commontables.o(.constdata), (16384 bytes).
    Removing commontables.o(.constdata), (32768 bytes).
    Removing commontables.o(.constdata), (128 bytes).
    Removing commontables.o(.constdata), (256 bytes).
    Removing commontables.o(.constdata), (512 bytes).
    Removing commontables.o(.constdata), (1024 bytes).
    Removing commontables.o(.constdata), (2048 bytes).
    Removing commontables.o(.constdata), (4096 bytes).
    Removing commontables.o(.constdata), (8192 bytes).
    Removing commontables.o(.constdata), (16384 bytes).
    Removing commontables.o(.constdata), (32768 bytes).
    Removing commontables.o(.constdata), (32768 bytes).
    Removing commontables.o(.constdata), (32768 bytes).
    Removing commontables.o(.constdata), (32768 bytes).
    Removing commontables.o(.constdata), (16384 bytes).
    Removing commontables.o(.constdata), (16384 bytes).
    Removing commontables.o(.constdata), (1024 bytes).
    Removing commontables.o(.constdata), (512 bytes).
    Removing commontables.o(.constdata), (4096 bytes).
    Removing commontables.o(.constdata), (2048 bytes).
    Removing commontables.o(.constdata), (16384 bytes).
    Removing commontables.o(.constdata), (8192 bytes).
    Removing commontables.o(.constdata), (65536 bytes).
    Removing commontables.o(.constdata), (32768 bytes).
    Removing commontables.o(.constdata), (512 bytes).
    Removing commontables.o(.constdata), (256 bytes).
    Removing commontables.o(.constdata), (2048 bytes).
    Removing commontables.o(.constdata), (1024 bytes).
    Removing commontables.o(.constdata), (8192 bytes).
    Removing commontables.o(.constdata), (4096 bytes).
    Removing commontables.o(.constdata), (32768 bytes).
    Removing commontables.o(.constdata), (16384 bytes).
    Removing commontables.o(.constdata), (1024 bytes).
    Removing commontables.o(.constdata), (512 bytes).
    Removing commontables.o(.constdata), (4096 bytes).
    Removing commontables.o(.constdata), (2048 bytes).
    Removing commontables.o(.constdata), (16384 bytes).
    Removing commontables.o(.constdata), (8192 bytes).
    Removing commontables.o(.constdata), (65536 bytes).
    Removing commontables.o(.constdata), (32768 bytes).
    Removing commontables.o(.constdata), (128 bytes).
    Removing commontables.o(.constdata), (256 bytes).
    Removing commontables.o(.constdata), (2052 bytes).
    Removing commontables.o(.constdata), (2052 bytes).
    Removing commontables.o(.constdata), (1026 bytes).
    Removing commontables.o(.constdata), (16 bytes).
    Removing commontables.o(.constdata), (16 bytes).
    Removing commontables.o(.constdata), (16 bytes).
    Removing commontables.o(.constdata), (16 bytes).
    Removing commontables.o(.constdata), (16 bytes).
    Removing commontables.o(.constdata), (16 bytes).
    Removing commontables.o(.constdata), (16 bytes).
    Removing commontables.o(.constdata), (16 bytes).
    Removing commontables.o(.constdata), (16 bytes).
    Removing commontables.o(.constdata), (16 bytes).
    Removing commontables.o(.constdata), (16 bytes).
    Removing commontables.o(.constdata), (16 bytes).
    Removing commontables.o(.constdata), (16 bytes).
    Removing commontables.o(.constdata), (16 bytes).
    Removing commontables.o(.constdata), (16 bytes).
    Removing commontables.o(.constdata), (16 bytes).
    Removing commontables.o(.constdata), (16 bytes).
    Removing commontables.o(.constdata), (16 bytes).
    Removing commontables.o(.constdata), (16 bytes).
    Removing commontables.o(.constdata), (16 bytes).
    Removing commontables.o(.constdata), (16 bytes).
    Removing commontables.o(.constdata), (16 bytes).
    Removing commontables.o(.constdata), (16 bytes).
    Removing commontables.o(.constdata), (16 bytes).
    Removing commontables.o(.constdata), (16 bytes).
    Removing commontables.o(.constdata), (16 bytes).
    Removing commontables.o(.constdata), (16 bytes).
    Removing commontables.o(.constdata), (16 bytes).
    Removing commontables.o(.constdata), (16 bytes).
    Removing commontables.o(.constdata), (16 bytes).
    Removing commontables.o(.constdata), (16 bytes).
    Removing commontables.o(.constdata), (16 bytes).
    Removing commontables.o(.constdata), (16 bytes).
    Removing commontables.o(.constdata), (16 bytes).
    Removing commontables.o(.constdata), (16 bytes).
    Removing commontables.o(.constdata), (16 bytes).
    Removing commontables.o(.constdata), (24 bytes).
    Removing commontables.o(.constdata), (24 bytes).
    Removing commontables.o(.constdata), (24 bytes).
    Removing commontables.o(.constdata), (24 bytes).
    Removing commontables.o(.constdata), (24 bytes).
    Removing commontables.o(.constdata), (24 bytes).
    Removing commontables.o(.constdata), (24 bytes).
    Removing commontables.o(.constdata), (24 bytes).
    Removing commontables.o(.constdata), (24 bytes).
    Removing commontables.o(.constdata), (24 bytes).
    Removing commontables.o(.constdata), (24 bytes).
    Removing commontables.o(.constdata), (24 bytes).
    Removing commontables.o(.constdata), (24 bytes).
    Removing commontables.o(.constdata), (24 bytes).
    Removing commontables.o(.constdata), (24 bytes).
    Removing commontables.o(.constdata), (24 bytes).
    Removing commontables.o(.constdata), (24 bytes).
    Removing commontables.o(.constdata), (24 bytes).
    Removing commontables.o(.constdata), (24 bytes).
    Removing commontables.o(.constdata), (24 bytes).
    Removing commontables.o(.constdata), (24 bytes).
    Removing commontables.o(.constdata), (24 bytes).
    Removing commontables.o(.constdata), (24 bytes).
    Removing commontables.o(.constdata), (24 bytes).
    Removing commontables.o(.constdata), (24 bytes).
    Removing commontables.o(.constdata), (24 bytes).
    Removing commontables.o(.constdata), (24 bytes).
    Removing commontables.o(.constdata), (24 bytes).
    Removing commontables.o(.constdata), (24 bytes).
    Removing commontables.o(.constdata), (24 bytes).
    Removing commontables.o(.constdata), (24 bytes).
    Removing commontables.o(.constdata), (24 bytes).
    Removing commontables.o(.constdata), (24 bytes).
    Removing commontables.o(.constdata), (24 bytes).
    Removing complexmathfunctions.o(.rev16_text), (4 bytes).
    Removing complexmathfunctions.o(.revsh_text), (4 bytes).
    Removing complexmathfunctions.o(i.arm_cmplx_conj_f32), (30 bytes).
    Removing complexmathfunctions.o(i.arm_cmplx_conj_q15), (48 bytes).
    Removing complexmathfunctions.o(i.arm_cmplx_conj_q31), (38 bytes).
    Removing complexmathfunctions.o(i.arm_cmplx_dot_prod_f32), (122 bytes).
    Removing complexmathfunctions.o(i.arm_cmplx_dot_prod_q15), (132 bytes).
    Removing complexmathfunctions.o(i.arm_cmplx_dot_prod_q31), (168 bytes).
    Removing complexmathfunctions.o(i.arm_cmplx_mag_f32), (68 bytes).
    Removing complexmathfunctions.o(i.arm_cmplx_mag_q15), (58 bytes).
    Removing complexmathfunctions.o(i.arm_cmplx_mag_q31), (54 bytes).
    Removing complexmathfunctions.o(i.arm_cmplx_mag_squared_f32), (48 bytes).
    Removing complexmathfunctions.o(i.arm_cmplx_mag_squared_q15), (44 bytes).
    Removing complexmathfunctions.o(i.arm_cmplx_mag_squared_q31), (46 bytes).
    Removing complexmathfunctions.o(i.arm_cmplx_mult_cmplx_f32), (98 bytes).
    Removing complexmathfunctions.o(i.arm_cmplx_mult_cmplx_q15), (68 bytes).
    Removing complexmathfunctions.o(i.arm_cmplx_mult_cmplx_q31), (96 bytes).
    Removing complexmathfunctions.o(i.arm_cmplx_mult_real_f32), (50 bytes).
    Removing complexmathfunctions.o(i.arm_cmplx_mult_real_q15), (92 bytes).
    Removing complexmathfunctions.o(i.arm_cmplx_mult_real_q31), (92 bytes).
    Removing controllerfunctions.o(.rev16_text), (4 bytes).
    Removing controllerfunctions.o(.revsh_text), (4 bytes).
    Removing controllerfunctions.o(i.arm_pid_init_f32), (66 bytes).
    Removing controllerfunctions.o(i.arm_pid_init_q15), (84 bytes).
    Removing controllerfunctions.o(i.arm_pid_init_q31), (124 bytes).
    Removing controllerfunctions.o(i.arm_pid_reset_f32), (10 bytes).
    Removing controllerfunctions.o(i.arm_pid_reset_q15), (12 bytes).
    Removing controllerfunctions.o(i.arm_pid_reset_q31), (10 bytes).
    Removing controllerfunctions.o(i.arm_sin_cos_f32), (432 bytes).
    Removing controllerfunctions.o(i.arm_sin_cos_q31), (472 bytes).
    Removing distancefunctions.o(.rev16_text), (4 bytes).
    Removing distancefunctions.o(.revsh_text), (4 bytes).
    Removing distancefunctions.o(i.arm_boolean_distance_TF_FT), (164 bytes).
    Removing distancefunctions.o(i.arm_boolean_distance_TT), (116 bytes).
    Removing distancefunctions.o(i.arm_boolean_distance_TT_FF_TF_FT), (274 bytes).
    Removing distancefunctions.o(i.arm_boolean_distance_TT_TF_FT), (220 bytes).
    Removing distancefunctions.o(i.arm_braycurtis_distance_f32), (84 bytes).
    Removing distancefunctions.o(i.arm_canberra_distance_f32), (88 bytes).
    Removing distancefunctions.o(i.arm_chebyshev_distance_f32), (58 bytes).
    Removing distancefunctions.o(i.arm_cityblock_distance_f32), (42 bytes).
    Removing distancefunctions.o(i.arm_correlation_distance_f32), (176 bytes).
    Removing distancefunctions.o(i.arm_cosine_distance_f32), (80 bytes).
    Removing distancefunctions.o(i.arm_dice_distance), (108 bytes).
    Removing distancefunctions.o(i.arm_euclidean_distance_f32), (60 bytes).
    Removing distancefunctions.o(i.arm_hamming_distance), (58 bytes).
    Removing distancefunctions.o(i.arm_jaccard_distance), (66 bytes).
    Removing distancefunctions.o(i.arm_jensenshannon_distance_f32), (116 bytes).
    Removing distancefunctions.o(i.arm_kulsinski_distance), (74 bytes).
    Removing distancefunctions.o(i.arm_minkowski_distance_f32), (80 bytes).
    Removing distancefunctions.o(i.arm_rogerstanimoto_distance), (76 bytes).
    Removing distancefunctions.o(i.arm_russellrao_distance), (52 bytes).
    Removing distancefunctions.o(i.arm_sokalmichener_distance), (82 bytes).
    Removing distancefunctions.o(i.arm_sokalsneath_distance), (72 bytes).
    Removing distancefunctions.o(i.arm_yule_distance), (96 bytes).
    Removing distancefunctions.o(i.rel_entr), (20 bytes).
    Removing fastmathfunctions.o(.rev16_text), (4 bytes).
    Removing fastmathfunctions.o(.revsh_text), (4 bytes).
    Removing fastmathfunctions.o(i.arm_cos_f32), (144 bytes).
    Removing fastmathfunctions.o(i.arm_cos_q15), (68 bytes).
    Removing fastmathfunctions.o(i.arm_cos_q31), (72 bytes).
    Removing fastmathfunctions.o(i.arm_sin_f32), (136 bytes).
    Removing fastmathfunctions.o(i.arm_sin_q15), (60 bytes).
    Removing fastmathfunctions.o(i.arm_sin_q31), (64 bytes).
    Removing fastmathfunctions.o(i.arm_sqrt_q15), (176 bytes).
    Removing fastmathfunctions.o(i.arm_sqrt_q31), (244 bytes).
    Removing fastmathfunctions.o(i.arm_vexp_f32), (26 bytes).
    Removing fastmathfunctions.o(i.arm_vlog_f32), (26 bytes).
    Removing filteringfunctions.o(.rev16_text), (4 bytes).
    Removing filteringfunctions.o(.revsh_text), (4 bytes).
    Removing filteringfunctions.o(i.arm_biquad_cas_df1_32x64_init_q31), (26 bytes).
    Removing filteringfunctions.o(i.arm_biquad_cas_df1_32x64_q31), (358 bytes).
    Removing filteringfunctions.o(i.arm_biquad_cascade_df1_f32), (190 bytes).
    Removing filteringfunctions.o(i.arm_biquad_cascade_df1_fast_q15), (256 bytes).
    Removing filteringfunctions.o(i.arm_biquad_cascade_df1_fast_q31), (280 bytes).
    Removing filteringfunctions.o(i.arm_biquad_cascade_df1_init_f32), (22 bytes).
    Removing filteringfunctions.o(i.arm_biquad_cascade_df1_init_q15), (26 bytes).
    Removing filteringfunctions.o(i.arm_biquad_cascade_df1_init_q31), (26 bytes).
    Removing filteringfunctions.o(i.arm_biquad_cascade_df1_q15), (240 bytes).
    Removing filteringfunctions.o(i.arm_biquad_cascade_df1_q31), (234 bytes).
    Removing filteringfunctions.o(i.arm_biquad_cascade_df2T_f32), (176 bytes).
    Removing filteringfunctions.o(i.arm_biquad_cascade_df2T_f64), (246 bytes).
    Removing filteringfunctions.o(i.arm_biquad_cascade_df2T_init_f32), (22 bytes).
    Removing filteringfunctions.o(i.arm_biquad_cascade_df2T_init_f64), (22 bytes).
    Removing filteringfunctions.o(i.arm_biquad_cascade_stereo_df2T_f32), (276 bytes).
    Removing filteringfunctions.o(i.arm_biquad_cascade_stereo_df2T_init_f32), (22 bytes).
    Removing filteringfunctions.o(i.arm_conv_f32), (88 bytes).
    Removing filteringfunctions.o(i.arm_conv_fast_opt_q15), (232 bytes).
    Removing filteringfunctions.o(i.arm_conv_fast_q15), (1720 bytes).
    Removing filteringfunctions.o(i.arm_conv_fast_q31), (1174 bytes).
    Removing filteringfunctions.o(i.arm_conv_opt_q15), (264 bytes).
    Removing filteringfunctions.o(i.arm_conv_opt_q7), (868 bytes).
    Removing filteringfunctions.o(i.arm_conv_partial_f32), (106 bytes).
    Removing filteringfunctions.o(i.arm_conv_partial_fast_opt_q15), (284 bytes).
    Removing filteringfunctions.o(i.arm_conv_partial_fast_q15), (1788 bytes).
    Removing filteringfunctions.o(i.arm_conv_partial_fast_q31), (518 bytes).
    Removing filteringfunctions.o(i.arm_conv_partial_opt_q15), (308 bytes).
    Removing filteringfunctions.o(i.arm_conv_partial_opt_q7), (914 bytes).
    Removing filteringfunctions.o(i.arm_conv_partial_q15), (128 bytes).
    Removing filteringfunctions.o(i.arm_conv_partial_q31), (120 bytes).
    Removing filteringfunctions.o(i.arm_conv_partial_q7), (98 bytes).
    Removing filteringfunctions.o(i.arm_conv_q15), (108 bytes).
    Removing filteringfunctions.o(i.arm_conv_q31), (428 bytes).
    Removing filteringfunctions.o(i.arm_conv_q7), (406 bytes).
    Removing filteringfunctions.o(i.arm_correlate_f32), (162 bytes).
    Removing filteringfunctions.o(i.arm_correlate_fast_opt_q15), (248 bytes).
    Removing filteringfunctions.o(i.arm_correlate_fast_q15), (1460 bytes).
    Removing filteringfunctions.o(i.arm_correlate_fast_q31), (1190 bytes).
    Removing filteringfunctions.o(i.arm_correlate_opt_q15), (280 bytes).
    Removing filteringfunctions.o(i.arm_correlate_opt_q7), (860 bytes).
    Removing filteringfunctions.o(i.arm_correlate_q15), (212 bytes).
    Removing filteringfunctions.o(i.arm_correlate_q31), (472 bytes).
    Removing filteringfunctions.o(i.arm_correlate_q7), (442 bytes).
    Removing filteringfunctions.o(i.arm_fir_decimate_f32), (160 bytes).
    Removing filteringfunctions.o(i.arm_fir_decimate_fast_q15), (404 bytes).
    Removing filteringfunctions.o(i.arm_fir_decimate_fast_q31), (162 bytes).
    Removing filteringfunctions.o(i.arm_fir_decimate_init_f32), (60 bytes).
    Removing filteringfunctions.o(i.arm_fir_decimate_init_q15), (58 bytes).
    Removing filteringfunctions.o(i.arm_fir_decimate_init_q31), (60 bytes).
    Removing filteringfunctions.o(i.arm_fir_decimate_q15), (452 bytes).
    Removing filteringfunctions.o(i.arm_fir_decimate_q31), (174 bytes).
    Removing filteringfunctions.o(i.arm_fir_f32), (134 bytes).
    Removing filteringfunctions.o(i.arm_fir_fast_q15), (160 bytes).
    Removing filteringfunctions.o(i.arm_fir_fast_q31), (164 bytes).
    Removing filteringfunctions.o(i.arm_fir_init_f32), (28 bytes).
    Removing filteringfunctions.o(i.arm_fir_init_q15), (30 bytes).
    Removing filteringfunctions.o(i.arm_fir_init_q31), (28 bytes).
    Removing filteringfunctions.o(i.arm_fir_init_q7), (26 bytes).
    Removing filteringfunctions.o(i.arm_fir_interpolate_f32), (182 bytes).
    Removing filteringfunctions.o(i.arm_fir_interpolate_init_f32), (52 bytes).
    Removing filteringfunctions.o(i.arm_fir_interpolate_init_q15), (56 bytes).
    Removing filteringfunctions.o(i.arm_fir_interpolate_init_q31), (52 bytes).
    Removing filteringfunctions.o(i.arm_fir_interpolate_q15), (228 bytes).
    Removing filteringfunctions.o(i.arm_fir_interpolate_q31), (198 bytes).
    Removing filteringfunctions.o(i.arm_fir_lattice_f32), (144 bytes).
    Removing filteringfunctions.o(i.arm_fir_lattice_init_f32), (22 bytes).
    Removing filteringfunctions.o(i.arm_fir_lattice_init_q15), (22 bytes).
    Removing filteringfunctions.o(i.arm_fir_lattice_init_q31), (22 bytes).
    Removing filteringfunctions.o(i.arm_fir_lattice_q15), (228 bytes).
    Removing filteringfunctions.o(i.arm_fir_lattice_q31), (132 bytes).
    Removing filteringfunctions.o(i.arm_fir_q15), (200 bytes).
    Removing filteringfunctions.o(i.arm_fir_q31), (154 bytes).
    Removing filteringfunctions.o(i.arm_fir_q7), (146 bytes).
    Removing filteringfunctions.o(i.arm_fir_sparse_f32), (520 bytes).
    Removing filteringfunctions.o(i.arm_fir_sparse_init_f32), (38 bytes).
    Removing filteringfunctions.o(i.arm_fir_sparse_init_q15), (38 bytes).
    Removing filteringfunctions.o(i.arm_fir_sparse_init_q31), (38 bytes).
    Removing filteringfunctions.o(i.arm_fir_sparse_init_q7), (34 bytes).
    Removing filteringfunctions.o(i.arm_fir_sparse_q15), (548 bytes).
    Removing filteringfunctions.o(i.arm_fir_sparse_q31), (536 bytes).
    Removing filteringfunctions.o(i.arm_fir_sparse_q7), (520 bytes).
    Removing filteringfunctions.o(i.arm_iir_lattice_f32), (200 bytes).
    Removing filteringfunctions.o(i.arm_iir_lattice_init_f32), (28 bytes).
    Removing filteringfunctions.o(i.arm_iir_lattice_init_q15), (28 bytes).
    Removing filteringfunctions.o(i.arm_iir_lattice_init_q31), (28 bytes).
    Removing filteringfunctions.o(i.arm_iir_lattice_q15), (260 bytes).
    Removing filteringfunctions.o(i.arm_iir_lattice_q31), (272 bytes).
    Removing filteringfunctions.o(i.arm_lms_f32), (206 bytes).
    Removing filteringfunctions.o(i.arm_lms_init_f32), (32 bytes).
    Removing filteringfunctions.o(i.arm_lms_init_q15), (36 bytes).
    Removing filteringfunctions.o(i.arm_lms_init_q31), (36 bytes).
    Removing filteringfunctions.o(i.arm_lms_norm_f32), (274 bytes).
    Removing filteringfunctions.o(i.arm_lms_norm_init_f32), (38 bytes).
    Removing filteringfunctions.o(i.arm_lms_norm_init_q15), (52 bytes).
    Removing filteringfunctions.o(i.arm_lms_norm_init_q31), (52 bytes).
    Removing filteringfunctions.o(i.arm_lms_norm_q15), (448 bytes).
    Removing filteringfunctions.o(i.arm_lms_norm_q31), (460 bytes).
    Removing filteringfunctions.o(i.arm_lms_q15), (288 bytes).
    Removing filteringfunctions.o(i.arm_lms_q31), (272 bytes).
    Removing matrixfunctions.o(.rev16_text), (4 bytes).
    Removing matrixfunctions.o(.revsh_text), (4 bytes).
    Removing matrixfunctions.o(i.arm_mat_add_f32), (36 bytes).
    Removing matrixfunctions.o(i.arm_mat_add_q15), (68 bytes).
    Removing matrixfunctions.o(i.arm_mat_add_q31), (60 bytes).
    Removing matrixfunctions.o(i.arm_mat_cmplx_mult_f32), (226 bytes).
    Removing matrixfunctions.o(i.arm_mat_cmplx_mult_q15), (508 bytes).
    Removing matrixfunctions.o(i.arm_mat_cmplx_mult_q31), (288 bytes).
    Removing matrixfunctions.o(i.arm_mat_init_f32), (8 bytes).
    Removing matrixfunctions.o(i.arm_mat_init_q15), (8 bytes).
    Removing matrixfunctions.o(i.arm_mat_init_q31), (8 bytes).
    Removing matrixfunctions.o(i.arm_mat_inverse_f32), (496 bytes).
    Removing matrixfunctions.o(i.arm_mat_inverse_f64), (628 bytes).
    Removing matrixfunctions.o(i.arm_mat_mult_f32), (152 bytes).
    Removing matrixfunctions.o(i.arm_mat_mult_fast_q15), (282 bytes).
    Removing matrixfunctions.o(i.arm_mat_mult_fast_q31), (540 bytes).
    Removing matrixfunctions.o(i.arm_mat_mult_q15), (180 bytes).
    Removing matrixfunctions.o(i.arm_mat_mult_q31), (168 bytes).
    Removing matrixfunctions.o(i.arm_mat_scale_f32), (38 bytes).
    Removing matrixfunctions.o(i.arm_mat_scale_q15), (64 bytes).
    Removing matrixfunctions.o(i.arm_mat_scale_q31), (64 bytes).
    Removing matrixfunctions.o(i.arm_mat_sub_f32), (36 bytes).
    Removing matrixfunctions.o(i.arm_mat_sub_q15), (68 bytes).
    Removing matrixfunctions.o(i.arm_mat_sub_q31), (60 bytes).
    Removing matrixfunctions.o(i.arm_mat_trans_f32), (46 bytes).
    Removing matrixfunctions.o(i.arm_mat_trans_q15), (50 bytes).
    Removing matrixfunctions.o(i.arm_mat_trans_q31), (46 bytes).
    Removing svmfunctions.o(.rev16_text), (4 bytes).
    Removing svmfunctions.o(.revsh_text), (4 bytes).
    Removing svmfunctions.o(i.arm_svm_linear_init_f32), (10 bytes).
    Removing svmfunctions.o(i.arm_svm_linear_predict_f32), (118 bytes).
    Removing svmfunctions.o(i.arm_svm_polynomial_init_f32), (28 bytes).
    Removing svmfunctions.o(i.arm_svm_polynomial_predict_f32), (158 bytes).
    Removing svmfunctions.o(i.arm_svm_rbf_init_f32), (10 bytes).
    Removing svmfunctions.o(i.arm_svm_rbf_predict_f32), (138 bytes).
    Removing svmfunctions.o(i.arm_svm_sigmoid_init_f32), (14 bytes).
    Removing svmfunctions.o(i.arm_svm_sigmoid_predict_f32), (134 bytes).
    Removing statisticsfunctions.o(.rev16_text), (4 bytes).
    Removing statisticsfunctions.o(.revsh_text), (4 bytes).
    Removing statisticsfunctions.o(i.arm_entropy_f32), (46 bytes).
    Removing statisticsfunctions.o(i.arm_entropy_f64), (68 bytes).
    Removing statisticsfunctions.o(i.arm_kullback_leibler_f32), (56 bytes).
    Removing statisticsfunctions.o(i.arm_kullback_leibler_f64), (74 bytes).
    Removing statisticsfunctions.o(i.arm_logsumexp_dot_prod_f32), (24 bytes).
    Removing statisticsfunctions.o(i.arm_logsumexp_f32), (80 bytes).
    Removing statisticsfunctions.o(i.arm_max_no_idx_f32), (40 bytes).
    Removing statisticsfunctions.o(i.arm_max_q15), (38 bytes).
    Removing statisticsfunctions.o(i.arm_max_q31), (32 bytes).
    Removing statisticsfunctions.o(i.arm_max_q7), (38 bytes).
    Removing statisticsfunctions.o(i.arm_mean_f32), (48 bytes).
    Removing statisticsfunctions.o(i.arm_mean_q15), (34 bytes).
    Removing statisticsfunctions.o(i.arm_mean_q31), (38 bytes).
    Removing statisticsfunctions.o(i.arm_mean_q7), (34 bytes).
    Removing statisticsfunctions.o(i.arm_min_f32), (50 bytes).
    Removing statisticsfunctions.o(i.arm_min_q15), (38 bytes).
    Removing statisticsfunctions.o(i.arm_min_q31), (32 bytes).
    Removing statisticsfunctions.o(i.arm_min_q7), (38 bytes).
    Removing statisticsfunctions.o(i.arm_power_f32), (38 bytes).
    Removing statisticsfunctions.o(i.arm_power_q15), (34 bytes).
    Removing statisticsfunctions.o(i.arm_power_q31), (46 bytes).
    Removing statisticsfunctions.o(i.arm_power_q7), (26 bytes).
    Removing statisticsfunctions.o(i.arm_rms_f32), (68 bytes).
    Removing statisticsfunctions.o(i.arm_rms_q15), (80 bytes).
    Removing statisticsfunctions.o(i.arm_rms_q31), (76 bytes).
    Removing statisticsfunctions.o(i.arm_std_f32), (32 bytes).
    Removing statisticsfunctions.o(i.arm_std_q15), (124 bytes).
    Removing statisticsfunctions.o(i.arm_std_q31), (146 bytes).
    Removing statisticsfunctions.o(i.arm_var_f32), (122 bytes).
    Removing statisticsfunctions.o(i.arm_var_q15), (90 bytes).
    Removing statisticsfunctions.o(i.arm_var_q31), (140 bytes).
    Removing supportfunctions.o(.rev16_text), (4 bytes).
    Removing supportfunctions.o(.revsh_text), (4 bytes).
    Removing supportfunctions.o(i.arm_barycenter_f32), (114 bytes).
    Removing supportfunctions.o(i.arm_bitonic_sort_core_f32), (136 bytes).
    Removing supportfunctions.o(i.arm_bitonic_sort_f32), (70 bytes).
    Removing supportfunctions.o(i.arm_bubble_sort_f32), (106 bytes).
    Removing supportfunctions.o(i.arm_copy_f32), (14 bytes).
    Removing supportfunctions.o(i.arm_copy_q15), (18 bytes).
    Removing supportfunctions.o(i.arm_copy_q31), (14 bytes).
    Removing supportfunctions.o(i.arm_copy_q7), (18 bytes).
    Removing supportfunctions.o(i.arm_fill_f32), (12 bytes).
    Removing supportfunctions.o(i.arm_fill_q15), (14 bytes).
    Removing supportfunctions.o(i.arm_fill_q31), (12 bytes).
    Removing supportfunctions.o(i.arm_fill_q7), (14 bytes).
    Removing supportfunctions.o(i.arm_float_to_q15), (60 bytes).
    Removing supportfunctions.o(i.arm_float_to_q31), (52 bytes).
    Removing supportfunctions.o(i.arm_float_to_q7), (54 bytes).
    Removing supportfunctions.o(i.arm_heap_sort_f32), (74 bytes).
    Removing supportfunctions.o(i.arm_heapify), (120 bytes).
    Removing supportfunctions.o(i.arm_insertion_sort_f32), (96 bytes).
    Removing supportfunctions.o(i.arm_merge_sort_core_f32), (140 bytes).
    Removing supportfunctions.o(i.arm_merge_sort_f32), (60 bytes).
    Removing supportfunctions.o(i.arm_merge_sort_init_f32), (6 bytes).
    Removing supportfunctions.o(i.arm_q15_to_float), (40 bytes).
    Removing supportfunctions.o(i.arm_q15_to_q31), (18 bytes).
    Removing supportfunctions.o(i.arm_q15_to_q7), (20 bytes).
    Removing supportfunctions.o(i.arm_q31_to_float), (36 bytes).
    Removing supportfunctions.o(i.arm_q31_to_q15), (18 bytes).
    Removing supportfunctions.o(i.arm_q31_to_q7), (18 bytes).
    Removing supportfunctions.o(i.arm_q7_to_float), (40 bytes).
    Removing supportfunctions.o(i.arm_q7_to_q15), (20 bytes).
    Removing supportfunctions.o(i.arm_q7_to_q31), (18 bytes).
    Removing supportfunctions.o(i.arm_quick_sort_core_f32), (50 bytes).
    Removing supportfunctions.o(i.arm_quick_sort_f32), (38 bytes).
    Removing supportfunctions.o(i.arm_quick_sort_partition_f32), (126 bytes).
    Removing supportfunctions.o(i.arm_selection_sort_f32), (102 bytes).
    Removing supportfunctions.o(i.arm_sort_f32), (68 bytes).
    Removing supportfunctions.o(i.arm_sort_init_f32), (6 bytes).
    Removing supportfunctions.o(i.arm_spline_f32), (318 bytes).
    Removing supportfunctions.o(i.arm_spline_init_f32), (500 bytes).
    Removing supportfunctions.o(i.arm_weighted_sum_f32), (64 bytes).
    Removing transformfunctions.o(.rev16_text), (4 bytes).
    Removing transformfunctions.o(.revsh_text), (4 bytes).
    Removing transformfunctions.o(i.arm_bitreversal_16), (52 bytes).
    Removing transformfunctions.o(i.arm_bitreversal_32), (50 bytes).
    Removing transformfunctions.o(i.arm_bitreversal_64), (114 bytes).
    Removing transformfunctions.o(i.arm_bitreversal_f32), (184 bytes).
    Removing transformfunctions.o(i.arm_bitreversal_q15), (120 bytes).
    Removing transformfunctions.o(i.arm_bitreversal_q31), (182 bytes).
    Removing transformfunctions.o(i.arm_cfft_f32), (206 bytes).
    Removing transformfunctions.o(i.arm_cfft_f64), (220 bytes).
    Removing transformfunctions.o(i.arm_cfft_init_f32), (160 bytes).
    Removing transformfunctions.o(i.arm_cfft_init_f64), (160 bytes).
    Removing transformfunctions.o(i.arm_cfft_init_q15), (160 bytes).
    Removing transformfunctions.o(i.arm_cfft_init_q31), (160 bytes).
    Removing transformfunctions.o(i.arm_cfft_q15), (174 bytes).
    Removing transformfunctions.o(i.arm_cfft_q31), (178 bytes).
    Removing transformfunctions.o(i.arm_cfft_radix2_f32), (56 bytes).
    Removing transformfunctions.o(i.arm_cfft_radix2_init_f32), (252 bytes).
    Removing transformfunctions.o(i.arm_cfft_radix2_init_q15), (200 bytes).
    Removing transformfunctions.o(i.arm_cfft_radix2_init_q31), (200 bytes).
    Removing transformfunctions.o(i.arm_cfft_radix2_q15), (44 bytes).
    Removing transformfunctions.o(i.arm_cfft_radix2_q31), (44 bytes).
    Removing transformfunctions.o(i.arm_cfft_radix4_f32), (56 bytes).
    Removing transformfunctions.o(i.arm_cfft_radix4_init_f32), (160 bytes).
    Removing transformfunctions.o(i.arm_cfft_radix4_init_q15), (128 bytes).
    Removing transformfunctions.o(i.arm_cfft_radix4_init_q31), (128 bytes).
    Removing transformfunctions.o(i.arm_cfft_radix4_q15), (50 bytes).
    Removing transformfunctions.o(i.arm_cfft_radix4_q31), (50 bytes).
    Removing transformfunctions.o(i.arm_cfft_radix4by2_f64), (296 bytes).
    Removing transformfunctions.o(i.arm_cfft_radix4by2_inverse_q15), (208 bytes).
    Removing transformfunctions.o(i.arm_cfft_radix4by2_inverse_q31), (270 bytes).
    Removing transformfunctions.o(i.arm_cfft_radix4by2_q15), (208 bytes).
    Removing transformfunctions.o(i.arm_cfft_radix4by2_q31), (266 bytes).
    Removing transformfunctions.o(i.arm_cfft_radix8by2_f32), (592 bytes).
    Removing transformfunctions.o(i.arm_cfft_radix8by4_f32), (1714 bytes).
    Removing transformfunctions.o(i.arm_dct4_f32), (160 bytes).
    Removing transformfunctions.o(i.arm_dct4_init_f32), (140 bytes).
    Removing transformfunctions.o(i.arm_dct4_init_q15), (136 bytes).
    Removing transformfunctions.o(i.arm_dct4_init_q31), (136 bytes).
    Removing transformfunctions.o(i.arm_dct4_q15), (180 bytes).
    Removing transformfunctions.o(i.arm_dct4_q31), (166 bytes).
    Removing transformfunctions.o(i.arm_radix2_butterfly_f32), (246 bytes).
    Removing transformfunctions.o(i.arm_radix2_butterfly_inverse_f32), (386 bytes).
    Removing transformfunctions.o(i.arm_radix2_butterfly_inverse_q15), (420 bytes).
    Removing transformfunctions.o(i.arm_radix2_butterfly_inverse_q31), (556 bytes).
    Removing transformfunctions.o(i.arm_radix2_butterfly_q15), (432 bytes).
    Removing transformfunctions.o(i.arm_radix2_butterfly_q31), (574 bytes).
    Removing transformfunctions.o(i.arm_radix4_butterfly_f32), (554 bytes).
    Removing transformfunctions.o(i.arm_radix4_butterfly_f64), (742 bytes).
    Removing transformfunctions.o(i.arm_radix4_butterfly_inverse_f32), (896 bytes).
    Removing transformfunctions.o(i.arm_radix4_butterfly_inverse_q15), (1892 bytes).
    Removing transformfunctions.o(i.arm_radix4_butterfly_inverse_q31), (1046 bytes).
    Removing transformfunctions.o(i.arm_radix4_butterfly_q15), (1856 bytes).
    Removing transformfunctions.o(i.arm_radix4_butterfly_q31), (1046 bytes).
    Removing transformfunctions.o(i.arm_radix8_butterfly_f32), (2196 bytes).
    Removing transformfunctions.o(i.arm_rfft_1024_fast_init_f32), (44 bytes).
    Removing transformfunctions.o(i.arm_rfft_1024_fast_init_f64), (56 bytes).
    Removing transformfunctions.o(i.arm_rfft_128_fast_init_f32), (40 bytes).
    Removing transformfunctions.o(i.arm_rfft_128_fast_init_f64), (52 bytes).
    Removing transformfunctions.o(i.arm_rfft_2048_fast_init_f32), (44 bytes).
    Removing transformfunctions.o(i.arm_rfft_2048_fast_init_f64), (56 bytes).
    Removing transformfunctions.o(i.arm_rfft_256_fast_init_f32), (40 bytes).
    Removing transformfunctions.o(i.arm_rfft_256_fast_init_f64), (52 bytes).
    Removing transformfunctions.o(i.arm_rfft_32_fast_init_f32), (40 bytes).
    Removing transformfunctions.o(i.arm_rfft_32_fast_init_f64), (52 bytes).
    Removing transformfunctions.o(i.arm_rfft_4096_fast_init_f32), (44 bytes).
    Removing transformfunctions.o(i.arm_rfft_4096_fast_init_f64), (56 bytes).
    Removing transformfunctions.o(i.arm_rfft_512_fast_init_f32), (44 bytes).
    Removing transformfunctions.o(i.arm_rfft_512_fast_init_f64), (52 bytes).
    Removing transformfunctions.o(i.arm_rfft_64_fast_init_f32), (40 bytes).
    Removing transformfunctions.o(i.arm_rfft_64_fast_init_f64), (52 bytes).
    Removing transformfunctions.o(i.arm_rfft_f32), (122 bytes).
    Removing transformfunctions.o(i.arm_rfft_fast_f32), (50 bytes).
    Removing transformfunctions.o(i.arm_rfft_fast_f64), (62 bytes).
    Removing transformfunctions.o(i.arm_rfft_fast_init_f32), (140 bytes).
    Removing transformfunctions.o(i.arm_rfft_fast_init_f64), (140 bytes).
    Removing transformfunctions.o(i.arm_rfft_init_f32), (120 bytes).
    Removing transformfunctions.o(i.arm_rfft_init_q15), (212 bytes).
    Removing transformfunctions.o(i.arm_rfft_init_q31), (212 bytes).
    Removing transformfunctions.o(i.arm_rfft_q15), (104 bytes).
    Removing transformfunctions.o(i.arm_rfft_q31), (104 bytes).
    Removing transformfunctions.o(i.arm_split_rfft_f32), (290 bytes).
    Removing transformfunctions.o(i.arm_split_rfft_q15), (242 bytes).
    Removing transformfunctions.o(i.arm_split_rfft_q31), (388 bytes).
    Removing transformfunctions.o(i.arm_split_rifft_f32), (196 bytes).
    Removing transformfunctions.o(i.arm_split_rifft_q15), (162 bytes).
    Removing transformfunctions.o(i.arm_split_rifft_q31), (282 bytes).
    Removing transformfunctions.o(i.merge_rfft_f32), (242 bytes).
    Removing transformfunctions.o(i.merge_rfft_f64), (318 bytes).
    Removing transformfunctions.o(i.stage_rfft_f32), (256 bytes).
    Removing transformfunctions.o(i.stage_rfft_f64), (348 bytes).
    Removing dadd.o(.text), (356 bytes).
    Removing dmul.o(.text), (208 bytes).
    Removing ddiv.o(.text), (240 bytes).
    Removing dscalb.o(.text), (44 bytes).
    Removing ffltui.o(.text), (14 bytes).
    Removing dfltui.o(.text), (28 bytes).
    Removing ffixi.o(.text), (50 bytes).
    Removing ffixui.o(.text), (40 bytes).
    Removing ffixl.o(.text), (64 bytes).
    Removing f2d.o(.text), (40 bytes).
    Removing cdcmple.o(.text), (40 bytes).
    Removing d2f.o(.text), (56 bytes).
    Removing cfrcmple.o(.text), (20 bytes).
    Removing fsqrt.o(.text), (88 bytes).
    Removing frnd.o(.text), (62 bytes).
    Removing depilogue.o(.text), (190 bytes).
    Removing dflti.o(.text), (40 bytes).
    Removing dfixul.o(.text), (64 bytes).
    Removing ffixir.o(.text), (76 bytes).
    Removing cdrcmple.o(.text), (40 bytes).
    Removing fpstat.o(.text), (4 bytes).
    Removing stm32g0xx_hal_tim.o(i.__ARM_common_switch8), (26 bytes).
    Removing basicmathfunctions.o(i.__ARM_common_ll_mulss), (48 bytes).
    Removing fastmathfunctions.o(i.__ARM_clz), (46 bytes).

982 unused section(s) (total 1017510 bytes) removed from the image.

==============================================================================

Image Symbol Table

    Local Symbols

    Symbol Name                              Value     Ov Type        Size  Object(Section)

    ../Core/Src/main.c                       0x00000000   Number         0  main.o ABSOLUTE
    ../Core/Src/stm32g0xx_hal_msp.c          0x00000000   Number         0  stm32g0xx_hal_msp.o ABSOLUTE
    ../Core/Src/stm32g0xx_it.c               0x00000000   Number         0  stm32g0xx_it.o ABSOLUTE
    ../Core/Src/system_stm32g0xx.c           0x00000000   Number         0  system_stm32g0xx.o ABSOLUTE
    ../Drivers/STM32G0xx_HAL_Driver/Src/stm32g0xx_hal.c 0x00000000   Number         0  stm32g0xx_hal.o ABSOLUTE
    ../Drivers/STM32G0xx_HAL_Driver/Src/stm32g0xx_hal_cortex.c 0x00000000   Number         0  stm32g0xx_hal_cortex.o ABSOLUTE
    ../Drivers/STM32G0xx_HAL_Driver/Src/stm32g0xx_hal_dma.c 0x00000000   Number         0  stm32g0xx_hal_dma.o ABSOLUTE
    ../Drivers/STM32G0xx_HAL_Driver/Src/stm32g0xx_hal_dma_ex.c 0x00000000   Number         0  stm32g0xx_hal_dma_ex.o ABSOLUTE
    ../Drivers/STM32G0xx_HAL_Driver/Src/stm32g0xx_hal_exti.c 0x00000000   Number         0  stm32g0xx_hal_exti.o ABSOLUTE
    ../Drivers/STM32G0xx_HAL_Driver/Src/stm32g0xx_hal_flash.c 0x00000000   Number         0  stm32g0xx_hal_flash.o ABSOLUTE
    ../Drivers/STM32G0xx_HAL_Driver/Src/stm32g0xx_hal_flash_ex.c 0x00000000   Number         0  stm32g0xx_hal_flash_ex.o ABSOLUTE
    ../Drivers/STM32G0xx_HAL_Driver/Src/stm32g0xx_hal_gpio.c 0x00000000   Number         0  stm32g0xx_hal_gpio.o ABSOLUTE
    ../Drivers/STM32G0xx_HAL_Driver/Src/stm32g0xx_hal_pwr.c 0x00000000   Number         0  stm32g0xx_hal_pwr.o ABSOLUTE
    ../Drivers/STM32G0xx_HAL_Driver/Src/stm32g0xx_hal_pwr_ex.c 0x00000000   Number         0  stm32g0xx_hal_pwr_ex.o ABSOLUTE
    ../Drivers/STM32G0xx_HAL_Driver/Src/stm32g0xx_hal_rcc.c 0x00000000   Number         0  stm32g0xx_hal_rcc.o ABSOLUTE
    ../Drivers/STM32G0xx_HAL_Driver/Src/stm32g0xx_hal_rcc_ex.c 0x00000000   Number         0  stm32g0xx_hal_rcc_ex.o ABSOLUTE
    ../Drivers/STM32G0xx_HAL_Driver/Src/stm32g0xx_hal_tim.c 0x00000000   Number         0  stm32g0xx_hal_tim.o ABSOLUTE
    ../Drivers/STM32G0xx_HAL_Driver/Src/stm32g0xx_hal_tim_ex.c 0x00000000   Number         0  stm32g0xx_hal_tim_ex.o ABSOLUTE
    ../Drivers/STM32G0xx_HAL_Driver/Src/stm32g0xx_ll_dma.c 0x00000000   Number         0  stm32g0xx_ll_dma.o ABSOLUTE
    ../Drivers/STM32G0xx_HAL_Driver/Src/stm32g0xx_ll_rcc.c 0x00000000   Number         0  stm32g0xx_ll_rcc.o ABSOLUTE
    ../clib/microlib/division.c              0x00000000   Number         0  uidiv.o ABSOLUTE
    ../clib/microlib/division.c              0x00000000   Number         0  uldiv.o ABSOLUTE
    ../clib/microlib/division.c              0x00000000   Number         0  idiv.o ABSOLUTE
    ../clib/microlib/division.c              0x00000000   Number         0  ldiv.o ABSOLUTE
    ../clib/microlib/errno.c                 0x00000000   Number         0  errno.o ABSOLUTE
    ../clib/microlib/init/entry.s            0x00000000   Number         0  entry7b.o ABSOLUTE
    ../clib/microlib/init/entry.s            0x00000000   Number         0  entry11a.o ABSOLUTE
    ../clib/microlib/init/entry.s            0x00000000   Number         0  entry7a.o ABSOLUTE
    ../clib/microlib/init/entry.s            0x00000000   Number         0  entry5.o ABSOLUTE
    ../clib/microlib/init/entry.s            0x00000000   Number         0  entry.o ABSOLUTE
    ../clib/microlib/init/entry.s            0x00000000   Number         0  entry11b.o ABSOLUTE
    ../clib/microlib/init/entry.s            0x00000000   Number         0  entry10b.o ABSOLUTE
    ../clib/microlib/init/entry.s            0x00000000   Number         0  entry10a.o ABSOLUTE
    ../clib/microlib/init/entry.s            0x00000000   Number         0  entry9b.o ABSOLUTE
    ../clib/microlib/init/entry.s            0x00000000   Number         0  entry9a.o ABSOLUTE
    ../clib/microlib/init/entry.s            0x00000000   Number         0  entry8b.o ABSOLUTE
    ../clib/microlib/init/entry.s            0x00000000   Number         0  entry8a.o ABSOLUTE
    ../clib/microlib/init/entry.s            0x00000000   Number         0  entry2.o ABSOLUTE
    ../clib/microlib/longlong.c              0x00000000   Number         0  llsshr.o ABSOLUTE
    ../clib/microlib/longlong.c              0x00000000   Number         0  llshl.o ABSOLUTE
    ../clib/microlib/longlong.c              0x00000000   Number         0  llmul.o ABSOLUTE
    ../clib/microlib/longlong.c              0x00000000   Number         0  llushr.o ABSOLUTE
    ../clib/microlib/printf/printf.c         0x00000000   Number         0  printf3.o ABSOLUTE
    ../clib/microlib/printf/printf.c         0x00000000   Number         0  printfb.o ABSOLUTE
    ../clib/microlib/printf/printf.c         0x00000000   Number         0  printf6.o ABSOLUTE
    ../clib/microlib/printf/printf.c         0x00000000   Number         0  printfa.o ABSOLUTE
    ../clib/microlib/printf/printf.c         0x00000000   Number         0  printf8.o ABSOLUTE
    ../clib/microlib/printf/printf.c         0x00000000   Number         0  printf7.o ABSOLUTE
    ../clib/microlib/printf/printf.c         0x00000000   Number         0  printf5.o ABSOLUTE
    ../clib/microlib/printf/printf.c         0x00000000   Number         0  printf4.o ABSOLUTE
    ../clib/microlib/printf/printf.c         0x00000000   Number         0  printf0.o ABSOLUTE
    ../clib/microlib/printf/printf.c         0x00000000   Number         0  printf2.o ABSOLUTE
    ../clib/microlib/printf/printf.c         0x00000000   Number         0  printf1.o ABSOLUTE
    ../clib/microlib/printf/stubs.s          0x00000000   Number         0  stubs.o ABSOLUTE
    ../clib/microlib/stdio/fputc.c           0x00000000   Number         0  fputc.o ABSOLUTE
    ../clib/microlib/stdio/semi.s            0x00000000   Number         0  semi.o ABSOLUTE
    ../clib/microlib/stdio/streams.c         0x00000000   Number         0  stdout.o ABSOLUTE
    ../clib/microlib/string/memcpy.c         0x00000000   Number         0  memcpya.o ABSOLUTE
    ../clib/microlib/string/memcpy.c         0x00000000   Number         0  memcpyb.o ABSOLUTE
    ../clib/microlib/string/memset.c         0x00000000   Number         0  memseta.o ABSOLUTE
    ../clib/microlib/stubs.s                 0x00000000   Number         0  iusesemip.o ABSOLUTE
    ../clib/microlib/stubs.s                 0x00000000   Number         0  iusefp.o ABSOLUTE
    ../fplib/microlib/d2f.c                  0x00000000   Number         0  d2f.o ABSOLUTE
    ../fplib/microlib/f2d.c                  0x00000000   Number         0  f2d.o ABSOLUTE
    ../fplib/microlib/fpadd.c                0x00000000   Number         0  fadd.o ABSOLUTE
    ../fplib/microlib/fpadd.c                0x00000000   Number         0  dadd.o ABSOLUTE
    ../fplib/microlib/fpdiv.c                0x00000000   Number         0  fdiv.o ABSOLUTE
    ../fplib/microlib/fpdiv.c                0x00000000   Number         0  ddiv.o ABSOLUTE
    ../fplib/microlib/fpepilogue.c           0x00000000   Number         0  fepilogue.o ABSOLUTE
    ../fplib/microlib/fpepilogue.c           0x00000000   Number         0  depilogue.o ABSOLUTE
    ../fplib/microlib/fpfix.c                0x00000000   Number         0  ffixui.o ABSOLUTE
    ../fplib/microlib/fpfix.c                0x00000000   Number         0  ffixi.o ABSOLUTE
    ../fplib/microlib/fpfix.c                0x00000000   Number         0  dfixul.o ABSOLUTE
    ../fplib/microlib/fpfix.c                0x00000000   Number         0  ffixir.o ABSOLUTE
    ../fplib/microlib/fpfix.c                0x00000000   Number         0  ffixl.o ABSOLUTE
    ../fplib/microlib/fpflt.c                0x00000000   Number         0  dfltui.o ABSOLUTE
    ../fplib/microlib/fpflt.c                0x00000000   Number         0  ffltui.o ABSOLUTE
    ../fplib/microlib/fpflt.c                0x00000000   Number         0  fflti.o ABSOLUTE
    ../fplib/microlib/fpflt.c                0x00000000   Number         0  dflti.o ABSOLUTE
    ../fplib/microlib/fpmul.c                0x00000000   Number         0  dmul.o ABSOLUTE
    ../fplib/microlib/fpmul.c                0x00000000   Number         0  fmul.o ABSOLUTE
    ../fplib/microlib/fprnd.c                0x00000000   Number         0  frnd.o ABSOLUTE
    ../fplib/microlib/fpscalb.c              0x00000000   Number         0  dscalb.o ABSOLUTE
    ../fplib/microlib/fpscalb.c              0x00000000   Number         0  fscalb.o ABSOLUTE
    ../fplib/microlib/fpsqrt.c               0x00000000   Number         0  fsqrt.o ABSOLUTE
    ../fplib/microlib/fpstat.c               0x00000000   Number         0  fpstat.o ABSOLUTE
    ../mathlib/dunder.c                      0x00000000   Number         0  dunder.o ABSOLUTE
    ../mathlib/expf.c                        0x00000000   Number         0  expf.o ABSOLUTE
    ../mathlib/expf.c                        0x00000000   Number         0  expf_x.o ABSOLUTE
    ../mathlib/fpclassifyf.c                 0x00000000   Number         0  fpclassifyf.o ABSOLUTE
    ../mathlib/funder.c                      0x00000000   Number         0  funder.o ABSOLUTE
    ../mathlib/log.c                         0x00000000   Number         0  log_x.o ABSOLUTE
    ../mathlib/log.c                         0x00000000   Number         0  log.o ABSOLUTE
    ../mathlib/logf.c                        0x00000000   Number         0  logf_x.o ABSOLUTE
    ../mathlib/logf.c                        0x00000000   Number         0  logf.o ABSOLUTE
    ../mathlib/poly.c                        0x00000000   Number         0  poly.o ABSOLUTE
    ../mathlib/powf.c                        0x00000000   Number         0  powf_x.o ABSOLUTE
    ../mathlib/powf.c                        0x00000000   Number         0  powf.o ABSOLUTE
    ../mathlib/qnan.c                        0x00000000   Number         0  qnan.o ABSOLUTE
    ../mathlib/sqrtf.c                       0x00000000   Number         0  sqrtf_x.o ABSOLUTE
    ../mathlib/sqrtf.c                       0x00000000   Number         0  sqrtf.o ABSOLUTE
    ../mathlib/tanhf.c                       0x00000000   Number         0  tanhf_x.o ABSOLUTE
    ../mathlib/tanhf.c                       0x00000000   Number         0  tanhf.o ABSOLUTE
    ..\Core\Src\main.c                       0x00000000   Number         0  main.o ABSOLUTE
    ..\Core\Src\stm32g0xx_hal_msp.c          0x00000000   Number         0  stm32g0xx_hal_msp.o ABSOLUTE
    ..\Core\Src\stm32g0xx_it.c               0x00000000   Number         0  stm32g0xx_it.o ABSOLUTE
    ..\Core\Src\system_stm32g0xx.c           0x00000000   Number         0  system_stm32g0xx.o ABSOLUTE
    ..\Drivers\STM32G0xx_HAL_Driver\Src\stm32g0xx_hal.c 0x00000000   Number         0  stm32g0xx_hal.o ABSOLUTE
    ..\Drivers\STM32G0xx_HAL_Driver\Src\stm32g0xx_hal_cortex.c 0x00000000   Number         0  stm32g0xx_hal_cortex.o ABSOLUTE
    ..\Drivers\STM32G0xx_HAL_Driver\Src\stm32g0xx_hal_dma.c 0x00000000   Number         0  stm32g0xx_hal_dma.o ABSOLUTE
    ..\Drivers\STM32G0xx_HAL_Driver\Src\stm32g0xx_hal_dma_ex.c 0x00000000   Number         0  stm32g0xx_hal_dma_ex.o ABSOLUTE
    ..\Drivers\STM32G0xx_HAL_Driver\Src\stm32g0xx_hal_exti.c 0x00000000   Number         0  stm32g0xx_hal_exti.o ABSOLUTE
    ..\Drivers\STM32G0xx_HAL_Driver\Src\stm32g0xx_hal_flash.c 0x00000000   Number         0  stm32g0xx_hal_flash.o ABSOLUTE
    ..\Drivers\STM32G0xx_HAL_Driver\Src\stm32g0xx_hal_flash_ex.c 0x00000000   Number         0  stm32g0xx_hal_flash_ex.o ABSOLUTE
    ..\Drivers\STM32G0xx_HAL_Driver\Src\stm32g0xx_hal_gpio.c 0x00000000   Number         0  stm32g0xx_hal_gpio.o ABSOLUTE
    ..\Drivers\STM32G0xx_HAL_Driver\Src\stm32g0xx_hal_pwr.c 0x00000000   Number         0  stm32g0xx_hal_pwr.o ABSOLUTE
    ..\Drivers\STM32G0xx_HAL_Driver\Src\stm32g0xx_hal_pwr_ex.c 0x00000000   Number         0  stm32g0xx_hal_pwr_ex.o ABSOLUTE
    ..\Drivers\STM32G0xx_HAL_Driver\Src\stm32g0xx_hal_rcc.c 0x00000000   Number         0  stm32g0xx_hal_rcc.o ABSOLUTE
    ..\Drivers\STM32G0xx_HAL_Driver\Src\stm32g0xx_hal_rcc_ex.c 0x00000000   Number         0  stm32g0xx_hal_rcc_ex.o ABSOLUTE
    ..\Drivers\STM32G0xx_HAL_Driver\Src\stm32g0xx_hal_tim.c 0x00000000   Number         0  stm32g0xx_hal_tim.o ABSOLUTE
    ..\Drivers\STM32G0xx_HAL_Driver\Src\stm32g0xx_hal_tim_ex.c 0x00000000   Number         0  stm32g0xx_hal_tim_ex.o ABSOLUTE
    C:\\users\\vinodantony\\Local Settings\\Application Data\\Arm\\Packs\\ARM\\CMSIS\\5.7.0\\CMSIS\\DSP\\Source\\BasicMathFunctions\\BasicMathFunctions.c 0x00000000   Number         0  basicmathfunctions.o ABSOLUTE
    C:\\users\\vinodantony\\Local Settings\\Application Data\\Arm\\Packs\\ARM\\CMSIS\\5.7.0\\CMSIS\\DSP\\Source\\BayesFunctions\\BayesFunctions.c 0x00000000   Number         0  bayesfunctions.o ABSOLUTE
    C:\\users\\vinodantony\\Local Settings\\Application Data\\Arm\\Packs\\ARM\\CMSIS\\5.7.0\\CMSIS\\DSP\\Source\\CommonTables\\CommonTables.c 0x00000000   Number         0  commontables.o ABSOLUTE
    C:\\users\\vinodantony\\Local Settings\\Application Data\\Arm\\Packs\\ARM\\CMSIS\\5.7.0\\CMSIS\\DSP\\Source\\ComplexMathFunctions\\ComplexMathFunctions.c 0x00000000   Number         0  complexmathfunctions.o ABSOLUTE
    C:\\users\\vinodantony\\Local Settings\\Application Data\\Arm\\Packs\\ARM\\CMSIS\\5.7.0\\CMSIS\\DSP\\Source\\ControllerFunctions\\ControllerFunctions.c 0x00000000   Number         0  controllerfunctions.o ABSOLUTE
    C:\\users\\vinodantony\\Local Settings\\Application Data\\Arm\\Packs\\ARM\\CMSIS\\5.7.0\\CMSIS\\DSP\\Source\\DistanceFunctions\\DistanceFunctions.c 0x00000000   Number         0  distancefunctions.o ABSOLUTE
    C:\\users\\vinodantony\\Local Settings\\Application Data\\Arm\\Packs\\ARM\\CMSIS\\5.7.0\\CMSIS\\DSP\\Source\\FastMathFunctions\\FastMathFunctions.c 0x00000000   Number         0  fastmathfunctions.o ABSOLUTE
    C:\\users\\vinodantony\\Local Settings\\Application Data\\Arm\\Packs\\ARM\\CMSIS\\5.7.0\\CMSIS\\DSP\\Source\\FilteringFunctions\\FilteringFunctions.c 0x00000000   Number         0  filteringfunctions.o ABSOLUTE
    C:\\users\\vinodantony\\Local Settings\\Application Data\\Arm\\Packs\\ARM\\CMSIS\\5.7.0\\CMSIS\\DSP\\Source\\MatrixFunctions\\MatrixFunctions.c 0x00000000   Number         0  matrixfunctions.o ABSOLUTE
    C:\\users\\vinodantony\\Local Settings\\Application Data\\Arm\\Packs\\ARM\\CMSIS\\5.7.0\\CMSIS\\DSP\\Source\\SVMFunctions\\SVMFunctions.c 0x00000000   Number         0  svmfunctions.o ABSOLUTE
    C:\\users\\vinodantony\\Local Settings\\Application Data\\Arm\\Packs\\ARM\\CMSIS\\5.7.0\\CMSIS\\DSP\\Source\\StatisticsFunctions\\StatisticsFunctions.c 0x00000000   Number         0  statisticsfunctions.o ABSOLUTE
    C:\\users\\vinodantony\\Local Settings\\Application Data\\Arm\\Packs\\ARM\\CMSIS\\5.7.0\\CMSIS\\DSP\\Source\\SupportFunctions\\SupportFunctions.c 0x00000000   Number         0  supportfunctions.o ABSOLUTE
    C:\\users\\vinodantony\\Local Settings\\Application Data\\Arm\\Packs\\ARM\\CMSIS\\5.7.0\\CMSIS\\DSP\\Source\\TransformFunctions\\TransformFunctions.c 0x00000000   Number         0  transformfunctions.o ABSOLUTE
    C:\users\vinodantony\Local Settings\Application Data\Arm\Packs\ARM\CMSIS\5.7.0\CMSIS\DSP\Source\BasicMathFunctions\BasicMathFunctions.c 0x00000000   Number         0  basicmathfunctions.o ABSOLUTE
    C:\users\vinodantony\Local Settings\Application Data\Arm\Packs\ARM\CMSIS\5.7.0\CMSIS\DSP\Source\BayesFunctions\BayesFunctions.c 0x00000000   Number         0  bayesfunctions.o ABSOLUTE
    C:\users\vinodantony\Local Settings\Application Data\Arm\Packs\ARM\CMSIS\5.7.0\CMSIS\DSP\Source\CommonTables\CommonTables.c 0x00000000   Number         0  commontables.o ABSOLUTE
    C:\users\vinodantony\Local Settings\Application Data\Arm\Packs\ARM\CMSIS\5.7.0\CMSIS\DSP\Source\ComplexMathFunctions\ComplexMathFunctions.c 0x00000000   Number         0  complexmathfunctions.o ABSOLUTE
    C:\users\vinodantony\Local Settings\Application Data\Arm\Packs\ARM\CMSIS\5.7.0\CMSIS\DSP\Source\ControllerFunctions\ControllerFunctions.c 0x00000000   Number         0  controllerfunctions.o ABSOLUTE
    C:\users\vinodantony\Local Settings\Application Data\Arm\Packs\ARM\CMSIS\5.7.0\CMSIS\DSP\Source\DistanceFunctions\DistanceFunctions.c 0x00000000   Number         0  distancefunctions.o ABSOLUTE
    C:\users\vinodantony\Local Settings\Application Data\Arm\Packs\ARM\CMSIS\5.7.0\CMSIS\DSP\Source\FastMathFunctions\FastMathFunctions.c 0x00000000   Number         0  fastmathfunctions.o ABSOLUTE
    C:\users\vinodantony\Local Settings\Application Data\Arm\Packs\ARM\CMSIS\5.7.0\CMSIS\DSP\Source\FilteringFunctions\FilteringFunctions.c 0x00000000   Number         0  filteringfunctions.o ABSOLUTE
    C:\users\vinodantony\Local Settings\Application Data\Arm\Packs\ARM\CMSIS\5.7.0\CMSIS\DSP\Source\MatrixFunctions\MatrixFunctions.c 0x00000000   Number         0  matrixfunctions.o ABSOLUTE
    C:\users\vinodantony\Local Settings\Application Data\Arm\Packs\ARM\CMSIS\5.7.0\CMSIS\DSP\Source\SVMFunctions\SVMFunctions.c 0x00000000   Number         0  svmfunctions.o ABSOLUTE
    C:\users\vinodantony\Local Settings\Application Data\Arm\Packs\ARM\CMSIS\5.7.0\CMSIS\DSP\Source\StatisticsFunctions\StatisticsFunctions.c 0x00000000   Number         0  statisticsfunctions.o ABSOLUTE
    C:\users\vinodantony\Local Settings\Application Data\Arm\Packs\ARM\CMSIS\5.7.0\CMSIS\DSP\Source\SupportFunctions\SupportFunctions.c 0x00000000   Number         0  supportfunctions.o ABSOLUTE
    C:\users\vinodantony\Local Settings\Application Data\Arm\Packs\ARM\CMSIS\5.7.0\CMSIS\DSP\Source\TransformFunctions\TransformFunctions.c 0x00000000   Number         0  transformfunctions.o ABSOLUTE
    cdcmple.s                                0x00000000   Number         0  cdcmple.o ABSOLUTE
    cdrcmple.s                               0x00000000   Number         0  cdrcmple.o ABSOLUTE
    cfcmple.s                                0x00000000   Number         0  cfcmple.o ABSOLUTE
    cfrcmple.s                               0x00000000   Number         0  cfrcmple.o ABSOLUTE
    dc.s                                     0x00000000   Number         0  dc.o ABSOLUTE
    handlers.s                               0x00000000   Number         0  handlers.o ABSOLUTE
    init.s                                   0x00000000   Number         0  init.o ABSOLUTE
    startup_stm32g070xx.s                    0x00000000   Number         0  startup_stm32g070xx.o ABSOLUTE
    RESET                                    0x08000000   Section      184  startup_stm32g070xx.o(RESET)
    .ARM.Collect$$$$00000000                 0x080000b8   Section        0  entry.o(.ARM.Collect$$$$00000000)
    .ARM.Collect$$$$00000001                 0x080000b8   Section        4  entry2.o(.ARM.Collect$$$$00000001)
    .ARM.Collect$$$$00000004                 0x080000bc   Section        4  entry5.o(.ARM.Collect$$$$00000004)
    .ARM.Collect$$$$00000008                 0x080000c0   Section        0  entry7b.o(.ARM.Collect$$$$00000008)
    .ARM.Collect$$$$0000000A                 0x080000c0   Section        0  entry8b.o(.ARM.Collect$$$$0000000A)
    .ARM.Collect$$$$0000000B                 0x080000c0   Section        8  entry9a.o(.ARM.Collect$$$$0000000B)
    .ARM.Collect$$$$0000000D                 0x080000c8   Section        0  entry10a.o(.ARM.Collect$$$$0000000D)
    .ARM.Collect$$$$0000000F                 0x080000c8   Section        0  entry11a.o(.ARM.Collect$$$$0000000F)
    .ARM.Collect$$$$00002712                 0x080000c8   Section        4  entry2.o(.ARM.Collect$$$$00002712)
    __lit__00000000                          0x080000c8   Data           4  entry2.o(.ARM.Collect$$$$00002712)
    .text                                    0x080000cc   Section       28  startup_stm32g070xx.o(.text)
    .text                                    0x080000e8   Section        0  uidiv.o(.text)
    .text                                    0x08000114   Section        0  memseta.o(.text)
    .text                                    0x08000138   Section        0  fadd.o(.text)
    .text                                    0x080001ea   Section        0  fmul.o(.text)
    .text                                    0x08000264   Section        0  fdiv.o(.text)
    .text                                    0x080002e0   Section        0  fscalb.o(.text)
    .text                                    0x080002f8   Section        0  fflti.o(.text)
    .text                                    0x08000310   Section       20  cfcmple.o(.text)
    .text                                    0x08000324   Section        0  iusefp.o(.text)
    .text                                    0x08000324   Section        0  fepilogue.o(.text)
    .text                                    0x080003a8   Section       36  init.o(.text)
    .text                                    0x080003cc   Section        0  semi.o(.text)
    .text                                    0x080003cc   Section        0  iusesemip.o(.text)
    i.HAL_GetTick                            0x080003cc   Section        0  stm32g0xx_hal.o(i.HAL_GetTick)
    i.HAL_IncTick                            0x080003d8   Section        0  stm32g0xx_hal.o(i.HAL_IncTick)
    i.HAL_Init                               0x080003e8   Section        0  stm32g0xx_hal.o(i.HAL_Init)
    i.HAL_InitTick                           0x08000410   Section        0  stm32g0xx_hal.o(i.HAL_InitTick)
    i.HAL_MspInit                            0x08000458   Section        0  stm32g0xx_hal_msp.o(i.HAL_MspInit)
    i.HAL_NVIC_SetPriority                   0x0800048c   Section        0  stm32g0xx_hal_cortex.o(i.HAL_NVIC_SetPriority)
    i.HAL_PWREx_ControlVoltageScaling        0x08000494   Section        0  stm32g0xx_hal_pwr_ex.o(i.HAL_PWREx_ControlVoltageScaling)
    i.HAL_RCC_ClockConfig                    0x080004e0   Section        0  stm32g0xx_hal_rcc.o(i.HAL_RCC_ClockConfig)
    i.HAL_RCC_GetSysClockFreq                0x08000638   Section        0  stm32g0xx_hal_rcc.o(i.HAL_RCC_GetSysClockFreq)
    i.HAL_RCC_OscConfig                      0x080006c4   Section        0  stm32g0xx_hal_rcc.o(i.HAL_RCC_OscConfig)
    i.HAL_SYSCFG_StrobeDBattpinsConfig       0x08000aa4   Section        0  stm32g0xx_hal.o(i.HAL_SYSCFG_StrobeDBattpinsConfig)
    i.HAL_SYSTICK_Config                     0x08000ab8   Section        0  stm32g0xx_hal_cortex.o(i.HAL_SYSTICK_Config)
    i.HAL_TIMEx_MasterConfigSynchronization  0x08000ae8   Section        0  stm32g0xx_hal_tim_ex.o(i.HAL_TIMEx_MasterConfigSynchronization)
    i.HAL_TIM_Base_Init                      0x08000b54   Section        0  stm32g0xx_hal_tim.o(i.HAL_TIM_Base_Init)
    i.HAL_TIM_Base_MspInit                   0x08000ba0   Section        0  stm32g0xx_hal_msp.o(i.HAL_TIM_Base_MspInit)
    i.HardFault_Handler                      0x08000bc4   Section        0  stm32g0xx_it.o(i.HardFault_Handler)
    i.NMI_Handler                            0x08000bc6   Section        0  stm32g0xx_it.o(i.NMI_Handler)
    i.PendSV_Handler                         0x08000bc8   Section        0  stm32g0xx_it.o(i.PendSV_Handler)
    i.SVC_Handler                            0x08000bca   Section        0  stm32g0xx_it.o(i.SVC_Handler)
    i.SysTick_Handler                        0x08000bcc   Section        0  stm32g0xx_it.o(i.SysTick_Handler)
    i.SystemClock_Config                     0x08000bd4   Section        0  main.o(i.SystemClock_Config)
    i.SystemInit                             0x08000c48   Section        0  system_stm32g0xx.o(i.SystemInit)
    i.TIM_Base_SetConfig                     0x08000c58   Section        0  stm32g0xx_hal_tim.o(i.TIM_Base_SetConfig)
    i.__0printf$1                            0x08000ce0   Section        0  printf1.o(i.__0printf$1)
    i.__NVIC_SetPriority                     0x08000d00   Section        0  stm32g0xx_hal_cortex.o(i.__NVIC_SetPriority)
    __NVIC_SetPriority                       0x08000d01   Thumb Code    60  stm32g0xx_hal_cortex.o(i.__NVIC_SetPriority)
    i.__mathlib_flt_divzero                  0x08000d44   Section        0  funder.o(i.__mathlib_flt_divzero)
    i.__mathlib_flt_infnan                   0x08000d52   Section        0  funder.o(i.__mathlib_flt_infnan)
    i.__mathlib_flt_invalid                  0x08000d5c   Section        0  funder.o(i.__mathlib_flt_invalid)
    i.__scatterload_copy                     0x08000d68   Section       14  handlers.o(i.__scatterload_copy)
    i.__scatterload_null                     0x08000d76   Section        2  handlers.o(i.__scatterload_null)
    i.__scatterload_zeroinit                 0x08000d78   Section       14  handlers.o(i.__scatterload_zeroinit)
    i.__set_errno                            0x08000d88   Section        0  errno.o(i.__set_errno)
    i._printf_core                           0x08000d94   Section        0  printf1.o(i._printf_core)
    _printf_core                             0x08000d95   Thumb Code   332  printf1.o(i._printf_core)
    i.arm_gaussian_naive_bayes_predict_f32   0x08000ee4   Section        0  bayesfunctions.o(i.arm_gaussian_naive_bayes_predict_f32)
    i.arm_max_f32                            0x08000fb4   Section        0  statisticsfunctions.o(i.arm_max_f32)
    i.delay_ms                               0x08000fe8   Section        0  main.o(i.delay_ms)
    i.fputc                                  0x0800100c   Section        0  fputc.o(i.fputc)
    i.logf                                   0x08001020   Section        0  logf.o(i.logf)
    i.main                                   0x0800119c   Section        0  main.o(i.main)
    .constdata                               0x08001244   Section       60  main.o(.constdata)
    .constdata                               0x08001280   Section       64  system_stm32g0xx.o(.constdata)
    .constdata                               0x080012c0   Section       64  logf.o(.constdata)
    logahi                                   0x080012c0   Data          32  logf.o(.constdata)
    logalo                                   0x080012e0   Data          32  logf.o(.constdata)
    .data                                    0x20000000   Section       12  stm32g0xx_hal.o(.data)
    .data                                    0x2000000c   Section        4  system_stm32g0xx.o(.data)
    .data                                    0x20000010   Section        4  stdout.o(.data)
    .data                                    0x20000014   Section        4  errno.o(.data)
    _errno                                   0x20000014   Data           4  errno.o(.data)
    .bss                                     0x20000018   Section      100  main.o(.bss)
    STACK                                    0x20000080   Section     1024  startup_stm32g070xx.o(STACK)

    Global Symbols

    Symbol Name                              Value     Ov Type        Size  Object(Section)

    BuildAttributes$$THM_ISAv3M$S$PE$A:L22$X:L11$S22$IEEE1$IW$USESV6$~STKCKD$USESV7$~SHL$OTIME$ROPI$IEEEX$EBA8$MICROLIB$REQ8$PRES8$EABIv2 0x00000000   Number         0  anon$$obj.o ABSOLUTE
    __ARM_use_no_argv                        0x00000000   Number         0  main.o ABSOLUTE
    _printf_a                                0x00000000   Number         0  stubs.o ABSOLUTE
    _printf_c                                0x00000000   Number         0  stubs.o ABSOLUTE
    _printf_charcount                        0x00000000   Number         0  stubs.o ABSOLUTE
    _printf_d                                0x00000000   Number         0  stubs.o ABSOLUTE
    _printf_e                                0x00000000   Number         0  stubs.o ABSOLUTE
    _printf_f                                0x00000000   Number         0  stubs.o ABSOLUTE
    _printf_flags                            0x00000000   Number         0  stubs.o ABSOLUTE
    _printf_fp_dec                           0x00000000   Number         0  stubs.o ABSOLUTE
    _printf_fp_hex                           0x00000000   Number         0  stubs.o ABSOLUTE
    _printf_g                                0x00000000   Number         0  stubs.o ABSOLUTE
    _printf_i                                0x00000000   Number         0  stubs.o ABSOLUTE
    _printf_int_dec                          0x00000000   Number         0  stubs.o ABSOLUTE
    _printf_l                                0x00000000   Number         0  stubs.o ABSOLUTE
    _printf_lc                               0x00000000   Number         0  stubs.o ABSOLUTE
    _printf_ll                               0x00000000   Number         0  stubs.o ABSOLUTE
    _printf_lld                              0x00000000   Number         0  stubs.o ABSOLUTE
    _printf_lli                              0x00000000   Number         0  stubs.o ABSOLUTE
    _printf_llo                              0x00000000   Number         0  stubs.o ABSOLUTE
    _printf_llu                              0x00000000   Number         0  stubs.o ABSOLUTE
    _printf_llx                              0x00000000   Number         0  stubs.o ABSOLUTE
    _printf_longlong_dec                     0x00000000   Number         0  stubs.o ABSOLUTE
    _printf_longlong_hex                     0x00000000   Number         0  stubs.o ABSOLUTE
    _printf_longlong_oct                     0x00000000   Number         0  stubs.o ABSOLUTE
    _printf_ls                               0x00000000   Number         0  stubs.o ABSOLUTE
    _printf_mbtowc                           0x00000000   Number         0  stubs.o ABSOLUTE
    _printf_n                                0x00000000   Number         0  stubs.o ABSOLUTE
    _printf_o                                0x00000000   Number         0  stubs.o ABSOLUTE
    _printf_p                                0x00000000   Number         0  stubs.o ABSOLUTE
    _printf_percent                          0x00000000   Number         0  stubs.o ABSOLUTE
    _printf_pre_padding                      0x00000000   Number         0  stubs.o ABSOLUTE
    _printf_return_value                     0x00000000   Number         0  stubs.o ABSOLUTE
    _printf_s                                0x00000000   Number         0  stubs.o ABSOLUTE
    _printf_sizespec                         0x00000000   Number         0  stubs.o ABSOLUTE
    _printf_str                              0x00000000   Number         0  stubs.o ABSOLUTE
    _printf_truncate_signed                  0x00000000   Number         0  stubs.o ABSOLUTE
    _printf_truncate_unsigned                0x00000000   Number         0  stubs.o ABSOLUTE
    _printf_u                                0x00000000   Number         0  stubs.o ABSOLUTE
    _printf_wc                               0x00000000   Number         0  stubs.o ABSOLUTE
    _printf_wctomb                           0x00000000   Number         0  stubs.o ABSOLUTE
    _printf_widthprec                        0x00000000   Number         0  stubs.o ABSOLUTE
    _printf_x                                0x00000000   Number         0  stubs.o ABSOLUTE
    __cpp_initialize__aeabi_                  - Undefined Weak Reference
    __cxa_finalize                            - Undefined Weak Reference
    __decompress                              - Undefined Weak Reference
    _clock_init                               - Undefined Weak Reference
    _microlib_exit                            - Undefined Weak Reference
    __Vectors_Size                           0x000000b8   Number         0  startup_stm32g070xx.o ABSOLUTE
    __Vectors                                0x08000000   Data           4  startup_stm32g070xx.o(RESET)
    __Vectors_End                            0x080000b8   Data           0  startup_stm32g070xx.o(RESET)
    __main                                   0x080000b9   Thumb Code     0  entry.o(.ARM.Collect$$$$00000000)
    _main_stk                                0x080000b9   Thumb Code     0  entry2.o(.ARM.Collect$$$$00000001)
    _main_scatterload                        0x080000bd   Thumb Code     0  entry5.o(.ARM.Collect$$$$00000004)
    __main_after_scatterload                 0x080000c1   Thumb Code     0  entry5.o(.ARM.Collect$$$$00000004)
    _main_clock                              0x080000c1   Thumb Code     0  entry7b.o(.ARM.Collect$$$$00000008)
    _main_cpp_init                           0x080000c1   Thumb Code     0  entry8b.o(.ARM.Collect$$$$0000000A)
    _main_init                               0x080000c1   Thumb Code     0  entry9a.o(.ARM.Collect$$$$0000000B)
    __rt_final_cpp                           0x080000c9   Thumb Code     0  entry10a.o(.ARM.Collect$$$$0000000D)
    __rt_final_exit                          0x080000c9   Thumb Code     0  entry11a.o(.ARM.Collect$$$$0000000F)
    Reset_Handler                            0x080000cd   Thumb Code     8  startup_stm32g070xx.o(.text)
    ADC1_IRQHandler                          0x080000df   Thumb Code     0  startup_stm32g070xx.o(.text)
    DMA1_Ch4_7_DMAMUX1_OVR_IRQHandler        0x080000df   Thumb Code     0  startup_stm32g070xx.o(.text)
    DMA1_Channel1_IRQHandler                 0x080000df   Thumb Code     0  startup_stm32g070xx.o(.text)
    DMA1_Channel2_3_IRQHandler               0x080000df   Thumb Code     0  startup_stm32g070xx.o(.text)
    EXTI0_1_IRQHandler                       0x080000df   Thumb Code     0  startup_stm32g070xx.o(.text)
    EXTI2_3_IRQHandler                       0x080000df   Thumb Code     0  startup_stm32g070xx.o(.text)
    EXTI4_15_IRQHandler                      0x080000df   Thumb Code     0  startup_stm32g070xx.o(.text)
    FLASH_IRQHandler                         0x080000df   Thumb Code     0  startup_stm32g070xx.o(.text)
    I2C1_IRQHandler                          0x080000df   Thumb Code     0  startup_stm32g070xx.o(.text)
    I2C2_IRQHandler                          0x080000df   Thumb Code     0  startup_stm32g070xx.o(.text)
    RCC_IRQHandler                           0x080000df   Thumb Code     0  startup_stm32g070xx.o(.text)
    RTC_TAMP_IRQHandler                      0x080000df   Thumb Code     0  startup_stm32g070xx.o(.text)
    SPI1_IRQHandler                          0x080000df   Thumb Code     0  startup_stm32g070xx.o(.text)
    SPI2_IRQHandler                          0x080000df   Thumb Code     0  startup_stm32g070xx.o(.text)
    TIM14_IRQHandler                         0x080000df   Thumb Code     0  startup_stm32g070xx.o(.text)
    TIM15_IRQHandler                         0x080000df   Thumb Code     0  startup_stm32g070xx.o(.text)
    TIM16_IRQHandler                         0x080000df   Thumb Code     0  startup_stm32g070xx.o(.text)
    TIM17_IRQHandler                         0x080000df   Thumb Code     0  startup_stm32g070xx.o(.text)
    TIM1_BRK_UP_TRG_COM_IRQHandler           0x080000df   Thumb Code     0  startup_stm32g070xx.o(.text)
    TIM1_CC_IRQHandler                       0x080000df   Thumb Code     0  startup_stm32g070xx.o(.text)
    TIM3_IRQHandler                          0x080000df   Thumb Code     0  startup_stm32g070xx.o(.text)
    TIM6_IRQHandler                          0x080000df   Thumb Code     0  startup_stm32g070xx.o(.text)
    TIM7_IRQHandler                          0x080000df   Thumb Code     0  startup_stm32g070xx.o(.text)
    USART1_IRQHandler                        0x080000df   Thumb Code     0  startup_stm32g070xx.o(.text)
    USART2_IRQHandler                        0x080000df   Thumb Code     0  startup_stm32g070xx.o(.text)
    USART3_4_IRQHandler                      0x080000df   Thumb Code     0  startup_stm32g070xx.o(.text)
    WWDG_IRQHandler                          0x080000df   Thumb Code     0  startup_stm32g070xx.o(.text)
    __aeabi_uidiv                            0x080000e9   Thumb Code     0  uidiv.o(.text)
    __aeabi_uidivmod                         0x080000e9   Thumb Code    44  uidiv.o(.text)
    __aeabi_memset                           0x08000115   Thumb Code    14  memseta.o(.text)
    __aeabi_memset4                          0x08000115   Thumb Code     0  memseta.o(.text)
    __aeabi_memset8                          0x08000115   Thumb Code     0  memseta.o(.text)
    __aeabi_memclr                           0x08000123   Thumb Code     4  memseta.o(.text)
    __aeabi_memclr4                          0x08000123   Thumb Code     0  memseta.o(.text)
    __aeabi_memclr8                          0x08000123   Thumb Code     0  memseta.o(.text)
    _memset$wrapper                          0x08000127   Thumb Code    18  memseta.o(.text)
    __aeabi_fadd                             0x08000139   Thumb Code   162  fadd.o(.text)
    __aeabi_fsub                             0x080001db   Thumb Code     8  fadd.o(.text)
    __aeabi_frsub                            0x080001e3   Thumb Code     8  fadd.o(.text)
    __aeabi_fmul                             0x080001eb   Thumb Code   122  fmul.o(.text)
    __aeabi_fdiv                             0x08000265   Thumb Code   124  fdiv.o(.text)
    __ARM_scalbnf                            0x080002e1   Thumb Code    24  fscalb.o(.text)
    scalbnf                                  0x080002e1   Thumb Code     0  fscalb.o(.text)
    __aeabi_i2f                              0x080002f9   Thumb Code    22  fflti.o(.text)
    __aeabi_cfcmpeq                          0x08000311   Thumb Code     0  cfcmple.o(.text)
    __aeabi_cfcmple                          0x08000311   Thumb Code    20  cfcmple.o(.text)
    __I$use$fp                               0x08000325   Thumb Code     0  iusefp.o(.text)
    _float_round                             0x08000325   Thumb Code    16  fepilogue.o(.text)
    _float_epilogue                          0x08000335   Thumb Code   114  fepilogue.o(.text)
    __scatterload                            0x080003a9   Thumb Code    28  init.o(.text)
    __scatterload_rt2                        0x080003a9   Thumb Code     0  init.o(.text)
    HAL_GetTick                              0x080003cd   Thumb Code     6  stm32g0xx_hal.o(i.HAL_GetTick)
    __I$use$semihosting$fputc                0x080003cd   Thumb Code     0  iusesemip.o(.text)
    __semihosting_library_function           0x080003cd   Thumb Code     0  semi.o(.text)
    HAL_IncTick                              0x080003d9   Thumb Code    12  stm32g0xx_hal.o(i.HAL_IncTick)
    HAL_Init                                 0x080003e9   Thumb Code    36  stm32g0xx_hal.o(i.HAL_Init)
    HAL_InitTick                             0x08000411   Thumb Code    64  stm32g0xx_hal.o(i.HAL_InitTick)
    HAL_MspInit                              0x08000459   Thumb Code    46  stm32g0xx_hal_msp.o(i.HAL_MspInit)
    HAL_NVIC_SetPriority                     0x0800048d   Thumb Code     8  stm32g0xx_hal_cortex.o(i.HAL_NVIC_SetPriority)
    HAL_PWREx_ControlVoltageScaling          0x08000495   Thumb Code    62  stm32g0xx_hal_pwr_ex.o(i.HAL_PWREx_ControlVoltageScaling)
    HAL_RCC_ClockConfig                      0x080004e1   Thumb Code   318  stm32g0xx_hal_rcc.o(i.HAL_RCC_ClockConfig)
    HAL_RCC_GetSysClockFreq                  0x08000639   Thumb Code   130  stm32g0xx_hal_rcc.o(i.HAL_RCC_GetSysClockFreq)
    HAL_RCC_OscConfig                        0x080006c5   Thumb Code   954  stm32g0xx_hal_rcc.o(i.HAL_RCC_OscConfig)
    HAL_SYSCFG_StrobeDBattpinsConfig         0x08000aa5   Thumb Code    16  stm32g0xx_hal.o(i.HAL_SYSCFG_StrobeDBattpinsConfig)
    HAL_SYSTICK_Config                       0x08000ab9   Thumb Code    38  stm32g0xx_hal_cortex.o(i.HAL_SYSTICK_Config)
    HAL_TIMEx_MasterConfigSynchronization    0x08000ae9   Thumb Code    96  stm32g0xx_hal_tim_ex.o(i.HAL_TIMEx_MasterConfigSynchronization)
    HAL_TIM_Base_Init                        0x08000b55   Thumb Code    76  stm32g0xx_hal_tim.o(i.HAL_TIM_Base_Init)
    HAL_TIM_Base_MspInit                     0x08000ba1   Thumb Code    28  stm32g0xx_hal_msp.o(i.HAL_TIM_Base_MspInit)
    HardFault_Handler                        0x08000bc5   Thumb Code     2  stm32g0xx_it.o(i.HardFault_Handler)
    NMI_Handler                              0x08000bc7   Thumb Code     2  stm32g0xx_it.o(i.NMI_Handler)
    PendSV_Handler                           0x08000bc9   Thumb Code     2  stm32g0xx_it.o(i.PendSV_Handler)
    SVC_Handler                              0x08000bcb   Thumb Code     2  stm32g0xx_it.o(i.SVC_Handler)
    SysTick_Handler                          0x08000bcd   Thumb Code     8  stm32g0xx_it.o(i.SysTick_Handler)
    SystemClock_Config                       0x08000bd5   Thumb Code   114  main.o(i.SystemClock_Config)
    SystemInit                               0x08000c49   Thumb Code    10  system_stm32g0xx.o(i.SystemInit)
    TIM_Base_SetConfig                       0x08000c59   Thumb Code   112  stm32g0xx_hal_tim.o(i.TIM_Base_SetConfig)
    __0printf$1                              0x08000ce1   Thumb Code    24  printf1.o(i.__0printf$1)
    __1printf$1                              0x08000ce1   Thumb Code     0  printf1.o(i.__0printf$1)
    __2printf                                0x08000ce1   Thumb Code     0  printf1.o(i.__0printf$1)
    __mathlib_flt_divzero                    0x08000d45   Thumb Code    14  funder.o(i.__mathlib_flt_divzero)
    __mathlib_flt_infnan                     0x08000d53   Thumb Code    10  funder.o(i.__mathlib_flt_infnan)
    __mathlib_flt_invalid                    0x08000d5d   Thumb Code    12  funder.o(i.__mathlib_flt_invalid)
    __scatterload_copy                       0x08000d69   Thumb Code    14  handlers.o(i.__scatterload_copy)
    __scatterload_null                       0x08000d77   Thumb Code     2  handlers.o(i.__scatterload_null)
    __scatterload_zeroinit                   0x08000d79   Thumb Code    14  handlers.o(i.__scatterload_zeroinit)
    __set_errno                              0x08000d89   Thumb Code     6  errno.o(i.__set_errno)
    arm_gaussian_naive_bayes_predict_f32     0x08000ee5   Thumb Code   204  bayesfunctions.o(i.arm_gaussian_naive_bayes_predict_f32)
    arm_max_f32                              0x08000fb5   Thumb Code    50  statisticsfunctions.o(i.arm_max_f32)
    delay_ms                                 0x08000fe9   Thumb Code    32  main.o(i.delay_ms)
    fputc                                    0x0800100d   Thumb Code    18  fputc.o(i.fputc)
    __mathlib_logf                           0x08001021   Thumb Code     0  logf.o(i.logf)
    logf                                     0x08001021   Thumb Code   338  logf.o(i.logf)
    main                                     0x0800119d   Thumb Code   132  main.o(i.main)
    theta                                    0x08001244   Data          24  main.o(.constdata)
    sigma                                    0x0800125c   Data          24  main.o(.constdata)
    classPriors                              0x08001274   Data          12  main.o(.constdata)
    AHBPrescTable                            0x08001280   Data          64  system_stm32g0xx.o(.constdata)
    Region$$Table$$Base                      0x08001300   Number         0  anon$$obj.o(Region$$Table)
    Region$$Table$$Limit                     0x08001320   Number         0  anon$$obj.o(Region$$Table)
    uwTickFreq                               0x20000000   Data           1  stm32g0xx_hal.o(.data)
    uwTickPrio                               0x20000004   Data           4  stm32g0xx_hal.o(.data)
    uwTick                                   0x20000008   Data           4  stm32g0xx_hal.o(.data)
    SystemCoreClock                          0x2000000c   Data           4  system_stm32g0xx.o(.data)
    __stdout                                 0x20000010   Data           4  stdout.o(.data)
    htim6                                    0x20000018   Data          76  main.o(.bss)
    S                                        0x20000064   Data          24  main.o(.bss)
    __initial_sp                             0x20000480   Data           0  startup_stm32g070xx.o(STACK)



==============================================================================

Memory Map of the image

  Image Entry point : 0x080000b9

  Load Region LR_IROM1 (Base: 0x08000000, Size: 0x00001338, Max: 0x00020000, ABSOLUTE)

    Execution Region ER_IROM1 (Exec base: 0x08000000, Load base: 0x08000000, Size: 0x00001320, Max: 0x00020000, ABSOLUTE)

    Exec Addr    Load Addr    Size         Type   Attr      Idx    E Section Name        Object

    0x08000000   0x08000000   0x000000b8   Data   RO            3    RESET               startup_stm32g070xx.o
    0x080000b8   0x080000b8   0x00000000   Code   RO         6310  * .ARM.Collect$$$$00000000  mc_p.l(entry.o)
    0x080000b8   0x080000b8   0x00000004   Code   RO         6665    .ARM.Collect$$$$00000001  mc_p.l(entry2.o)
    0x080000bc   0x080000bc   0x00000004   Code   RO         6668    .ARM.Collect$$$$00000004  mc_p.l(entry5.o)
    0x080000c0   0x080000c0   0x00000000   Code   RO         6670    .ARM.Collect$$$$00000008  mc_p.l(entry7b.o)
    0x080000c0   0x080000c0   0x00000000   Code   RO         6672    .ARM.Collect$$$$0000000A  mc_p.l(entry8b.o)
    0x080000c0   0x080000c0   0x00000008   Code   RO         6673    .ARM.Collect$$$$0000000B  mc_p.l(entry9a.o)
    0x080000c8   0x080000c8   0x00000000   Code   RO         6675    .ARM.Collect$$$$0000000D  mc_p.l(entry10a.o)
    0x080000c8   0x080000c8   0x00000000   Code   RO         6677    .ARM.Collect$$$$0000000F  mc_p.l(entry11a.o)
    0x080000c8   0x080000c8   0x00000004   Code   RO         6666    .ARM.Collect$$$$00002712  mc_p.l(entry2.o)
    0x080000cc   0x080000cc   0x0000001c   Code   RO            4    .text               startup_stm32g070xx.o
    0x080000e8   0x080000e8   0x0000002c   Code   RO         6313    .text               mc_p.l(uidiv.o)
    0x08000114   0x08000114   0x00000024   Code   RO         6329    .text               mc_p.l(memseta.o)
    0x08000138   0x08000138   0x000000b2   Code   RO         6594    .text               mf_p.l(fadd.o)
    0x080001ea   0x080001ea   0x0000007a   Code   RO         6596    .text               mf_p.l(fmul.o)
    0x08000264   0x08000264   0x0000007c   Code   RO         6598    .text               mf_p.l(fdiv.o)
    0x080002e0   0x080002e0   0x00000018   Code   RO         6600    .text               mf_p.l(fscalb.o)
    0x080002f8   0x080002f8   0x00000016   Code   RO         6610    .text               mf_p.l(fflti.o)
    0x0800030e   0x0800030e   0x00000002   PAD
    0x08000310   0x08000310   0x00000014   Code   RO         6628    .text               mf_p.l(cfcmple.o)
    0x08000324   0x08000324   0x00000000   Code   RO         6691    .text               mc_p.l(iusefp.o)
    0x08000324   0x08000324   0x00000082   Code   RO         6692    .text               mf_p.l(fepilogue.o)
    0x080003a6   0x080003a6   0x00000002   PAD
    0x080003a8   0x080003a8   0x00000024   Code   RO         6710    .text               mc_p.l(init.o)
    0x080003cc   0x080003cc   0x00000000   Code   RO         6712    .text               mc_p.l(semi.o)
    0x080003cc   0x080003cc   0x00000000   Code   RO         6713    .text               mc_p.l(iusesemip.o)
    0x080003cc   0x080003cc   0x0000000c   Code   RO         2139    i.HAL_GetTick       stm32g0xx_hal.o
    0x080003d8   0x080003d8   0x00000010   Code   RO         2145    i.HAL_IncTick       stm32g0xx_hal.o
    0x080003e8   0x080003e8   0x00000028   Code   RO         2146    i.HAL_Init          stm32g0xx_hal.o
    0x08000410   0x08000410   0x00000048   Code   RO         2147    i.HAL_InitTick      stm32g0xx_hal.o
    0x08000458   0x08000458   0x00000034   Code   RO          220    i.HAL_MspInit       stm32g0xx_hal_msp.o
    0x0800048c   0x0800048c   0x00000008   Code   RO         2027    i.HAL_NVIC_SetPriority  stm32g0xx_hal_cortex.o
    0x08000494   0x08000494   0x0000004c   Code   RO         1908    i.HAL_PWREx_ControlVoltageScaling  stm32g0xx_hal_pwr_ex.o
    0x080004e0   0x080004e0   0x00000158   Code   RO         1266    i.HAL_RCC_ClockConfig  stm32g0xx_hal_rcc.o
    0x08000638   0x08000638   0x0000008c   Code   RO         1275    i.HAL_RCC_GetSysClockFreq  stm32g0xx_hal_rcc.o
    0x080006c4   0x080006c4   0x000003e0   Code   RO         1279    i.HAL_RCC_OscConfig  stm32g0xx_hal_rcc.o
    0x08000aa4   0x08000aa4   0x00000014   Code   RO         2155    i.HAL_SYSCFG_StrobeDBattpinsConfig  stm32g0xx_hal.o
    0x08000ab8   0x08000ab8   0x00000030   Code   RO         2031    i.HAL_SYSTICK_Config  stm32g0xx_hal_cortex.o
    0x08000ae8   0x08000ae8   0x0000006c   Code   RO          989    i.HAL_TIMEx_MasterConfigSynchronization  stm32g0xx_hal_tim_ex.o
    0x08000b54   0x08000b54   0x0000004c   Code   RO          254    i.HAL_TIM_Base_Init  stm32g0xx_hal_tim.o
    0x08000ba0   0x08000ba0   0x00000024   Code   RO          222    i.HAL_TIM_Base_MspInit  stm32g0xx_hal_msp.o
    0x08000bc4   0x08000bc4   0x00000002   Code   RO          173    i.HardFault_Handler  stm32g0xx_it.o
    0x08000bc6   0x08000bc6   0x00000002   Code   RO          174    i.NMI_Handler       stm32g0xx_it.o
    0x08000bc8   0x08000bc8   0x00000002   Code   RO          175    i.PendSV_Handler    stm32g0xx_it.o
    0x08000bca   0x08000bca   0x00000002   Code   RO          176    i.SVC_Handler       stm32g0xx_it.o
    0x08000bcc   0x08000bcc   0x00000008   Code   RO          177    i.SysTick_Handler   stm32g0xx_it.o
    0x08000bd4   0x08000bd4   0x00000072   Code   RO           13    i.SystemClock_Config  main.o
    0x08000c46   0x08000c46   0x00000002   PAD
    0x08000c48   0x08000c48   0x00000010   Code   RO         2387    i.SystemInit        system_stm32g0xx.o
    0x08000c58   0x08000c58   0x00000088   Code   RO          347    i.TIM_Base_SetConfig  stm32g0xx_hal_tim.o
    0x08000ce0   0x08000ce0   0x00000020   Code   RO         6378    i.__0printf$1       mc_p.l(printf1.o)
    0x08000d00   0x08000d00   0x00000044   Code   RO         2033    i.__NVIC_SetPriority  stm32g0xx_hal_cortex.o
    0x08000d44   0x08000d44   0x0000000e   Code   RO         6648    i.__mathlib_flt_divzero  m_ps.l(funder.o)
    0x08000d52   0x08000d52   0x0000000a   Code   RO         6649    i.__mathlib_flt_infnan  m_ps.l(funder.o)
    0x08000d5c   0x08000d5c   0x0000000c   Code   RO         6651    i.__mathlib_flt_invalid  m_ps.l(funder.o)
    0x08000d68   0x08000d68   0x0000000e   Code   RO         6716    i.__scatterload_copy  mc_p.l(handlers.o)
    0x08000d76   0x08000d76   0x00000002   Code   RO         6717    i.__scatterload_null  mc_p.l(handlers.o)
    0x08000d78   0x08000d78   0x0000000e   Code   RO         6718    i.__scatterload_zeroinit  mc_p.l(handlers.o)
    0x08000d86   0x08000d86   0x00000002   PAD
    0x08000d88   0x08000d88   0x0000000c   Code   RO         6686    i.__set_errno       mc_p.l(errno.o)
    0x08000d94   0x08000d94   0x00000150   Code   RO         6385    i._printf_core      mc_p.l(printf1.o)
    0x08000ee4   0x08000ee4   0x000000d0   Code   RO         2875    i.arm_gaussian_naive_bayes_predict_f32  bayesfunctions.o
    0x08000fb4   0x08000fb4   0x00000032   Code   RO         4959    i.arm_max_f32       statisticsfunctions.o
    0x08000fe6   0x08000fe6   0x00000002   PAD
    0x08000fe8   0x08000fe8   0x00000024   Code   RO           14    i.delay_ms          main.o
    0x0800100c   0x0800100c   0x00000012   Code   RO         6679    i.fputc             mc_p.l(fputc.o)
    0x0800101e   0x0800101e   0x00000002   PAD
    0x08001020   0x08001020   0x0000017c   Code   RO         6275    i.logf              m_ps.l(logf.o)
    0x0800119c   0x0800119c   0x000000a8   Code   RO           15    i.main              main.o
    0x08001244   0x08001244   0x0000003c   Data   RO           17    .constdata          main.o
    0x08001280   0x08001280   0x00000040   Data   RO         2388    .constdata          system_stm32g0xx.o
    0x080012c0   0x080012c0   0x00000040   Data   RO         6276    .constdata          m_ps.l(logf.o)
    0x08001300   0x08001300   0x00000020   Data   RO         6714    Region$$Table       anon$$obj.o


    Execution Region RW_IRAM1 (Exec base: 0x20000000, Load base: 0x08001320, Size: 0x00000480, Max: 0x00009000, ABSOLUTE)

    Exec Addr    Load Addr    Size         Type   Attr      Idx    E Section Name        Object

    0x20000000   0x08001320   0x0000000c   Data   RW         2158    .data               stm32g0xx_hal.o
    0x2000000c   0x0800132c   0x00000004   Data   RW         2390    .data               system_stm32g0xx.o
    0x20000010   0x08001330   0x00000004   Data   RW         6681    .data               mc_p.l(stdout.o)
    0x20000014   0x08001334   0x00000004   Data   RW         6687    .data               mc_p.l(errno.o)
    0x20000018        -       0x00000064   Zero   RW           16    .bss                main.o
    0x2000007c   0x08001338   0x00000004   PAD
    0x20000080        -       0x00000400   Zero   RW            1    STACK               startup_stm32g070xx.o


==============================================================================

Image component sizes


      Code (inc. data)   RO Data    RW Data    ZI Data      Debug   Object Name

       208          4          0          0          0       2099   bayesfunctions.o
         0          0          0          0          0      18164   complexmathfunctions.o
       318         40         60          0        100     390795   main.o
        28          8        184          0       1024        600   startup_stm32g070xx.o
        50          0          0          0          0       1514   statisticsfunctions.o
       160         26          0         12          0      16056   stm32g0xx_hal.o
       124         18          0          0          0      11328   stm32g0xx_hal_cortex.o
        88         14          0          0          0       1317   stm32g0xx_hal_msp.o
        76         14          0          0          0        714   stm32g0xx_hal_pwr_ex.o
      1476         74          0          0          0       4282   stm32g0xx_hal_rcc.o
       212         24          0          0          0       2639   stm32g0xx_hal_tim.o
       108         12          0          0          0       1336   stm32g0xx_hal_tim_ex.o
        16          0          0          0          0       1987   stm32g0xx_it.o
        16          6         64          4          0       1051   system_stm32g0xx.o

    ----------------------------------------------------------------------
      2884        240        340         16       1128     453882   Object Totals
         0          0         32          0          0          0   (incl. Generated)
         4          0          0          0          4          0   (incl. Padding)

    ----------------------------------------------------------------------

      Code (inc. data)   RO Data    RW Data    ZI Data      Debug   Library Member Name

        36          0          0          0          0        204   funder.o
       380         42         64          0          0         76   logf.o
         0          0          0          0          0          0   entry.o
         0          0          0          0          0          0   entry10a.o
         0          0          0          0          0          0   entry11a.o
         8          4          0          0          0          0   entry2.o
         4          0          0          0          0          0   entry5.o
         0          0          0          0          0          0   entry7b.o
         0          0          0          0          0          0   entry8b.o
         8          4          0          0          0          0   entry9a.o
        12          6          0          4          0         60   errno.o
        18          0          0          0          0         72   fputc.o
        30          0          0          0          0          0   handlers.o
        36          8          0          0          0         68   init.o
         0          0          0          0          0          0   iusefp.o
         0          0          0          0          0          0   iusesemip.o
        36          0          0          0          0        100   memseta.o
       368         12          0          0          0        168   printf1.o
         0          0          0          0          0          0   semi.o
         0          0          0          4          0          0   stdout.o
        44          0          0          0          0         72   uidiv.o
        20          0          0          0          0         68   cfcmple.o
       178          0          0          0          0        108   fadd.o
       124          0          0          0          0         72   fdiv.o
       130          0          0          0          0        144   fepilogue.o
        22          0          0          0          0         68   fflti.o
       122          0          0          0          0         72   fmul.o
        24          0          0          0          0         60   fscalb.o

    ----------------------------------------------------------------------
      1608         76         64          8          0       1412   Library Totals
         8          0          0          0          0          0   (incl. Padding)

    ----------------------------------------------------------------------

      Code (inc. data)   RO Data    RW Data    ZI Data      Debug   Library Name

       416         42         64          0          0        280   m_ps.l
       564         34          0          8          0        540   mc_p.l
       620          0          0          0          0        592   mf_p.l

    ----------------------------------------------------------------------
      1608         76         64          8          0       1412   Library Totals

    ----------------------------------------------------------------------

==============================================================================


      Code (inc. data)   RO Data    RW Data    ZI Data      Debug   

      4492        316        404         24       1128     453634   Grand Totals
      4492        316        404         24       1128     453634   ELF Image Totals
      4492        316        404         24          0          0   ROM Totals

==============================================================================

    Total RO  Size (Code + RO Data)                 4896 (   4.78kB)
    Total RW  Size (RW Data + ZI Data)              1152 (   1.13kB)
    Total ROM Size (Code + RO Data + RW Data)       4920 (   4.80kB)

==============================================================================

