Component: ARM Compiler 5.06 update 6 (build 750) Tool: armlink [4d35ed]

==============================================================================

Section Cross References

    main.o(i.main) refers to scanf1.o(x$fpl$scanf1) for _scanf_real
    main.o(i.main) refers to _printf_percent.o(.ARM.Collect$$_printf_percent$$00000000) for _printf_percent
    main.o(i.main) refers to _printf_d.o(.ARM.Collect$$_printf_percent$$00000009) for _printf_d
    main.o(i.main) refers to _printf_dec.o(.text) for _printf_int_dec
    main.o(i.main) refers to __0scanf.o(.text) for __0scanf
    main.o(i.main) refers to bayesfunctions.o(i.arm_gaussian_naive_bayes_predict_f32) for arm_gaussian_naive_bayes_predict_f32
    main.o(i.main) refers to noretval__2printf.o(.text) for __2printf
    main.o(i.main) refers to main.o(.bss) for S
    main.o(i.main) refers to main.o(.constdata) for theta
    basicmathfunctions.o(i.arm_shift_q31) refers to llshl.o(.text) for __aeabi_llsl
    bayesfunctions.o(i.arm_gaussian_naive_bayes_predict_f32) refers to logf.o(i.__hardfp_logf) for __hardfp_logf
    bayesfunctions.o(i.arm_gaussian_naive_bayes_predict_f32) refers to statisticsfunctions.o(i.arm_max_f32) for arm_max_f32
    complexmathfunctions.o(i.arm_cmplx_mag_q15) refers to fastmathfunctions.o(i.arm_sqrt_q15) for arm_sqrt_q15
    complexmathfunctions.o(i.arm_cmplx_mag_q31) refers to fastmathfunctions.o(i.arm_sqrt_q31) for arm_sqrt_q31
    controllerfunctions.o(i.arm_sin_cos_f32) refers to commontables.o(.constdata) for sinTable_f32
    controllerfunctions.o(i.arm_sin_cos_q31) refers to commontables.o(.constdata) for sinTable_q31
    distancefunctions.o(i.arm_braycurtis_distance_f32) refers to distancefunctions.o(i.fabsf) for fabsf
    distancefunctions.o(i.arm_canberra_distance_f32) refers to distancefunctions.o(i.fabsf) for fabsf
    distancefunctions.o(i.arm_chebyshev_distance_f32) refers to distancefunctions.o(i.fabsf) for fabsf
    distancefunctions.o(i.arm_cityblock_distance_f32) refers to distancefunctions.o(i.fabsf) for fabsf
    distancefunctions.o(i.arm_correlation_distance_f32) refers to statisticsfunctions.o(i.arm_mean_f32) for arm_mean_f32
    distancefunctions.o(i.arm_correlation_distance_f32) refers to basicmathfunctions.o(i.arm_offset_f32) for arm_offset_f32
    distancefunctions.o(i.arm_correlation_distance_f32) refers to statisticsfunctions.o(i.arm_power_f32) for arm_power_f32
    distancefunctions.o(i.arm_correlation_distance_f32) refers to basicmathfunctions.o(i.arm_dot_prod_f32) for arm_dot_prod_f32
    distancefunctions.o(i.arm_cosine_distance_f32) refers to statisticsfunctions.o(i.arm_power_f32) for arm_power_f32
    distancefunctions.o(i.arm_cosine_distance_f32) refers to basicmathfunctions.o(i.arm_dot_prod_f32) for arm_dot_prod_f32
    distancefunctions.o(i.arm_dice_distance) refers to distancefunctions.o(i.arm_boolean_distance_TT_TF_FT) for arm_boolean_distance_TT_TF_FT
    distancefunctions.o(i.arm_dice_distance) refers to dflt_clz.o(x$fpl$dfltu) for __aeabi_ui2d
    distancefunctions.o(i.arm_dice_distance) refers to dmul.o(x$fpl$dmul) for __aeabi_dmul
    distancefunctions.o(i.arm_dice_distance) refers to daddsub_clz.o(x$fpl$dadd) for __aeabi_dadd
    distancefunctions.o(i.arm_dice_distance) refers to ddiv.o(x$fpl$ddiv) for __aeabi_ddiv
    distancefunctions.o(i.arm_dice_distance) refers to d2f.o(x$fpl$d2f) for __aeabi_d2f
    distancefunctions.o(i.arm_hamming_distance) refers to distancefunctions.o(i.arm_boolean_distance_TF_FT) for arm_boolean_distance_TF_FT
    distancefunctions.o(i.arm_hamming_distance) refers to dflt_clz.o(x$fpl$dfltu) for __aeabi_ui2d
    distancefunctions.o(i.arm_hamming_distance) refers to dmul.o(x$fpl$dmul) for __aeabi_dmul
    distancefunctions.o(i.arm_hamming_distance) refers to ddiv.o(x$fpl$ddiv) for __aeabi_ddiv
    distancefunctions.o(i.arm_hamming_distance) refers to d2f.o(x$fpl$d2f) for __aeabi_d2f
    distancefunctions.o(i.arm_jaccard_distance) refers to distancefunctions.o(i.arm_boolean_distance_TT_TF_FT) for arm_boolean_distance_TT_TF_FT
    distancefunctions.o(i.arm_jaccard_distance) refers to dflt_clz.o(x$fpl$dfltu) for __aeabi_ui2d
    distancefunctions.o(i.arm_jaccard_distance) refers to dmul.o(x$fpl$dmul) for __aeabi_dmul
    distancefunctions.o(i.arm_jaccard_distance) refers to ddiv.o(x$fpl$ddiv) for __aeabi_ddiv
    distancefunctions.o(i.arm_jaccard_distance) refers to d2f.o(x$fpl$d2f) for __aeabi_d2f
    distancefunctions.o(i.arm_jensenshannon_distance_f32) refers to distancefunctions.o(i.rel_entr) for rel_entr
    distancefunctions.o(i.arm_kulsinski_distance) refers to distancefunctions.o(i.arm_boolean_distance_TT_TF_FT) for arm_boolean_distance_TT_TF_FT
    distancefunctions.o(i.arm_kulsinski_distance) refers to dflt_clz.o(x$fpl$dfltu) for __aeabi_ui2d
    distancefunctions.o(i.arm_kulsinski_distance) refers to dmul.o(x$fpl$dmul) for __aeabi_dmul
[...]
    RESET                                    0x08000000   Section      408  startup_stm32f411xe.o(RESET)
    !!!main                                  0x08000198   Section        8  __main.o(!!!main)
    !!!scatter                               0x080001a0   Section       52  __scatter.o(!!!scatter)
    !!handler_copy                           0x080001d4   Section       26  __scatter_copy.o(!!handler_copy)
    !!handler_zi                             0x080001f0   Section       28  __scatter_zi.o(!!handler_zi)
    .ARM.Collect$$_printf_percent$$00000000  0x0800020c   Section        0  _printf_percent.o(.ARM.Collect$$_printf_percent$$00000000)
    .ARM.Collect$$_printf_percent$$00000009  0x0800020c   Section        6  _printf_d.o(.ARM.Collect$$_printf_percent$$00000009)
    .ARM.Collect$$_printf_percent$$00000017  0x08000212   Section        4  _printf_percent_end.o(.ARM.Collect$$_printf_percent$$00000017)
    .ARM.Collect$$libinit$$00000000          0x08000216   Section        2  libinit.o(.ARM.Collect$$libinit$$00000000)
    .ARM.Collect$$libinit$$00000001          0x08000218   Section        4  libinit2.o(.ARM.Collect$$libinit$$00000001)
    .ARM.Collect$$libinit$$00000004          0x0800021c   Section        0  libinit2.o(.ARM.Collect$$libinit$$00000004)
    .ARM.Collect$$libinit$$00000005          0x0800021c   Section        8  libinit2.o(.ARM.Collect$$libinit$$00000005)
    .ARM.Collect$$libinit$$0000000A          0x08000224   Section        0  libinit2.o(.ARM.Collect$$libinit$$0000000A)
    .ARM.Collect$$libinit$$0000000C          0x08000224   Section        0  libinit2.o(.ARM.Collect$$libinit$$0000000C)
    .ARM.Collect$$libinit$$0000000E          0x08000224   Section        0  libinit2.o(.ARM.Collect$$libinit$$0000000E)
    .ARM.Collect$$libinit$$0000000F          0x08000224   Section        6  libinit2.o(.ARM.Collect$$libinit$$0000000F)
    .ARM.Collect$$libinit$$00000011          0x0800022a   Section        0  libinit2.o(.ARM.Collect$$libinit$$00000011)
    .ARM.Collect$$libinit$$00000012          0x0800022a   Section       12  libinit2.o(.ARM.Collect$$libinit$$00000012)
    .ARM.Collect$$libinit$$00000013          0x08000236   Section        0  libinit2.o(.ARM.Collect$$libinit$$00000013)
    .ARM.Collect$$libinit$$00000015          0x08000236   Section        0  libinit2.o(.ARM.Collect$$libinit$$00000015)
    .ARM.Collect$$libinit$$00000016          0x08000236   Section       10  libinit2.o(.ARM.Collect$$libinit$$00000016)
    .ARM.Collect$$libinit$$00000017          0x08000240   Section        0  libinit2.o(.ARM.Collect$$libinit$$00000017)
    .ARM.Collect$$libinit$$00000019          0x08000240   Section        0  libinit2.o(.ARM.Collect$$libinit$$00000019)
    .ARM.Collect$$libinit$$0000001B          0x08000240   Section        0  libinit2.o(.ARM.Collect$$libinit$$0000001B)
    .ARM.Collect$$libinit$$0000001D          0x08000240   Section        0  libinit2.o(.ARM.Collect$$libinit$$0000001D)
    .ARM.Collect$$libinit$$0000001F          0x08000240   Section        0  libinit2.o(.ARM.Collect$$libinit$$0000001F)
    .ARM.Collect$$libinit$$00000021          0x08000240   Section        0  libinit2.o(.ARM.Collect$$libinit$$00000021)
    .ARM.Collect$$libinit$$00000023          0x08000240   Section        0  libinit2.o(.ARM.Collect$$libinit$$00000023)
    .ARM.Collect$$libinit$$00000024          0x08000240   Section        4  libinit2.o(.ARM.Collect$$libinit$$00000024)
    .ARM.Collect$$libinit$$00000025          0x08000244   Section        0  libinit2.o(.ARM.Collect$$libinit$$00000025)
    .ARM.Collect$$libinit$$0000002C          0x08000244   Section        0  libinit2.o(.ARM.Collect$$libinit$$0000002C)
    .ARM.Collect$$libinit$$0000002E          0x08000244   Section        0  libinit2.o(.ARM.Collect$$libinit$$0000002E)
    .ARM.Collect$$libinit$$00000030          0x08000244   Section        0  libinit2.o(.ARM.Collect$$libinit$$00000030)
    .ARM.Collect$$libinit$$00000032          0x08000244   Section        0  libinit2.o(.ARM.Collect$$libinit$$00000032)
    .ARM.Collect$$libinit$$00000033          0x08000244   Section        2  libinit2.o(.ARM.Collect$$libinit$$00000033)
    .ARM.Collect$$libshutdown$$00000000      0x08000246   Section        2  libshutdown.o(.ARM.Collect$$libshutdown$$00000000)
    .ARM.Collect$$libshutdown$$00000002      0x08000248   Section        0  libshutdown2.o(.ARM.Collect$$libshutdown$$00000002)
    .ARM.Collect$$libshutdown$$00000003      0x08000248   Section        4  libshutdown2.o(.ARM.Collect$$libshutdown$$00000003)
    .ARM.Collect$$libshutdown$$00000004      0x0800024c   Section        0  libshutdown2.o(.ARM.Collect$$libshutdown$$00000004)
    .ARM.Collect$$libshutdown$$00000007      0x0800024c   Section        0  libshutdown2.o(.ARM.Collect$$libshutdown$$00000007)
    .ARM.Collect$$libshutdown$$0000000A      0x0800024c   Section        0  libshutdown2.o(.ARM.Collect$$libshutdown$$0000000A)
    .ARM.Collect$$libshutdown$$0000000C      0x0800024c   Section        0  libshutdown2.o(.ARM.Collect$$libshutdown$$0000000C)
    .ARM.Collect$$libshutdown$$0000000F      0x0800024c   Section        0  libshutdown2.o(.ARM.Collect$$libshutdown$$0000000F)
    .ARM.Collect$$libshutdown$$00000010      0x0800024c   Section        2  libshutdown2.o(.ARM.Collect$$libshutdown$$00000010)
    .ARM.Collect$$rtentry$$00000000          0x0800024e   Section        0  __rtentry.o(.ARM.Collect$$rtentry$$00000000)
    .ARM.Collect$$rtentry$$00000002          0x0800024e   Section        0  __rtentry2.o(.ARM.Collect$$rtentry$$00000002)
    .ARM.Collect$$rtentry$$00000004          0x0800024e   Section        6  __rtentry4.o(.ARM.Collect$$rtentry$$00000004)
    .ARM.Collect$$rtentry$$00000009          0x08000254   Section        0  __rtentry2.o(.ARM.Collect$$rtentry$$00000009)
    .ARM.Collect$$rtentry$$0000000A          0x08000254   Section        4  __rtentry2.o(.ARM.Collect$$rtentry$$0000000A)
    .ARM.Collect$$rtentry$$0000000C          0x08000258   Section        0  __rtentry2.o(.ARM.Collect$$rtentry$$0000000C)
    .ARM.Collect$$rtentry$$0000000D          0x08000258   Section        8  __rtentry2.o(.ARM.Collect$$rtentry$$0000000D)
    .ARM.Collect$$rtexit$$00000000           0x08000260   Section        2  rtexit.o(.ARM.Collect$$rtexit$$00000000)
    .ARM.Collect$$rtexit$$00000002           0x08000262   Section        0  rtexit2.o(.ARM.Collect$$rtexit$$00000002)
    .ARM.Collect$$rtexit$$00000003           0x08000262   Section        4  rtexit2.o(.ARM.Collect$$rtexit$$00000003)
    .ARM.Collect$$rtexit$$00000004           0x08000266   Section        6  rtexit2.o(.ARM.Collect$$rtexit$$00000004)
    .emb_text                                0x0800026c   Section        0  maybetermalloc1.o(.emb_text)
    .text                                    0x0800026c   Section       64  startup_stm32f411xe.o(.text)
    $v0                                      0x0800026c   Number         0  startup_stm32f411xe.o(.text)
    .text                                    0x080002ac   Section       38  llshl.o(.text)
    .text                                    0x080002d4   Section        0  noretval__2printf.o(.text)
    .text                                    0x080002ec   Section        0  __printf.o(.text)
    .text                                    0x08000354   Section        0  _printf_dec.o(.text)
    .text                                    0x080003cc   Section        0  __0scanf.o(.text)
    .text                                    0x080003ec   Section       78  rt_memclr_w.o(.text)
    .text                                    0x0800043c   Section      128  strcmpv7m.o(.text)
    .text                                    0x080004bc   Section        0  heapauxi.o(.text)
    .text                                    0x080004c2   Section        0  _rserrno.o(.text)
    .text                                    0x080004d8   Section        0  _printf_intcommon.o(.text)
    .text                                    0x0800058c   Section        0  _printf_char_file.o(.text)
    .text                                    0x080005b0   Section        0  scanf_fp.o(.text)
    _fp_value                                0x080005b1   Thumb Code   588  scanf_fp.o(.text)
    .text                                    0x08000aa8   Section        0  scanf_char_file.o(.text)
    .text                                    0x08000ac0   Section        8  rt_locale_intlibspace.o(.text)
    .text                                    0x08000ac8   Section        8  rt_errno_addr_intlibspace.o(.text)
    .text                                    0x08000ad0   Section        0  _printf_char_common.o(.text)
    _printf_input_char                       0x08000ad1   Thumb Code    10  _printf_char_common.o(.text)
    .text                                    0x08000b00   Section        0  scanf_char.o(.text)
    _scanf_char_input                        0x08000b01   Thumb Code    12  scanf_char.o(.text)
    .text                                    0x08000b2c   Section        0  bigflt0.o(.text)
    .text                                    0x08000c10   Section        0  backspace.o(.text)
    .text                                    0x08000c58   Section        0  ferror.o(.text)
    .text                                    0x08000c60   Section        0  initio.o(.text)
    .text                                    0x08000d98   Section        8  libspace.o(.text)
    .text                                    0x08000da0   Section       74  sys_stackheap_outer.o(.text)
    .text                                    0x08000dea   Section        0  h1_free.o(.text)
    .text                                    0x08000e38   Section        0  isspace.o(.text)
    .text                                    0x08000e4c   Section        0  _scanf.o(.text)
    .text                                    0x080011c0   Section        0  scanf_hexfp.o(.text)
    .text                                    0x080014e0   Section        0  scanf_infnan.o(.text)
    .text                                    0x08001614   Section        0  filbuf.o(.text)
    .text                                    0x0800184e   Section        0  flsbuf.o(.text)
    .text                                    0x08001a24   Section        0  setvbuf.o(.text)
    .text                                    0x08001a6c   Section        0  ungetc.o(.text)
    .text                                    0x08001ab4   Section        0  fopen.o(.text)
    _freopen_locked                          0x08001ab5   Thumb Code     0  fopen.o(.text)
    .text                                    0x08001ba0   Section        0  fclose.o(.text)
    .text                                    0x08001bec   Section        0  exit.o(.text)
    .text                                    0x08001bfe   Section        0  defsig_rtred_outer.o(.text)
    .text                                    0x08001c0c   Section       16  rt_ctype_table.o(.text)
    .text                                    0x08001c1c   Section        8  rt_heap_descriptor_intlibspace.o(.text)
    .text                                    0x08001c24   Section        0  hguard.o(.text)
    .text                                    0x08001c28   Section        0  init_alloc.o(.text)
    .text                                    0x08001cb2   Section        0  h1_alloc.o(.text)
    .text                                    0x08001d10   Section        0  _chval.o(.text)
    .text                                    0x08001d2c   Section        0  fseek.o(.text)
    .text                                    0x08001e24   Section        0  stdio.o(.text)
    .text                                    0x08001f14   Section        0  flushlinebuffered.o(.text)
    .text                                    0x08001f4c   Section        0  defsig_exit.o(.text)
    .text                                    0x08001f58   Section        0  defsig_rtred_inner.o(.text)
    .text                                    0x08001f8c   Section        0  sys_exit.o(.text)
    .text                                    0x08001f98   Section        0  h1_init.o(.text)
    .text                                    0x08001fa6   Section        0  h1_extend.o(.text)
    .text                                    0x08001fdc   Section        0  fflush.o(.text)
    .text                                    0x08002040   Section        0  ftell.o(.text)
    .text                                    0x08002082   Section        0  defsig_general.o(.text)
    .text                                    0x080020b4   Section        0  defsig_rtmem_outer.o(.text)
    .text                                    0x080020c2   Section        0  sys_wrch.o(.text)
    .text                                    0x080020d0   Section        2  use_no_semi.o(.text)
    .text                                    0x080020d2   Section        0  indicate_semi.o(.text)
    .text                                    0x080020d4   Section        0  defsig_rtmem_inner.o(.text)
    CL$$btod_div_common                      0x08002124   Section      824  btod.o(CL$$btod_div_common)
    CL$$btod_e2d                             0x0800245c   Section      132  btod.o(CL$$btod_e2d)
    CL$$btod_e2e                             0x080024e0   Section      220  btod.o(CL$$btod_e2e)
    CL$$btod_ediv                            0x080025bc   Section       42  btod.o(CL$$btod_ediv)
    CL$$btod_edivd                           0x080025e6   Section       42  btod.o(CL$$btod_edivd)
    CL$$btod_emul                            0x08002610   Section       42  btod.o(CL$$btod_emul)
    CL$$btod_emuld                           0x0800263a   Section       42  btod.o(CL$$btod_emuld)
    CL$$btod_mult_common                     0x08002664   Section      580  btod.o(CL$$btod_mult_common)
    i.ITM_ReceiveChar                        0x080028a8   Section        0  retarget_io.o(i.ITM_ReceiveChar)
    i.ITM_SendChar                           0x080028cc   Section        0  retarget_io.o(i.ITM_SendChar)
    i.SystemInit                             0x080028fc   Section        0  system_stm32f4xx.o(i.SystemInit)
    i.__hardfp___mathlib_tofloat             0x08002918   Section        0  narrow.o(i.__hardfp___mathlib_tofloat)
    i.__hardfp_ldexp                         0x08002a10   Section        0  ldexp.o(i.__hardfp_ldexp)
    i.__hardfp_logf                          0x08002ae0   Section        0  logf.o(i.__hardfp_logf)
    i.__mathlib_dbl_overflow                 0x08002c50   Section        0  dunder.o(i.__mathlib_dbl_overflow)
    i.__mathlib_dbl_underflow                0x08002c70   Section        0  dunder.o(i.__mathlib_dbl_underflow)
    i.__mathlib_flt_divzero                  0x08002c90   Section        0  funder.o(i.__mathlib_flt_divzero)
    i.__mathlib_flt_infnan                   0x08002ca4   Section        0  funder.o(i.__mathlib_flt_infnan)
    i.__mathlib_flt_invalid                  0x08002cac   Section        0  funder.o(i.__mathlib_flt_invalid)
    i.__mathlib_narrow                       0x08002cbc   Section        0  narrow.o(i.__mathlib_narrow)
    i.__support_ldexp                        0x08002cce   Section        0  ldexp.o(i.__support_ldexp)
    i._is_digit                              0x08002ce2   Section        0  __printf_wp.o(i._is_digit)
    i._sys_close                             0x08002cf0   Section        0  retarget_io.o(i._sys_close)
    i._sys_flen                              0x08002d16   Section        0  retarget_io.o(i._sys_flen)
    i._sys_istty                             0x08002d3a   Section        0  retarget_io.o(i._sys_istty)
    i._sys_open                              0x08002d60   Section        0  retarget_io.o(i._sys_open)
    i._sys_read                              0x08002dc8   Section        0  retarget_io.o(i._sys_read)
    i._sys_seek                              0x08002e14   Section        0  retarget_io.o(i._sys_seek)
    i._sys_write                             0x08002e40   Section        0  retarget_io.o(i._sys_write)
    i.arm_gaussian_naive_bayes_predict_f32   0x08002e88   Section        0  bayesfunctions.o(i.arm_gaussian_naive_bayes_predict_f32)
    i.arm_max_f32                            0x08002f90   Section        0  statisticsfunctions.o(i.arm_max_f32)
    i.fgetc                                  0x08002fc4   Section        0  fgetc.o(i.fgetc)
    i.fputc                                  0x08002fdc   Section        0  fputc.o(i.fputc)
    i.frexp                                  0x08002ff8   Section        0  frexp.o(i.frexp)
    i.main                                   0x08003084   Section        0  main.o(i.main)
    i.stdin_getchar                          0x080030f4   Section        0  retarget_io.o(i.stdin_getchar)
    stdin_getchar                            0x080030f5   Thumb Code    16  retarget_io.o(i.stdin_getchar)
    i.stdout_putchar                         0x08003104   Section        0  retarget_io.o(i.stdout_putchar)
    stdout_putchar                           0x08003105   Thumb Code    12  retarget_io.o(i.stdout_putchar)
    locale$$code                             0x08003110   Section       44  lc_numeric_c.o(locale$$code)
    locale$$code                             0x0800313c   Section       44  lc_ctype_c.o(locale$$code)
    x$fpl$d2f                                0x08003168   Section       98  d2f.o(x$fpl$d2f)
    $v0                                      0x08003168   Number         0  d2f.o(x$fpl$d2f)
    x$fpl$dcheck1                            0x080031cc   Section       16  dcheck1.o(x$fpl$dcheck1)
    $v0                                      0x080031cc   Number         0  dcheck1.o(x$fpl$dcheck1)
    x$fpl$dcmpinf                            0x080031dc   Section       24  dcmpi.o(x$fpl$dcmpinf)
    $v0                                      0x080031dc   Number         0  dcmpi.o(x$fpl$dcmpinf)
    x$fpl$deqf                               0x080031f4   Section      120  deqf.o(x$fpl$deqf)
    $v0                                      0x080031f4   Number         0  deqf.o(x$fpl$deqf)
    x$fpl$dleqf                              0x0800326c   Section      120  dleqf.o(x$fpl$dleqf)
    $v0                                      0x0800326c   Number         0  dleqf.o(x$fpl$dleqf)
    x$fpl$dmul                               0x080032e4   Section      340  dmul.o(x$fpl$dmul)
    $v0                                      0x080032e4   Number         0  dmul.o(x$fpl$dmul)
    x$fpl$dnaninf                            0x08003438   Section      156  dnaninf.o(x$fpl$dnaninf)
    $v0                                      0x08003438   Number         0  dnaninf.o(x$fpl$dnaninf)
    x$fpl$dretinf                            0x080034d4   Section       12  dretinf.o(x$fpl$dretinf)
    $v0                                      0x080034d4   Number         0  dretinf.o(x$fpl$dretinf)
    x$fpl$drleqf                             0x080034e0   Section      108  drleqf.o(x$fpl$drleqf)
    $v0                                      0x080034e0   Number         0  drleqf.o(x$fpl$drleqf)
    x$fpl$fpinit                             0x0800354c   Section       10  fpinit.o(x$fpl$fpinit)
    $v0                                      0x0800354c   Number         0  fpinit.o(x$fpl$fpinit)
    x$fpl$fretinf                            0x08003556   Section       10  fretinf.o(x$fpl$fretinf)
    $v0                                      0x08003556   Number         0  fretinf.o(x$fpl$fretinf)
    x$fpl$ieeestatus                         0x08003560   Section        6  istatus.o(x$fpl$ieeestatus)
    $v0                                      0x08003560   Number         0  istatus.o(x$fpl$ieeestatus)
    x$fpl$retnan                             0x08003566   Section      100  retnan.o(x$fpl$retnan)
    $v0                                      0x08003566   Number         0  retnan.o(x$fpl$retnan)
    x$fpl$scalbn                             0x080035ca   Section       92  scalbn.o(x$fpl$scalbn)
    $v0                                      0x080035ca   Number         0  scalbn.o(x$fpl$scalbn)
    x$fpl$scanf1                             0x08003626   Section        4  scanf1.o(x$fpl$scanf1)
    $v0                                      0x08003626   Number         0  scanf1.o(x$fpl$scanf1)
    x$fpl$scanf2                             0x0800362a   Section        8  scanf2.o(x$fpl$scanf2)
    $v0                                      0x0800362a   Number         0  scanf2.o(x$fpl$scanf2)
    x$fpl$trapveneer                         0x08003632   Section       48  trapv.o(x$fpl$trapveneer)
    $v0                                      0x08003632   Number         0  trapv.o(x$fpl$trapveneer)
    x$fpl$usenofp                            0x08003662   Section        0  usenofp.o(x$fpl$usenofp)
    .constdata                               0x08003664   Section       60  main.o(.constdata)
    .constdata                               0x080036a0   Section       23  retarget_io.o(.constdata)
    .constdata                               0x080036b8   Section       64  logf.o(.constdata)
    logahi                                   0x080036b8   Data          32  logf.o(.constdata)
    logalo                                   0x080036d8   Data          32  logf.o(.constdata)
    .constdata                               0x080036f8   Section      148  bigflt0.o(.constdata)
    tenpwrs_x                                0x080036f8   Data          60  bigflt0.o(.constdata)
    tenpwrs_i                                0x08003734   Data          64  bigflt0.o(.constdata)
    c$$dinf                                  0x080037ac   Section        8  fpconst.o(c$$dinf)
    c$$dmax                                  0x080037b4   Section        8  fpconst.o(c$$dmax)
    locale$$data                             0x080037bc   Section       28  lc_numeric_c.o(locale$$data)
    __lcnum_c_name                           0x080037c0   Data           2  lc_numeric_c.o(locale$$data)
    __lcnum_c_start                          0x080037c8   Data           0  lc_numeric_c.o(locale$$data)
    __lcnum_c_point                          0x080037d4   Data           0  lc_numeric_c.o(locale$$data)
    __lcnum_c_thousands                      0x080037d6   Data           0  lc_numeric_c.o(locale$$data)
    __lcnum_c_grouping                       0x080037d7   Data           0  lc_numeric_c.o(locale$$data)
    locale$$data                             0x080037d8   Section      272  lc_ctype_c.o(locale$$data)
    __lcnum_c_end                            0x080037d8   Data           0  lc_numeric_c.o(locale$$data)
    __lcctype_c_name                         0x080037dc   Data           2  lc_ctype_c.o(locale$$data)
    __lcctype_c_start                        0x080037e4   Data           0  lc_ctype_c.o(locale$$data)
    __lcctype_c_end                          0x080038e8   Data           0  lc_ctype_c.o(locale$$data)
    .data                                    0x20000000   Section        4  retarget_io.o(.data)
    .data                                    0x20000004   Section        4  stdio_streams.o(.data)
    .data                                    0x20000008   Section        4  stdio_streams.o(.data)
    .data                                    0x2000000c   Section        4  stdio_streams.o(.data)
    .bss                                     0x20000010   Section       24  main.o(.bss)
    .bss                                     0x20000028   Section       84  stdio_streams.o(.bss)
    .bss                                     0x2000007c   Section       84  stdio_streams.o(.bss)
    .bss                                     0x200000d0   Section       84  stdio_streams.o(.bss)
    .bss                                     0x20000124   Section       96  libspace.o(.bss)
    HEAP                                     0x20000188   Section      512  startup_stm32f411xe.o(HEAP)
    Heap_Mem                                 0x20000188   Data         512  startup_stm32f411xe.o(HEAP)
    STACK                                    0x20000388   Section     1024  startup_stm32f411xe.o(STACK)
    Stack_Mem                                0x20000388   Data        1024  startup_stm32f411xe.o(STACK)
    __initial_sp                             0x20000788   Data           0  startup_stm32f411xe.o(STACK)

    Global Symbols

    Symbol Name                              Value     Ov Type        Size  Object(Section)

    BuildAttributes$$THM_ISAv4$E$P$D$K$B$S$7EM$VFPi3$EXTD16$VFPS$VFMA$PE$A:L22UL41UL21$X:L11$S22US41US21$IEEE1$IW$USESV6$~STKCKD$USESV7$~SHL$OTIME$ROPI$IEEEX$EBA8$UX$STANDARDLIB$REQ8$PRES8$EABIv2 0x00000000   Number         0  anon$$obj.o ABSOLUTE
    __ARM_use_no_argv                        0x00000000   Number         0  main.o ABSOLUTE
    __ARM_exceptions_init                     - Undefined Weak Reference
    __alloca_initialize                       - Undefined Weak Reference
    __arm_preinit_                            - Undefined Weak Reference
    __cpp_initialize__aeabi_                  - Undefined Weak Reference
    __cxa_finalize                            - Undefined Weak Reference
    __sigvec_lookup                           - Undefined Weak Reference
    __user_heap_extent                        - Undefined Weak Reference
    _atexit_init                              - Undefined Weak Reference
    _call_atexit_fns                          - Undefined Weak Reference
    _clock_init                               - Undefined Weak Reference
    _fp_trap_init                             - Undefined Weak Reference
    _fp_trap_shutdown                         - Undefined Weak Reference
    _get_lc_collate                           - Undefined Weak Reference
    _get_lc_monetary                          - Undefined Weak Reference
    _get_lc_time                              - Undefined Weak Reference
    _getenv_init                              - Undefined Weak Reference
    _handle_redirection                       - Undefined Weak Reference
    _mutex_acquire                            - Undefined Weak Reference
    _mutex_free                               - Undefined Weak Reference
    _mutex_release                            - Undefined Weak Reference
    _printf_post_padding                      - Undefined Weak Reference
    _printf_pre_padding                       - Undefined Weak Reference
    _printf_truncate_signed                   - Undefined Weak Reference
    _printf_truncate_unsigned                 - Undefined Weak Reference
    _rand_init                                - Undefined Weak Reference
    _scanf_int                                - Undefined Weak Reference
    _scanf_longlong                           - Undefined Weak Reference
    _scanf_mbtowc                             - Undefined Weak Reference
    _scanf_string                             - Undefined Weak Reference
    _scanf_wctomb                             - Undefined Weak Reference
    _scanf_wstring                            - Undefined Weak Reference
    _signal_finish                            - Undefined Weak Reference
    _signal_init                              - Undefined Weak Reference
    __Vectors_Size                           0x00000198   Number         0  startup_stm32f411xe.o ABSOLUTE
    __Vectors                                0x08000000   Data           4  startup_stm32f411xe.o(RESET)
    __Vectors_End                            0x08000198   Data           0  startup_stm32f411xe.o(RESET)
    __main                                   0x08000199   Thumb Code     8  __main.o(!!!main)
    __scatterload                            0x080001a1   Thumb Code     0  __scatter.o(!!!scatter)
    __scatterload_rt2                        0x080001a1   Thumb Code    44  __scatter.o(!!!scatter)
    __scatterload_rt2_thumb_only             0x080001a1   Thumb Code     0  __scatter.o(!!!scatter)
    __scatterload_null                       0x080001af   Thumb Code     0  __scatter.o(!!!scatter)
    __scatterload_copy                       0x080001d5   Thumb Code    26  __scatter_copy.o(!!handler_copy)
    __scatterload_zeroinit                   0x080001f1   Thumb Code    28  __scatter_zi.o(!!handler_zi)
    _printf_d                                0x0800020d   Thumb Code     0  _printf_d.o(.ARM.Collect$$_printf_percent$$00000009)
    _printf_percent                          0x0800020d   Thumb Code     0  _printf_percent.o(.ARM.Collect$$_printf_percent$$00000000)
    _printf_percent_end                      0x08000213   Thumb Code     0  _printf_percent_end.o(.ARM.Collect$$_printf_percent$$00000017)
    __rt_lib_init                            0x08000217   Thumb Code     0  libinit.o(.ARM.Collect$$libinit$$00000000)
    __rt_lib_init_fp_1                       0x08000219   Thumb Code     0  libinit2.o(.ARM.Collect$$libinit$$00000001)
    __rt_lib_init_heap_2                     0x0800021d   Thumb Code     0  libinit2.o(.ARM.Collect$$libinit$$00000005)
    __rt_lib_init_preinit_1                  0x0800021d   Thumb Code     0  libinit2.o(.ARM.Collect$$libinit$$00000004)
    __rt_lib_init_heap_1                     0x08000225   Thumb Code     0  libinit2.o(.ARM.Collect$$libinit$$0000000A)
    __rt_lib_init_lc_common                  0x08000225   Thumb Code     0  libinit2.o(.ARM.Collect$$libinit$$0000000F)
    __rt_lib_init_rand_1                     0x08000225   Thumb Code     0  libinit2.o(.ARM.Collect$$libinit$$0000000E)
    __rt_lib_init_user_alloc_1               0x08000225   Thumb Code     0  libinit2.o(.ARM.Collect$$libinit$$0000000C)
    __rt_lib_init_lc_collate_1               0x0800022b   Thumb Code     0  libinit2.o(.ARM.Collect$$libinit$$00000011)
    __rt_lib_init_lc_ctype_2                 0x0800022b   Thumb Code     0  libinit2.o(.ARM.Collect$$libinit$$00000012)
    __rt_lib_init_lc_ctype_1                 0x08000237   Thumb Code     0  libinit2.o(.ARM.Collect$$libinit$$00000013)
    __rt_lib_init_lc_monetary_1              0x08000237   Thumb Code     0  libinit2.o(.ARM.Collect$$libinit$$00000015)
    __rt_lib_init_lc_numeric_2               0x08000237   Thumb Code     0  libinit2.o(.ARM.Collect$$libinit$$00000016)
    __rt_lib_init_atexit_1                   0x08000241   Thumb Code     0  libinit2.o(.ARM.Collect$$libinit$$0000001B)
    __rt_lib_init_clock_1                    0x08000241   Thumb Code     0  libinit2.o(.ARM.Collect$$libinit$$00000021)
    __rt_lib_init_fp_trap_1                  0x08000241   Thumb Code     0  libinit2.o(.ARM.Collect$$libinit$$0000001F)
    __rt_lib_init_getenv_1                   0x08000241   Thumb Code     0  libinit2.o(.ARM.Collect$$libinit$$00000023)
    __rt_lib_init_lc_numeric_1               0x08000241   Thumb Code     0  libinit2.o(.ARM.Collect$$libinit$$00000017)
    __rt_lib_init_lc_time_1                  0x08000241   Thumb Code     0  libinit2.o(.ARM.Collect$$libinit$$00000019)
    __rt_lib_init_signal_1                   0x08000241   Thumb Code     0  libinit2.o(.ARM.Collect$$libinit$$0000001D)
    __rt_lib_init_stdio_2                    0x08000241   Thumb Code     0  libinit2.o(.ARM.Collect$$libinit$$00000024)
    __rt_lib_init_alloca_1                   0x08000245   Thumb Code     0  libinit2.o(.ARM.Collect$$libinit$$0000002E)
    __rt_lib_init_argv_1                     0x08000245   Thumb Code     0  libinit2.o(.ARM.Collect$$libinit$$0000002C)
    __rt_lib_init_cpp_1                      0x08000245   Thumb Code     0  libinit2.o(.ARM.Collect$$libinit$$00000032)
    __rt_lib_init_exceptions_1               0x08000245   Thumb Code     0  libinit2.o(.ARM.Collect$$libinit$$00000030)
    __rt_lib_init_return                     0x08000245   Thumb Code     0  libinit2.o(.ARM.Collect$$libinit$$00000033)
    __rt_lib_init_stdio_1                    0x08000245   Thumb Code     0  libinit2.o(.ARM.Collect$$libinit$$00000025)
    __rt_lib_shutdown                        0x08000247   Thumb Code     0  libshutdown.o(.ARM.Collect$$libshutdown$$00000000)
    __rt_lib_shutdown_cpp_1                  0x08000249   Thumb Code     0  libshutdown2.o(.ARM.Collect$$libshutdown$$00000002)
    __rt_lib_shutdown_stdio_2                0x08000249   Thumb Code     0  libshutdown2.o(.ARM.Collect$$libshutdown$$00000003)
    __rt_lib_shutdown_fp_trap_1              0x0800024d   Thumb Code     0  libshutdown2.o(.ARM.Collect$$libshutdown$$00000007)
    __rt_lib_shutdown_heap_1                 0x0800024d   Thumb Code     0  libshutdown2.o(.ARM.Collect$$libshutdown$$0000000F)
    __rt_lib_shutdown_return                 0x0800024d   Thumb Code     0  libshutdown2.o(.ARM.Collect$$libshutdown$$00000010)
    __rt_lib_shutdown_signal_1               0x0800024d   Thumb Code     0  libshutdown2.o(.ARM.Collect$$libshutdown$$0000000A)
    __rt_lib_shutdown_stdio_1                0x0800024d   Thumb Code     0  libshutdown2.o(.ARM.Collect$$libshutdown$$00000004)
    __rt_lib_shutdown_user_alloc_1           0x0800024d   Thumb Code     0  libshutdown2.o(.ARM.Collect$$libshutdown$$0000000C)
    __rt_entry                               0x0800024f   Thumb Code     0  __rtentry.o(.ARM.Collect$$rtentry$$00000000)
    __rt_entry_presh_1                       0x0800024f   Thumb Code     0  __rtentry2.o(.ARM.Collect$$rtentry$$00000002)
    __rt_entry_sh                            0x0800024f   Thumb Code     0  __rtentry4.o(.ARM.Collect$$rtentry$$00000004)
    __rt_entry_li                            0x08000255   Thumb Code     0  __rtentry2.o(.ARM.Collect$$rtentry$$0000000A)
    __rt_entry_postsh_1                      0x08000255   Thumb Code     0  __rtentry2.o(.ARM.Collect$$rtentry$$00000009)
    __rt_entry_main                          0x08000259   Thumb Code     0  __rtentry2.o(.ARM.Collect$$rtentry$$0000000D)
    __rt_entry_postli_1                      0x08000259   Thumb Code     0  __rtentry2.o(.ARM.Collect$$rtentry$$0000000C)
    __rt_exit                                0x08000261   Thumb Code     0  rtexit.o(.ARM.Collect$$rtexit$$00000000)
    __rt_exit_ls                             0x08000263   Thumb Code     0  rtexit2.o(.ARM.Collect$$rtexit$$00000003)
    __rt_exit_prels_1                        0x08000263   Thumb Code     0  rtexit2.o(.ARM.Collect$$rtexit$$00000002)
    __rt_exit_exit                           0x08000267   Thumb Code     0  rtexit2.o(.ARM.Collect$$rtexit$$00000004)
    Reset_Handler                            0x0800026d   Thumb Code     8  startup_stm32f411xe.o(.text)
    _maybe_terminate_alloc                   0x0800026d   Thumb Code     0  maybetermalloc1.o(.emb_text)
    NMI_Handler                              0x08000275   Thumb Code     2  startup_stm32f411xe.o(.text)
    HardFault_Handler                        0x08000277   Thumb Code     2  startup_stm32f411xe.o(.text)
    MemManage_Handler                        0x08000279   Thumb Code     2  startup_stm32f411xe.o(.text)
    BusFault_Handler                         0x0800027b   Thumb Code     2  startup_stm32f411xe.o(.text)
    UsageFault_Handler                       0x0800027d   Thumb Code     2  startup_stm32f411xe.o(.text)
    SVC_Handler                              0x0800027f   Thumb Code     2  startup_stm32f411xe.o(.text)
    DebugMon_Handler                         0x08000281   Thumb Code     2  startup_stm32f411xe.o(.text)
    PendSV_Handler                           0x08000283   Thumb Code     2  startup_stm32f411xe.o(.text)
    SysTick_Handler                          0x08000285   Thumb Code     2  startup_stm32f411xe.o(.text)
    ADC_IRQHandler                           0x08000287   Thumb Code     0  startup_stm32f411xe.o(.text)
    DMA1_Stream0_IRQHandler                  0x08000287   Thumb Code     0  startup_stm32f411xe.o(.text)
    DMA1_Stream1_IRQHandler                  0x08000287   Thumb Code     0  startup_stm32f411xe.o(.text)
    DMA1_Stream2_IRQHandler                  0x08000287   Thumb Code     0  startup_stm32f411xe.o(.text)
    DMA1_Stream3_IRQHandler                  0x08000287   Thumb Code     0  startup_stm32f411xe.o(.text)
    DMA1_Stream4_IRQHandler                  0x08000287   Thumb Code     0  startup_stm32f411xe.o(.text)
    DMA1_Stream5_IRQHandler                  0x08000287   Thumb Code     0  startup_stm32f411xe.o(.text)
    DMA1_Stream6_IRQHandler                  0x08000287   Thumb Code     0  startup_stm32f411xe.o(.text)
    DMA1_Stream7_IRQHandler                  0x08000287   Thumb Code     0  startup_stm32f411xe.o(.text)
    DMA2_Stream0_IRQHandler                  0x08000287   Thumb Code     0  startup_stm32f411xe.o(.text)
    DMA2_Stream1_IRQHandler                  0x08000287   Thumb Code     0  startup_stm32f411xe.o(.text)
    DMA2_Stream2_IRQHandler                  0x08000287   Thumb Code     0  startup_stm32f411xe.o(.text)
    DMA2_Stream3_IRQHandler                  0x08000287   Thumb Code     0  startup_stm32f411xe.o(.text)
    DMA2_Stream4_IRQHandler                  0x08000287   Thumb Code     0  startup_stm32f411xe.o(.text)
    DMA2_Stream5_IRQHandler                  0x08000287   Thumb Code     0  startup_stm32f411xe.o(.text)
    DMA2_Stream6_IRQHandler                  0x08000287   Thumb Code     0  startup_stm32f411xe.o(.text)
    DMA2_Stream7_IRQHandler                  0x08000287   Thumb Code     0  startup_stm32f411xe.o(.text)
    EXTI0_IRQHandler                         0x08000287   Thumb Code     0  startup_stm32f411xe.o(.text)
    EXTI15_10_IRQHandler                     0x08000287   Thumb Code     0  startup_stm32f411xe.o(.text)
    EXTI1_IRQHandler                         0x08000287   Thumb Code     0  startup_stm32f411xe.o(.text)
    EXTI2_IRQHandler                         0x08000287   Thumb Code     0  startup_stm32f411xe.o(.text)
    EXTI3_IRQHandler                         0x08000287   Thumb Code     0  startup_stm32f411xe.o(.text)
    EXTI4_IRQHandler                         0x08000287   Thumb Code     0  startup_stm32f411xe.o(.text)
    EXTI9_5_IRQHandler                       0x08000287   Thumb Code     0  startup_stm32f411xe.o(.text)
    FLASH_IRQHandler                         0x08000287   Thumb Code     0  startup_stm32f411xe.o(.text)
    FPU_IRQHandler                           0x08000287   Thumb Code     0  startup_stm32f411xe.o(.text)
    I2C1_ER_IRQHandler                       0x08000287   Thumb Code     0  startup_stm32f411xe.o(.text)
    I2C1_EV_IRQHandler                       0x08000287   Thumb Code     0  startup_stm32f411xe.o(.text)
    I2C2_ER_IRQHandler                       0x08000287   Thumb Code     0  startup_stm32f411xe.o(.text)
    I2C2_EV_IRQHandler                       0x08000287   Thumb Code     0  startup_stm32f411xe.o(.text)
    I2C3_ER_IRQHandler                       0x08000287   Thumb Code     0  startup_stm32f411xe.o(.text)
    I2C3_EV_IRQHandler                       0x08000287   Thumb Code     0  startup_stm32f411xe.o(.text)
    OTG_FS_IRQHandler                        0x08000287   Thumb Code     0  startup_stm32f411xe.o(.text)
    OTG_FS_WKUP_IRQHandler                   0x08000287   Thumb Code     0  startup_stm32f411xe.o(.text)
    PVD_IRQHandler                           0x08000287   Thumb Code     0  startup_stm32f411xe.o(.text)
    RCC_IRQHandler                           0x08000287   Thumb Code     0  startup_stm32f411xe.o(.text)
    RTC_Alarm_IRQHandler                     0x08000287   Thumb Code     0  startup_stm32f411xe.o(.text)
    RTC_WKUP_IRQHandler                      0x08000287   Thumb Code     0  startup_stm32f411xe.o(.text)
    SDIO_IRQHandler                          0x08000287   Thumb Code     0  startup_stm32f411xe.o(.text)
    SPI1_IRQHandler                          0x08000287   Thumb Code     0  startup_stm32f411xe.o(.text)
    SPI2_IRQHandler                          0x08000287   Thumb Code     0  startup_stm32f411xe.o(.text)
    SPI3_IRQHandler                          0x08000287   Thumb Code     0  startup_stm32f411xe.o(.text)
    SPI4_IRQHandler                          0x08000287   Thumb Code     0  startup_stm32f411xe.o(.text)
    SPI5_IRQHandler                          0x08000287   Thumb Code     0  startup_stm32f411xe.o(.text)
    TAMP_STAMP_IRQHandler                    0x08000287   Thumb Code     0  startup_stm32f411xe.o(.text)
    TIM1_BRK_TIM9_IRQHandler                 0x08000287   Thumb Code     0  startup_stm32f411xe.o(.text)
    TIM1_CC_IRQHandler                       0x08000287   Thumb Code     0  startup_stm32f411xe.o(.text)
    TIM1_TRG_COM_TIM11_IRQHandler            0x08000287   Thumb Code     0  startup_stm32f411xe.o(.text)
    TIM1_UP_TIM10_IRQHandler                 0x08000287   Thumb Code     0  startup_stm32f411xe.o(.text)
    TIM2_IRQHandler                          0x08000287   Thumb Code     0  startup_stm32f411xe.o(.text)
    TIM3_IRQHandler                          0x08000287   Thumb Code     0  startup_stm32f411xe.o(.text)
    TIM4_IRQHandler                          0x08000287   Thumb Code     0  startup_stm32f411xe.o(.text)
    TIM5_IRQHandler                          0x08000287   Thumb Code     0  startup_stm32f411xe.o(.text)
    USART1_IRQHandler                        0x08000287   Thumb Code     0  startup_stm32f411xe.o(.text)
    USART2_IRQHandler                        0x08000287   Thumb Code     0  startup_stm32f411xe.o(.text)
    USART6_IRQHandler                        0x08000287   Thumb Code     0  startup_stm32f411xe.o(.text)
    WWDG_IRQHandler                          0x08000287   Thumb Code     0  startup_stm32f411xe.o(.text)
    __user_initial_stackheap                 0x08000289   Thumb Code     0  startup_stm32f411xe.o(.text)
    __aeabi_llsl                             0x080002ad   Thumb Code     0  llshl.o(.text)
    _ll_shift_l                              0x080002ad   Thumb Code    38  llshl.o(.text)
    __2printf                                0x080002d5   Thumb Code    20  noretval__2printf.o(.text)
    __printf                                 0x080002ed   Thumb Code   104  __printf.o(.text)
    _printf_int_dec                          0x08000355   Thumb Code   104  _printf_dec.o(.text)
    __0scanf                                 0x080003cd   Thumb Code    26  __0scanf.o(.text)
    __aeabi_memclr4                          0x080003ed   Thumb Code     0  rt_memclr_w.o(.text)
    __aeabi_memclr8                          0x080003ed   Thumb Code     0  rt_memclr_w.o(.text)
    __rt_memclr_w                            0x080003ed   Thumb Code    78  rt_memclr_w.o(.text)
    _memset_w                                0x080003f1   Thumb Code     0  rt_memclr_w.o(.text)
    strcmp                                   0x0800043d   Thumb Code   128  strcmpv7m.o(.text)
    __use_two_region_memory                  0x080004bd   Thumb Code     2  heapauxi.o(.text)
    __rt_heap_escrow                         0x080004bf   Thumb Code     2  heapauxi.o(.text)
    __rt_heap_expand                         0x080004c1   Thumb Code     2  heapauxi.o(.text)
    __read_errno                             0x080004c3   Thumb Code    10  _rserrno.o(.text)
    __set_errno                              0x080004cd   Thumb Code    12  _rserrno.o(.text)
    _printf_int_common                       0x080004d9   Thumb Code   178  _printf_intcommon.o(.text)
    _printf_char_file                        0x0800058d   Thumb Code    32  _printf_char_file.o(.text)
    _scanf_really_real                       0x080007fd   Thumb Code   684  scanf_fp.o(.text)
    __vfscanf_char_file                      0x08000aa9   Thumb Code    16  scanf_char_file.o(.text)
    __rt_locale                              0x08000ac1   Thumb Code     8  rt_locale_intlibspace.o(.text)
    __aeabi_errno_addr                       0x08000ac9   Thumb Code     8  rt_errno_addr_intlibspace.o(.text)
    __errno$intlibspace                      0x08000ac9   Thumb Code     0  rt_errno_addr_intlibspace.o(.text)
    __rt_errno_addr$intlibspace              0x08000ac9   Thumb Code     0  rt_errno_addr_intlibspace.o(.text)
    _printf_char_common                      0x08000adb   Thumb Code    32  _printf_char_common.o(.text)
    __vfscanf_char                           0x08000b0d   Thumb Code    24  scanf_char.o(.text)
    _btod_etento                             0x08000b2d   Thumb Code   224  bigflt0.o(.text)
    ___backspace$unlocked                    0x08000c11   Thumb Code     2  backspace.o(.text)
    __backspace                              0x08000c13   Thumb Code    70  backspace.o(.text)
    ferror                                   0x08000c59   Thumb Code     8  ferror.o(.text)
    _initio                                  0x08000c61   Thumb Code   210  initio.o(.text)
    _terminateio                             0x08000d33   Thumb Code    56  initio.o(.text)
    __user_libspace                          0x08000d99   Thumb Code     8  libspace.o(.text)
    __user_perproc_libspace                  0x08000d99   Thumb Code     0  libspace.o(.text)
    __user_perthread_libspace                0x08000d99   Thumb Code     0  libspace.o(.text)
    __user_setup_stackheap                   0x08000da1   Thumb Code    74  sys_stackheap_outer.o(.text)
    free                                     0x08000deb   Thumb Code    78  h1_free.o(.text)
    isspace                                  0x08000e39   Thumb Code    18  isspace.o(.text)
    __vfscanf                                0x08000e4d   Thumb Code   878  _scanf.o(.text)
    _scanf_really_hex_real                   0x080011c1   Thumb Code   786  scanf_hexfp.o(.text)
    _scanf_really_infnan                     0x080014e1   Thumb Code   292  scanf_infnan.o(.text)
    _readbuf                                 0x08001615   Thumb Code    54  filbuf.o(.text)
    _seteof                                  0x0800164b   Thumb Code    40  filbuf.o(.text)
    __filbuf                                 0x08001673   Thumb Code   476  filbuf.o(.text)
    __filbuf_byte                            0x08001673   Thumb Code     0  filbuf.o(.text)
    __filbuf_wide                            0x08001673   Thumb Code     0  filbuf.o(.text)
    __flsbuf                                 0x0800184f   Thumb Code   470  flsbuf.o(.text)
    __flsbuf_byte                            0x0800184f   Thumb Code     0  flsbuf.o(.text)
    __flsbuf_wide                            0x0800184f   Thumb Code     0  flsbuf.o(.text)
    setvbuf                                  0x08001a25   Thumb Code    70  setvbuf.o(.text)
    _ungetc_internal                         0x08001a6d   Thumb Code    60  ungetc.o(.text)
    ungetc                                   0x08001a6d   Thumb Code     0  ungetc.o(.text)
    freopen                                  0x08001ab5   Thumb Code   158  fopen.o(.text)
    fopen                                    0x08001b53   Thumb Code    74  fopen.o(.text)
    _fclose_internal                         0x08001ba1   Thumb Code    76  fclose.o(.text)
    fclose                                   0x08001ba1   Thumb Code     0  fclose.o(.text)
    exit                                     0x08001bed   Thumb Code    18  exit.o(.text)
    __rt_SIGRTRED                            0x08001bff   Thumb Code    14  defsig_rtred_outer.o(.text)
    __rt_ctype_table                         0x08001c0d   Thumb Code    16  rt_ctype_table.o(.text)
    __rt_heap_descriptor                     0x08001c1d   Thumb Code     8  rt_heap_descriptor_intlibspace.o(.text)
    __use_no_heap                            0x08001c25   Thumb Code     2  hguard.o(.text)
    __heap$guard                             0x08001c27   Thumb Code     2  hguard.o(.text)
    _terminate_user_alloc                    0x08001c29   Thumb Code     2  init_alloc.o(.text)
    _init_user_alloc                         0x08001c2b   Thumb Code     2  init_alloc.o(.text)
    __Heap_Full                              0x08001c2d   Thumb Code    34  init_alloc.o(.text)
    __Heap_Broken                            0x08001c4f   Thumb Code     6  init_alloc.o(.text)
    _init_alloc                              0x08001c55   Thumb Code    94  init_alloc.o(.text)
    malloc                                   0x08001cb3   Thumb Code    94  h1_alloc.o(.text)
    _chval                                   0x08001d11   Thumb Code    28  _chval.o(.text)
    _fseek                                   0x08001d2d   Thumb Code   242  fseek.o(.text)
    fseek                                    0x08001d2d   Thumb Code     0  fseek.o(.text)
    _seterr                                  0x08001e25   Thumb Code    20  stdio.o(.text)
    _writebuf                                0x08001e39   Thumb Code    84  stdio.o(.text)
    _fflush                                  0x08001e8d   Thumb Code    70  stdio.o(.text)
    _deferredlazyseek                        0x08001ed3   Thumb Code    60  stdio.o(.text)
    _flushlinebuffered                       0x08001f15   Thumb Code    50  flushlinebuffered.o(.text)
    __sig_exit                               0x08001f4d   Thumb Code    10  defsig_exit.o(.text)
    __rt_SIGRTRED_inner                      0x08001f59   Thumb Code    14  defsig_rtred_inner.o(.text)
    _sys_exit                                0x08001f8d   Thumb Code     8  sys_exit.o(.text)
    __Heap_Initialize                        0x08001f99   Thumb Code    10  h1_init.o(.text)
    __Heap_DescSize                          0x08001fa3   Thumb Code     4  h1_init.o(.text)
    __Heap_ProvideMemory                     0x08001fa7   Thumb Code    52  h1_extend.o(.text)
    _do_fflush                               0x08001fdd   Thumb Code    54  fflush.o(.text)
    fflush                                   0x08002013   Thumb Code    42  fflush.o(.text)
    _ftell_internal                          0x08002041   Thumb Code    66  ftell.o(.text)
    ftell                                    0x08002041   Thumb Code     0  ftell.o(.text)
    __default_signal_display                 0x08002083   Thumb Code    50  defsig_general.o(.text)
    __rt_SIGRTMEM                            0x080020b5   Thumb Code    14  defsig_rtmem_outer.o(.text)
    _ttywrch                                 0x080020c3   Thumb Code    14  sys_wrch.o(.text)
    __I$use$semihosting                      0x080020d1   Thumb Code     0  use_no_semi.o(.text)
    __use_no_semihosting_swi                 0x080020d1   Thumb Code     2  use_no_semi.o(.text)
    __semihosting_library_function           0x080020d3   Thumb Code     0  indicate_semi.o(.text)
    __rt_SIGRTMEM_inner                      0x080020d5   Thumb Code    22  defsig_rtmem_inner.o(.text)
    __btod_div_common                        0x08002125   Thumb Code   696  btod.o(CL$$btod_div_common)
    _e2d                                     0x0800245d   Thumb Code   122  btod.o(CL$$btod_e2d)
    _e2e                                     0x080024e1   Thumb Code   220  btod.o(CL$$btod_e2e)
    _btod_ediv                               0x080025bd   Thumb Code    42  btod.o(CL$$btod_ediv)
    _btod_edivd                              0x080025e7   Thumb Code    42  btod.o(CL$$btod_edivd)
    _btod_emul                               0x08002611   Thumb Code    42  btod.o(CL$$btod_emul)
    _btod_emuld                              0x0800263b   Thumb Code    42  btod.o(CL$$btod_emuld)
    __btod_mult_common                       0x08002665   Thumb Code   580  btod.o(CL$$btod_mult_common)
    ITM_ReceiveChar                          0x080028a9   Thumb Code    26  retarget_io.o(i.ITM_ReceiveChar)
    ITM_SendChar                             0x080028cd   Thumb Code    42  retarget_io.o(i.ITM_SendChar)
    SystemInit                               0x080028fd   Thumb Code    24  system_stm32f4xx.o(i.SystemInit)
    __hardfp___mathlib_tofloat               0x08002919   Thumb Code   232  narrow.o(i.__hardfp___mathlib_tofloat)
    __hardfp_ldexp                           0x08002a11   Thumb Code   200  ldexp.o(i.__hardfp_ldexp)
    __hardfp_logf                            0x08002ae1   Thumb Code   320  logf.o(i.__hardfp_logf)
    __mathlib_logf                           0x08002ae1   Thumb Code     0  logf.o(i.__hardfp_logf)
    __mathlib_dbl_overflow                   0x08002c51   Thumb Code    24  dunder.o(i.__mathlib_dbl_overflow)
    __mathlib_dbl_underflow                  0x08002c71   Thumb Code    24  dunder.o(i.__mathlib_dbl_underflow)
    __mathlib_flt_divzero                    0x08002c91   Thumb Code    14  funder.o(i.__mathlib_flt_divzero)
    __mathlib_flt_infnan                     0x08002ca5   Thumb Code     6  funder.o(i.__mathlib_flt_infnan)
    __mathlib_flt_invalid                    0x08002cad   Thumb Code    10  funder.o(i.__mathlib_flt_invalid)
    __mathlib_narrow                         0x08002cbd   Thumb Code    18  narrow.o(i.__mathlib_narrow)
    __support_ldexp                          0x08002ccf   Thumb Code    20  ldexp.o(i.__support_ldexp)
    _is_digit                                0x08002ce3   Thumb Code    14  __printf_wp.o(i._is_digit)
    _sys_close                               0x08002cf1   Thumb Code    38  retarget_io.o(i._sys_close)
    _sys_flen                                0x08002d17   Thumb Code    36  retarget_io.o(i._sys_flen)
    _sys_istty                               0x08002d3b   Thumb Code    36  retarget_io.o(i._sys_istty)
    _sys_open                                0x08002d61   Thumb Code    80  retarget_io.o(i._sys_open)
    _sys_read                                0x08002dc9   Thumb Code    76  retarget_io.o(i._sys_read)
    _sys_seek                                0x08002e15   Thumb Code    44  retarget_io.o(i._sys_seek)
    _sys_write                               0x08002e41   Thumb Code    70  retarget_io.o(i._sys_write)
    arm_gaussian_naive_bayes_predict_f32     0x08002e89   Thumb Code   254  bayesfunctions.o(i.arm_gaussian_naive_bayes_predict_f32)
    arm_max_f32                              0x08002f91   Thumb Code    52  statisticsfunctions.o(i.arm_max_f32)
    fgetc                                    0x08002fc5   Thumb Code    24  fgetc.o(i.fgetc)
    fputc                                    0x08002fdd   Thumb Code    26  fputc.o(i.fputc)
    frexp                                    0x08002ff9   Thumb Code   118  frexp.o(i.frexp)
    main                                     0x08003085   Thumb Code    66  main.o(i.main)
    _get_lc_numeric                          0x08003111   Thumb Code    44  lc_numeric_c.o(locale$$code)
    _get_lc_ctype                            0x0800313d   Thumb Code    44  lc_ctype_c.o(locale$$code)
    __aeabi_d2f                              0x08003169   Thumb Code     0  d2f.o(x$fpl$d2f)
    _d2f                                     0x08003169   Thumb Code    98  d2f.o(x$fpl$d2f)
    __fpl_dcheck_NaN1                        0x080031cd   Thumb Code    10  dcheck1.o(x$fpl$dcheck1)
    __fpl_dcmp_Inf                           0x080031dd   Thumb Code    24  dcmpi.o(x$fpl$dcmpinf)
    __aeabi_cdcmpeq                          0x080031f5   Thumb Code     0  deqf.o(x$fpl$deqf)
    _dcmpeq                                  0x080031f5   Thumb Code   120  deqf.o(x$fpl$deqf)
    __aeabi_cdcmple                          0x0800326d   Thumb Code     0  dleqf.o(x$fpl$dleqf)
    _dcmple                                  0x0800326d   Thumb Code   120  dleqf.o(x$fpl$dleqf)
    __fpl_dcmple_InfNaN                      0x080032cf   Thumb Code     0  dleqf.o(x$fpl$dleqf)
    __aeabi_dmul                             0x080032e5   Thumb Code     0  dmul.o(x$fpl$dmul)
    _dmul                                    0x080032e5   Thumb Code   332  dmul.o(x$fpl$dmul)
    __fpl_dnaninf                            0x08003439   Thumb Code   156  dnaninf.o(x$fpl$dnaninf)
    __fpl_dretinf                            0x080034d5   Thumb Code    12  dretinf.o(x$fpl$dretinf)
    __aeabi_cdrcmple                         0x080034e1   Thumb Code     0  drleqf.o(x$fpl$drleqf)
    _drcmple                                 0x080034e1   Thumb Code   108  drleqf.o(x$fpl$drleqf)
    _fp_init                                 0x0800354d   Thumb Code    10  fpinit.o(x$fpl$fpinit)
    __fplib_config_fpu_vfp                   0x08003555   Thumb Code     0  fpinit.o(x$fpl$fpinit)
    __fplib_config_pureend_doubles           0x08003555   Thumb Code     0  fpinit.o(x$fpl$fpinit)
    __fpl_fretinf                            0x08003557   Thumb Code    10  fretinf.o(x$fpl$fretinf)
    __ieee_status                            0x08003561   Thumb Code     6  istatus.o(x$fpl$ieeestatus)
    __fpl_return_NaN                         0x08003567   Thumb Code   100  retnan.o(x$fpl$retnan)
    __ARM_scalbn                             0x080035cb   Thumb Code    92  scalbn.o(x$fpl$scalbn)
    _scanf_real                              0x08003627   Thumb Code     4  scanf1.o(x$fpl$scanf1)
    _scanf_hex_real                          0x0800362b   Thumb Code     4  scanf2.o(x$fpl$scanf2)
    _scanf_infnan                            0x0800362f   Thumb Code     4  scanf2.o(x$fpl$scanf2)
    __fpl_cmpreturn                          0x08003633   Thumb Code    48  trapv.o(x$fpl$trapveneer)
    __I$use$fp                               0x08003662   Number         0  usenofp.o(x$fpl$usenofp)
    theta                                    0x08003664   Data          24  main.o(.constdata)
    sigma                                    0x0800367c   Data          24  main.o(.constdata)
    classPriors                              0x08003694   Data          12  main.o(.constdata)
    __stdin_name                             0x080036a0   Data           7  retarget_io.o(.constdata)
    __stdout_name                            0x080036a7   Data           8  retarget_io.o(.constdata)
    __stderr_name                            0x080036af   Data           8  retarget_io.o(.constdata)
    Region$$Table$$Base                      0x0800378c   Number         0  anon$$obj.o(Region$$Table)
    Region$$Table$$Limit                     0x080037ac   Number         0  anon$$obj.o(Region$$Table)
    __aeabi_HUGE_VAL                         0x080037ac   Data           0  fpconst.o(c$$dinf)
    __aeabi_HUGE_VALL                        0x080037ac   Data           0  fpconst.o(c$$dinf)
    __aeabi_INFINITY                         0x080037ac   Data           0  fpconst.o(c$$dinf)
    __dInf                                   0x080037ac   Data           0  fpconst.o(c$$dinf)
    __huge_val                               0x080037ac   Data           0  fpconst.o(c$$dinf)
    __dbl_max                                0x080037b4   Data           0  fpconst.o(c$$dmax)
    __ctype                                  0x080037e5   Data           0  lc_ctype_c.o(locale$$data)
    ITM_RxBuffer                             0x20000000   Data           4  retarget_io.o(.data)
    __aeabi_stdin                            0x20000004   Data           4  stdio_streams.o(.data)
    __aeabi_stdout                           0x20000008   Data           4  stdio_streams.o(.data)
    __aeabi_stderr                           0x2000000c   Data           4  stdio_streams.o(.data)
    S                                        0x20000010   Data          24  main.o(.bss)
    __stdin                                  0x20000028   Data          84  stdio_streams.o(.bss)
    __stdout                                 0x2000007c   Data          84  stdio_streams.o(.bss)
    __stderr                                 0x200000d0   Data          84  stdio_streams.o(.bss)
    __libspace_start                         0x20000124   Data          96  libspace.o(.bss)
    __temporary_stack_top$libspace           0x20000184   Data           0  libspace.o(.bss)



==============================================================================

Memory Map of the image

  Image Entry point : 0x0800026d

  Load Region LR_1 (Base: 0x08000000, Size: 0x000038f8, Max: 0xffffffff, ABSOLUTE)

    Execution Region ER_RO (Exec base: 0x08000000, Load base: 0x08000000, Size: 0x000038e8, Max: 0xffffffff, ABSOLUTE)

    Exec Addr    Load Addr    Size         Type   Attr      Idx    E Section Name        Object

    0x08000000   0x08000000   0x00000198   Data   RO         3864    RESET               startup_stm32f411xe.o
    0x08000198   0x08000198   0x00000008   Code   RO         3977  * !!!main             c_w.l(__main.o)
    0x080001a0   0x080001a0   0x00000034   Code   RO         4611    !!!scatter          c_w.l(__scatter.o)
    0x080001d4   0x080001d4   0x0000001a   Code   RO         4613    !!handler_copy      c_w.l(__scatter_copy.o)
    0x080001ee   0x080001ee   0x00000002   PAD
    0x080001f0   0x080001f0   0x0000001c   Code   RO         4615    !!handler_zi        c_w.l(__scatter_zi.o)
    0x0800020c   0x0800020c   0x00000000   Code   RO         3964    .ARM.Collect$$_printf_percent$$00000000  c_w.l(_printf_percent.o)
    0x0800020c   0x0800020c   0x00000006   Code   RO         3963    .ARM.Collect$$_printf_percent$$00000009  c_w.l(_printf_d.o)
    0x08000212   0x08000212   0x00000004   Code   RO         4090    .ARM.Collect$$_printf_percent$$00000017  c_w.l(_printf_percent_end.o)
    0x08000216   0x08000216   0x00000002   Code   RO         4353    .ARM.Collect$$libinit$$00000000  c_w.l(libinit.o)
    0x08000218   0x08000218   0x00000004   Code   RO         4354    .ARM.Collect$$libinit$$00000001  c_w.l(libinit2.o)
    0x0800021c   0x0800021c   0x00000000   Code   RO         4357    .ARM.Collect$$libinit$$00000004  c_w.l(libinit2.o)
    0x0800021c   0x0800021c   0x00000008   Code   RO         4358    .ARM.Collect$$libinit$$00000005  c_w.l(libinit2.o)
    0x08000224   0x08000224   0x00000000   Code   RO         4360    .ARM.Collect$$libinit$$0000000A  c_w.l(libinit2.o)
    0x08000224   0x08000224   0x00000000   Code   RO         4362    .ARM.Collect$$libinit$$0000000C  c_w.l(libinit2.o)
    0x08000224   0x08000224   0x00000000   Code   RO         4364    .ARM.Collect$$libinit$$0000000E  c_w.l(libinit2.o)
    0x08000224   0x08000224   0x00000006   Code   RO         4365    .ARM.Collect$$libinit$$0000000F  c_w.l(libinit2.o)
    0x0800022a   0x0800022a   0x00000000   Code   RO         4367    .ARM.Collect$$libinit$$00000011  c_w.l(libinit2.o)
    0x0800022a   0x0800022a   0x0000000c   Code   RO         4368    .ARM.Collect$$libinit$$00000012  c_w.l(libinit2.o)
    0x08000236   0x08000236   0x00000000   Code   RO         4369    .ARM.Collect$$libinit$$00000013  c_w.l(libinit2.o)
    0x08000236   0x08000236   0x00000000   Code   RO         4371    .ARM.Collect$$libinit$$00000015  c_w.l(libinit2.o)
    0x08000236   0x08000236   0x0000000a   Code   RO         4372    .ARM.Collect$$libinit$$00000016  c_w.l(libinit2.o)
    0x08000240   0x08000240   0x00000000   Code   RO         4373    .ARM.Collect$$libinit$$00000017  c_w.l(libinit2.o)
    0x08000240   0x08000240   0x00000000   Code   RO         4375    .ARM.Collect$$libinit$$00000019  c_w.l(libinit2.o)
    0x08000240   0x08000240   0x00000000   Code   RO         4377    .ARM.Collect$$libinit$$0000001B  c_w.l(libinit2.o)
    0x08000240   0x08000240   0x00000000   Code   RO         4379    .ARM.Collect$$libinit$$0000001D  c_w.l(libinit2.o)
    0x08000240   0x08000240   0x00000000   Code   RO         4381    .ARM.Collect$$libinit$$0000001F  c_w.l(libinit2.o)
    0x08000240   0x08000240   0x00000000   Code   RO         4383    .ARM.Collect$$libinit$$00000021  c_w.l(libinit2.o)
    0x08000240   0x08000240   0x00000000   Code   RO         4385    .ARM.Collect$$libinit$$00000023  c_w.l(libinit2.o)
    0x08000240   0x08000240   0x00000004   Code   RO         4386    .ARM.Collect$$libinit$$00000024  c_w.l(libinit2.o)
    0x08000244   0x08000244   0x00000000   Code   RO         4387    .ARM.Collect$$libinit$$00000025  c_w.l(libinit2.o)
    0x08000244   0x08000244   0x00000000   Code   RO         4391    .ARM.Collect$$libinit$$0000002C  c_w.l(libinit2.o)
    0x08000244   0x08000244   0x00000000   Code   RO         4393    .ARM.Collect$$libinit$$0000002E  c_w.l(libinit2.o)
    0x08000244   0x08000244   0x00000000   Code   RO         4395    .ARM.Collect$$libinit$$00000030  c_w.l(libinit2.o)
    0x08000244   0x08000244   0x00000000   Code   RO         4397    .ARM.Collect$$libinit$$00000032  c_w.l(libinit2.o)
    0x08000244   0x08000244   0x00000002   Code   RO         4398    .ARM.Collect$$libinit$$00000033  c_w.l(libinit2.o)
    0x08000246   0x08000246   0x00000002   Code   RO         4586    .ARM.Collect$$libshutdown$$00000000  c_w.l(libshutdown.o)
    0x08000248   0x08000248   0x00000000   Code   RO         4400    .ARM.Collect$$libshutdown$$00000002  c_w.l(libshutdown2.o)
    0x08000248   0x08000248   0x00000004   Code   RO         4401    .ARM.Collect$$libshutdown$$00000003  c_w.l(libshutdown2.o)
    0x0800024c   0x0800024c   0x00000000   Code   RO         4402    .ARM.Collect$$libshutdown$$00000004  c_w.l(libshutdown2.o)
    0x0800024c   0x0800024c   0x00000000   Code   RO         4405    .ARM.Collect$$libshutdown$$00000007  c_w.l(libshutdown2.o)
    0x0800024c   0x0800024c   0x00000000   Code   RO         4408    .ARM.Collect$$libshutdown$$0000000A  c_w.l(libshutdown2.o)
    0x0800024c   0x0800024c   0x00000000   Code   RO         4410    .ARM.Collect$$libshutdown$$0000000C  c_w.l(libshutdown2.o)
    0x0800024c   0x0800024c   0x00000000   Code   RO         4413    .ARM.Collect$$libshutdown$$0000000F  c_w.l(libshutdown2.o)
    0x0800024c   0x0800024c   0x00000002   Code   RO         4414    .ARM.Collect$$libshutdown$$00000010  c_w.l(libshutdown2.o)
    0x0800024e   0x0800024e   0x00000000   Code   RO         4079    .ARM.Collect$$rtentry$$00000000  c_w.l(__rtentry.o)
    0x0800024e   0x0800024e   0x00000000   Code   RO         4148    .ARM.Collect$$rtentry$$00000002  c_w.l(__rtentry2.o)
    0x0800024e   0x0800024e   0x00000006   Code   RO         4160    .ARM.Collect$$rtentry$$00000004  c_w.l(__rtentry4.o)
    0x08000254   0x08000254   0x00000000   Code   RO         4150    .ARM.Collect$$rtentry$$00000009  c_w.l(__rtentry2.o)
    0x08000254   0x08000254   0x00000004   Code   RO         4151    .ARM.Collect$$rtentry$$0000000A  c_w.l(__rtentry2.o)
    0x08000258   0x08000258   0x00000000   Code   RO         4153    .ARM.Collect$$rtentry$$0000000C  c_w.l(__rtentry2.o)
    0x08000258   0x08000258   0x00000008   Code   RO         4154    .ARM.Collect$$rtentry$$0000000D  c_w.l(__rtentry2.o)
    0x08000260   0x08000260   0x00000002   Code   RO         4427    .ARM.Collect$$rtexit$$00000000  c_w.l(rtexit.o)
    0x08000262   0x08000262   0x00000000   Code   RO         4519    .ARM.Collect$$rtexit$$00000002  c_w.l(rtexit2.o)
    0x08000262   0x08000262   0x00000004   Code   RO         4520    .ARM.Collect$$rtexit$$00000003  c_w.l(rtexit2.o)
    0x08000266   0x08000266   0x00000006   Code   RO         4521    .ARM.Collect$$rtexit$$00000004  c_w.l(rtexit2.o)
    0x0800026c   0x0800026c   0x00000000   Code   RO         4525    .emb_text           c_w.l(maybetermalloc1.o)
    0x0800026c   0x0800026c   0x00000040   Code   RO         3865  * .text               startup_stm32f411xe.o
    0x080002ac   0x080002ac   0x00000026   Code   RO         3929    .text               c_w.l(llshl.o)
    0x080002d2   0x080002d2   0x00000002   PAD
    0x080002d4   0x080002d4   0x00000018   Code   RO         3937    .text               c_w.l(noretval__2printf.o)
    0x080002ec   0x080002ec   0x00000068   Code   RO         3939    .text               c_w.l(__printf.o)
    0x08000354   0x08000354   0x00000078   Code   RO         3941    .text               c_w.l(_printf_dec.o)
    0x080003cc   0x080003cc   0x00000020   Code   RO         3965    .text               c_w.l(__0scanf.o)
    0x080003ec   0x080003ec   0x0000004e   Code   RO         3971    .text               c_w.l(rt_memclr_w.o)
    0x0800043a   0x0800043a   0x00000002   PAD
    0x0800043c   0x0800043c   0x00000080   Code   RO         3973    .text               c_w.l(strcmpv7m.o)
    0x080004bc   0x080004bc   0x00000006   Code   RO         3975    .text               c_w.l(heapauxi.o)
    0x080004c2   0x080004c2   0x00000016   Code   RO         4084    .text               c_w.l(_rserrno.o)
    0x080004d8   0x080004d8   0x000000b2   Code   RO         4086    .text               c_w.l(_printf_intcommon.o)
    0x0800058a   0x0800058a   0x00000002   PAD
    0x0800058c   0x0800058c   0x00000024   Code   RO         4088    .text               c_w.l(_printf_char_file.o)
    0x080005b0   0x080005b0   0x000004f8   Code   RO         4091    .text               c_w.l(scanf_fp.o)
    0x08000aa8   0x08000aa8   0x00000018   Code   RO         4093    .text               c_w.l(scanf_char_file.o)
    0x08000ac0   0x08000ac0   0x00000008   Code   RO         4167    .text               c_w.l(rt_locale_intlibspace.o)
    0x08000ac8   0x08000ac8   0x00000008   Code   RO         4172    .text               c_w.l(rt_errno_addr_intlibspace.o)
    0x08000ad0   0x08000ad0   0x00000030   Code   RO         4174    .text               c_w.l(_printf_char_common.o)
    0x08000b00   0x08000b00   0x0000002c   Code   RO         4176    .text               c_w.l(scanf_char.o)
    0x08000b2c   0x08000b2c   0x000000e4   Code   RO         4178    .text               c_w.l(bigflt0.o)
    0x08000c10   0x08000c10   0x00000048   Code   RO         4203    .text               c_w.l(backspace.o)
    0x08000c58   0x08000c58   0x00000008   Code   RO         4205    .text               c_w.l(ferror.o)
    0x08000c60   0x08000c60   0x00000138   Code   RO         4215    .text               c_w.l(initio.o)
    0x08000d98   0x08000d98   0x00000008   Code   RO         4248    .text               c_w.l(libspace.o)
    0x08000da0   0x08000da0   0x0000004a   Code   RO         4253    .text               c_w.l(sys_stackheap_outer.o)
    0x08000dea   0x08000dea   0x0000004e   Code   RO         4257    .text               c_w.l(h1_free.o)
    0x08000e38   0x08000e38   0x00000012   Code   RO         4311    .text               c_w.l(isspace.o)
    0x08000e4a   0x08000e4a   0x00000002   PAD
    0x08000e4c   0x08000e4c   0x00000374   Code   RO         4315    .text               c_w.l(_scanf.o)
    0x080011c0   0x080011c0   0x00000320   Code   RO         4317    .text               c_w.l(scanf_hexfp.o)
    0x080014e0   0x080014e0   0x00000134   Code   RO         4319    .text               c_w.l(scanf_infnan.o)
    0x08001614   0x08001614   0x0000023a   Code   RO         4321    .text               c_w.l(filbuf.o)
    0x0800184e   0x0800184e   0x000001d6   Code   RO         4323    .text               c_w.l(flsbuf.o)
    0x08001a24   0x08001a24   0x00000046   Code   RO         4325    .text               c_w.l(setvbuf.o)
    0x08001a6a   0x08001a6a   0x00000002   PAD
    0x08001a6c   0x08001a6c   0x00000048   Code   RO         4327    .text               c_w.l(ungetc.o)
    0x08001ab4   0x08001ab4   0x000000ec   Code   RO         4330    .text               c_w.l(fopen.o)
    0x08001ba0   0x08001ba0   0x0000004c   Code   RO         4332    .text               c_w.l(fclose.o)
    0x08001bec   0x08001bec   0x00000012   Code   RO         4338    .text               c_w.l(exit.o)
    0x08001bfe   0x08001bfe   0x0000000e   Code   RO         4344    .text               c_w.l(defsig_rtred_outer.o)
    0x08001c0c   0x08001c0c   0x00000010   Code   RO         4429    .text               c_w.l(rt_ctype_table.o)
    0x08001c1c   0x08001c1c   0x00000008   Code   RO         4436    .text               c_w.l(rt_heap_descriptor_intlibspace.o)
    0x08001c24   0x08001c24   0x00000004   Code   RO         4438    .text               c_w.l(hguard.o)
    0x08001c28   0x08001c28   0x0000008a   Code   RO         4440    .text               c_w.l(init_alloc.o)
    0x08001cb2   0x08001cb2   0x0000005e   Code   RO         4446    .text               c_w.l(h1_alloc.o)
    0x08001d10   0x08001d10   0x0000001c   Code   RO         4462    .text               c_w.l(_chval.o)
    0x08001d2c   0x08001d2c   0x000000f8   Code   RO         4466    .text               c_w.l(fseek.o)
    0x08001e24   0x08001e24   0x000000f0   Code   RO         4468    .text               c_w.l(stdio.o)
    0x08001f14   0x08001f14   0x00000038   Code   RO         4476    .text               c_w.l(flushlinebuffered.o)
    0x08001f4c   0x08001f4c   0x0000000a   Code   RO         4486    .text               c_w.l(defsig_exit.o)
    0x08001f56   0x08001f56   0x00000002   PAD
    0x08001f58   0x08001f58   0x00000034   Code   RO         4490    .text               c_w.l(defsig_rtred_inner.o)
    0x08001f8c   0x08001f8c   0x0000000c   Code   RO         4516    .text               c_w.l(sys_exit.o)
    0x08001f98   0x08001f98   0x0000000e   Code   RO         4527    .text               c_w.l(h1_init.o)
    0x08001fa6   0x08001fa6   0x00000034   Code   RO         4529    .text               c_w.l(h1_extend.o)
    0x08001fda   0x08001fda   0x00000002   PAD
    0x08001fdc   0x08001fdc   0x00000064   Code   RO         4535    .text               c_w.l(fflush.o)
    0x08002040   0x08002040   0x00000042   Code   RO         4539    .text               c_w.l(ftell.o)
    0x08002082   0x08002082   0x00000032   Code   RO         4550    .text               c_w.l(defsig_general.o)
    0x080020b4   0x080020b4   0x0000000e   Code   RO         4552    .text               c_w.l(defsig_rtmem_outer.o)
    0x080020c2   0x080020c2   0x0000000e   Code   RO         4569    .text               c_w.l(sys_wrch.o)
    0x080020d0   0x080020d0   0x00000002   Code   RO         4573    .text               c_w.l(use_no_semi.o)
    0x080020d2   0x080020d2   0x00000000   Code   RO         4575    .text               c_w.l(indicate_semi.o)
    0x080020d2   0x080020d2   0x00000002   PAD
    0x080020d4   0x080020d4   0x00000050   Code   RO         4580    .text               c_w.l(defsig_rtmem_inner.o)
    0x08002124   0x08002124   0x00000338   Code   RO         4191    CL$$btod_div_common  c_w.l(btod.o)
    0x0800245c   0x0800245c   0x00000084   Code   RO         4189    CL$$btod_e2d        c_w.l(btod.o)
    0x080024e0   0x080024e0   0x000000dc   Code   RO         4188    CL$$btod_e2e        c_w.l(btod.o)
    0x080025bc   0x080025bc   0x0000002a   Code   RO         4185    CL$$btod_ediv       c_w.l(btod.o)
    0x080025e6   0x080025e6   0x0000002a   Code   RO         4187    CL$$btod_edivd      c_w.l(btod.o)
    0x08002610   0x08002610   0x0000002a   Code   RO         4184    CL$$btod_emul       c_w.l(btod.o)
    0x0800263a   0x0800263a   0x0000002a   Code   RO         4186    CL$$btod_emuld      c_w.l(btod.o)
    0x08002664   0x08002664   0x00000244   Code   RO         4190    CL$$btod_mult_common  c_w.l(btod.o)
    0x080028a8   0x080028a8   0x00000024   Code   RO         3772    i.ITM_ReceiveChar   retarget_io.o
    0x080028cc   0x080028cc   0x00000030   Code   RO         3773    i.ITM_SendChar      retarget_io.o
    0x080028fc   0x080028fc   0x0000001c   Code   RO         3873    i.SystemInit        system_stm32f4xx.o
    0x08002918   0x08002918   0x000000f8   Code   RO         4240    i.__hardfp___mathlib_tofloat  m_wm.l(narrow.o)
    0x08002a10   0x08002a10   0x000000d0   Code   RO         4500    i.__hardfp_ldexp    m_wm.l(ldexp.o)
    0x08002ae0   0x08002ae0   0x0000016c   Code   RO         4039    i.__hardfp_logf     m_wm.l(logf.o)
    0x08002c4c   0x08002c4c   0x00000004   PAD
    0x08002c50   0x08002c50   0x00000020   Code   RO         4118    i.__mathlib_dbl_overflow  m_wm.l(dunder.o)
    0x08002c70   0x08002c70   0x00000020   Code   RO         4120    i.__mathlib_dbl_underflow  m_wm.l(dunder.o)
    0x08002c90   0x08002c90   0x00000014   Code   RO         4130    i.__mathlib_flt_divzero  m_wm.l(funder.o)
    0x08002ca4   0x08002ca4   0x00000006   Code   RO         4131    i.__mathlib_flt_infnan  m_wm.l(funder.o)
    0x08002caa   0x08002caa   0x00000002   PAD
    0x08002cac   0x08002cac   0x00000010   Code   RO         4133    i.__mathlib_flt_invalid  m_wm.l(funder.o)
    0x08002cbc   0x08002cbc   0x00000012   Code   RO         4241    i.__mathlib_narrow  m_wm.l(narrow.o)
    0x08002cce   0x08002cce   0x00000014   Code   RO         4502    i.__support_ldexp   m_wm.l(ldexp.o)
    0x08002ce2   0x08002ce2   0x0000000e   Code   RO         3953    i._is_digit         c_w.l(__printf_wp.o)
    0x08002cf0   0x08002cf0   0x00000026   Code   RO         3774    i._sys_close        retarget_io.o
    0x08002d16   0x08002d16   0x00000024   Code   RO         3775    i._sys_flen         retarget_io.o
    0x08002d3a   0x08002d3a   0x00000024   Code   RO         3776    i._sys_istty        retarget_io.o
    0x08002d5e   0x08002d5e   0x00000002   PAD
    0x08002d60   0x08002d60   0x00000068   Code   RO         3777    i._sys_open         retarget_io.o
    0x08002dc8   0x08002dc8   0x0000004c   Code   RO         3778    i._sys_read         retarget_io.o
    0x08002e14   0x08002e14   0x0000002c   Code   RO         3779    i._sys_seek         retarget_io.o
    0x08002e40   0x08002e40   0x00000046   Code   RO         3780    i._sys_write        retarget_io.o
    0x08002e86   0x08002e86   0x00000002   PAD
    0x08002e88   0x08002e88   0x00000108   Code   RO          515    i.arm_gaussian_naive_bayes_predict_f32  bayesfunctions.o
    0x08002f90   0x08002f90   0x00000034   Code   RO         2451    i.arm_max_f32       statisticsfunctions.o
    0x08002fc4   0x08002fc4   0x00000018   Code   RO         4208    i.fgetc             c_w.l(fgetc.o)
    0x08002fdc   0x08002fdc   0x0000001a   Code   RO         4212    i.fputc             c_w.l(fputc.o)
    0x08002ff6   0x08002ff6   0x00000002   PAD
    0x08002ff8   0x08002ff8   0x0000008c   Code   RO         4423    i.frexp             m_wm.l(frexp.o)
    0x08003084   0x08003084   0x00000070   Code   RO            4    i.main              main.o
    0x080030f4   0x080030f4   0x00000010   Code   RO         3781    i.stdin_getchar     retarget_io.o
    0x08003104   0x08003104   0x0000000c   Code   RO         3782    i.stdout_putchar    retarget_io.o
    0x08003110   0x08003110   0x0000002c   Code   RO         4228    locale$$code        c_w.l(lc_numeric_c.o)
    0x0800313c   0x0800313c   0x0000002c   Code   RO         4546    locale$$code        c_w.l(lc_ctype_c.o)
    0x08003168   0x08003168   0x00000062   Code   RO         3981    x$fpl$d2f           fz_wm.l(d2f.o)
    0x080031ca   0x080031ca   0x00000002   PAD
    0x080031cc   0x080031cc   0x00000010   Code   RO         4587    x$fpl$dcheck1       fz_wm.l(dcheck1.o)
    0x080031dc   0x080031dc   0x00000018   Code   RO         4101    x$fpl$dcmpinf       fz_wm.l(dcmpi.o)
    0x080031f4   0x080031f4   0x00000078   Code   RO         3993    x$fpl$deqf          fz_wm.l(deqf.o)
    0x0800326c   0x0800326c   0x00000078   Code   RO         4496    x$fpl$dleqf         fz_wm.l(dleqf.o)
    0x080032e4   0x080032e4   0x00000154   Code   RO         4001    x$fpl$dmul          fz_wm.l(dmul.o)
    0x08003438   0x08003438   0x0000009c   Code   RO         4103    x$fpl$dnaninf       fz_wm.l(dnaninf.o)
    0x080034d4   0x080034d4   0x0000000c   Code   RO         4105    x$fpl$dretinf       fz_wm.l(dretinf.o)
    0x080034e0   0x080034e0   0x0000006c   Code   RO         4419    x$fpl$drleqf        fz_wm.l(drleqf.o)
    0x0800354c   0x0800354c   0x0000000a   Code   RO         4498    x$fpl$fpinit        fz_wm.l(fpinit.o)
    0x08003556   0x08003556   0x0000000a   Code   RO         4109    x$fpl$fretinf       fz_wm.l(fretinf.o)
    0x08003560   0x08003560   0x00000006   Code   RO         4111    x$fpl$ieeestatus    fz_wm.l(istatus.o)
    0x08003566   0x08003566   0x00000064   Code   RO         4605    x$fpl$retnan        fz_wm.l(retnan.o)
    0x080035ca   0x080035ca   0x0000005c   Code   RO         4567    x$fpl$scalbn        fz_wm.l(scalbn.o)
    0x08003626   0x08003626   0x00000004   Code   RO         4009    x$fpl$scanf1        fz_wm.l(scanf1.o)
    0x0800362a   0x0800362a   0x00000008   Code   RO         4234    x$fpl$scanf2        fz_wm.l(scanf2.o)
    0x08003632   0x08003632   0x00000030   Code   RO         4607    x$fpl$trapveneer    fz_wm.l(trapv.o)
    0x08003662   0x08003662   0x00000000   Code   RO         4113    x$fpl$usenofp       fz_wm.l(usenofp.o)
    0x08003662   0x08003662   0x00000002   PAD
    0x08003664   0x08003664   0x0000003c   Data   RO            6    .constdata          main.o
    0x080036a0   0x080036a0   0x00000017   Data   RO         3783    .constdata          retarget_io.o
    0x080036b7   0x080036b7   0x00000001   PAD
    0x080036b8   0x080036b8   0x00000040   Data   RO         4042    .constdata          m_wm.l(logf.o)
    0x080036f8   0x080036f8   0x00000094   Data   RO         4179    .constdata          c_w.l(bigflt0.o)
    0x0800378c   0x0800378c   0x00000020   Data   RO         4609    Region$$Table       anon$$obj.o
    0x080037ac   0x080037ac   0x00000008   Data   RO         4230    c$$dinf             fz_wm.l(fpconst.o)
    0x080037b4   0x080037b4   0x00000008   Data   RO         4233    c$$dmax             fz_wm.l(fpconst.o)
    0x080037bc   0x080037bc   0x0000001c   Data   RO         4227    locale$$data        c_w.l(lc_numeric_c.o)
    0x080037d8   0x080037d8   0x00000110   Data   RO         4545    locale$$data        c_w.l(lc_ctype_c.o)


    Execution Region ER_RW (Exec base: 0x20000000, Load base: 0x080038e8, Size: 0x00000010, Max: 0xffffffff, ABSOLUTE)

    Exec Addr    Load Addr    Size         Type   Attr      Idx    E Section Name        Object

    0x20000000   0x080038e8   0x00000004   Data   RW         3784    .data               retarget_io.o
    0x20000004   0x080038ec   0x00000004   Data   RW         4098    .data               c_w.l(stdio_streams.o)
    0x20000008   0x080038f0   0x00000004   Data   RW         4099    .data               c_w.l(stdio_streams.o)
    0x2000000c   0x080038f4   0x00000004   Data   RW         4100    .data               c_w.l(stdio_streams.o)


    Execution Region ER_ZI (Exec base: 0x20000010, Load base: 0x080038f8, Size: 0x00000778, Max: 0xffffffff, ABSOLUTE)

    Exec Addr    Load Addr    Size         Type   Attr      Idx    E Section Name        Object

    0x20000010        -       0x00000018   Zero   RW            5    .bss                main.o
    0x20000028        -       0x00000054   Zero   RW         4095    .bss                c_w.l(stdio_streams.o)
    0x2000007c        -       0x00000054   Zero   RW         4096    .bss                c_w.l(stdio_streams.o)
    0x200000d0        -       0x00000054   Zero   RW         4097    .bss                c_w.l(stdio_streams.o)
    0x20000124        -       0x00000060   Zero   RW         4249    .bss                c_w.l(libspace.o)
    0x20000184   0x080038f8   0x00000004   PAD
    0x20000188        -       0x00000200   Zero   RW         3863    HEAP                startup_stm32f411xe.o
    0x20000388        -       0x00000400   Zero   RW         3862    STACK               startup_stm32f411xe.o


==============================================================================

Image component sizes


      Code (inc. data)   RO Data    RW Data    ZI Data      Debug   Object Name

       264         10          0          0          0       2047   bayesfunctions.o
       112         46         60          0         24      22531   main.o
       516         40         23          4          0       9888   retarget_io.o
        64         26        408          0       1536        860   startup_stm32f411xe.o
        52          0          0          0          0      18050   statisticsfunctions.o
        28          4          0          0          0        497   system_stm32f4xx.o

    ----------------------------------------------------------------------
      1040        126        524          4       1560      53873   Object Totals
         0          0         32          0          0          0   (incl. Generated)
         4          0          1          0          0          0   (incl. Padding)

    ----------------------------------------------------------------------

      Code (inc. data)   RO Data    RW Data    ZI Data      Debug   Library Member Name

        32          6          0          0          0         84   __0scanf.o
         8          0          0          0          0         68   __main.o
       104          0          0          0          0         84   __printf.o
        14          0          0          0          0         68   __printf_wp.o
         0          0          0          0          0          0   __rtentry.o
        12          0          0          0          0          0   __rtentry2.o
         6          0          0          0          0          0   __rtentry4.o
        52          8          0          0          0          0   __scatter.o
        26          0          0          0          0          0   __scatter_copy.o
        28          0          0          0          0          0   __scatter_zi.o
        28          0          0          0          0         68   _chval.o
        48          6          0          0          0         96   _printf_char_common.o
        36          4          0          0          0         80   _printf_char_file.o
         6          0          0          0          0          0   _printf_d.o
       120         16          0          0          0         92   _printf_dec.o
       178          0          0          0          0         88   _printf_intcommon.o
         0          0          0          0          0          0   _printf_percent.o
         4          0          0          0          0          0   _printf_percent_end.o
        22          0          0          0          0        100   _rserrno.o
       884          6          0          0          0        100   _scanf.o
        72          0          0          0          0         92   backspace.o
       228          4        148          0          0         96   bigflt0.o
      1924        136          0          0          0        756   btod.o
        10          0          0          0          0         68   defsig_exit.o
        50          0          0          0          0         88   defsig_general.o
        80         58          0          0          0         76   defsig_rtmem_inner.o
        14          0          0          0          0         80   defsig_rtmem_outer.o
        52         38          0          0          0         76   defsig_rtred_inner.o
        14          0          0          0          0         80   defsig_rtred_outer.o
        18          0          0          0          0         80   exit.o
        76          0          0          0          0         88   fclose.o
         8          0          0          0          0         68   ferror.o
       100          4          0          0          0        120   fflush.o
        24          0          0          0          0         68   fgetc.o
       570          0          0          0          0        132   filbuf.o
       470          0          0          0          0         88   flsbuf.o
        56          6          0          0          0         80   flushlinebuffered.o
       236          4          0          0          0        128   fopen.o
        26          0          0          0          0         68   fputc.o
       248          6          0          0          0         84   fseek.o
        66          0          0          0          0         76   ftell.o
        94          0          0          0          0         80   h1_alloc.o
        52          0          0          0          0         68   h1_extend.o
        78          0          0          0          0         80   h1_free.o
        14          0          0          0          0         84   h1_init.o
         6          0          0          0          0        152   heapauxi.o
         4          0          0          0          0        136   hguard.o
         0          0          0          0          0          0   indicate_semi.o
       138          0          0          0          0        168   init_alloc.o
       312         46          0          0          0        112   initio.o
        18          0          0          0          0         76   isspace.o
        44         10        272          0          0         76   lc_ctype_c.o
        44         10         28          0          0         76   lc_numeric_c.o
         2          0          0          0          0          0   libinit.o
        46          0          0          0          0          0   libinit2.o
         2          0          0          0          0          0   libshutdown.o
         6          0          0          0          0          0   libshutdown2.o
         8          4          0          0         96         68   libspace.o
        38          0          0          0          0         68   llshl.o
         0          0          0          0          0          0   maybetermalloc1.o
        24          4          0          0          0         84   noretval__2printf.o
        16          4          0          0          0         76   rt_ctype_table.o
         8          4          0          0          0         68   rt_errno_addr_intlibspace.o
         8          4          0          0          0         68   rt_heap_descriptor_intlibspace.o
         8          4          0          0          0         68   rt_locale_intlibspace.o
        78          0          0          0          0         80   rt_memclr_w.o
         2          0          0          0          0          0   rtexit.o
        10          0          0          0          0          0   rtexit2.o
        44          8          0          0          0         84   scanf_char.o
        24          8          0          0          0         68   scanf_char_file.o
      1272         16          0          0          0        168   scanf_fp.o
       800         14          0          0          0        100   scanf_hexfp.o
       308         16          0          0          0        100   scanf_infnan.o
        70          0          0          0          0         80   setvbuf.o
       240          6          0          0          0        156   stdio.o
         0          0          0         12        252          0   stdio_streams.o
       128          0          0          0          0         68   strcmpv7m.o
        12          4          0          0          0         68   sys_exit.o
        74          0          0          0          0         80   sys_stackheap_outer.o
        14          0          0          0          0         76   sys_wrch.o
        72         12          0          0          0         68   ungetc.o
         2          0          0          0          0         68   use_no_semi.o
        98          4          0          0          0        140   d2f.o
        16          4          0          0          0        116   dcheck1.o
        24          0          0          0          0        116   dcmpi.o
       120          4          0          0          0        140   deqf.o
       120          4          0          0          0        140   dleqf.o
       340         12          0          0          0        152   dmul.o
       156          4          0          0          0        140   dnaninf.o
        12          0          0          0          0        116   dretinf.o
       108          0          0          0          0        128   drleqf.o
         0          0         16          0          0          0   fpconst.o
        10          0          0          0          0        116   fpinit.o
        10          0          0          0          0        116   fretinf.o
         6          0          0          0          0        116   istatus.o
       100          0          0          0          0        116   retnan.o
        92          0          0          0          0        116   scalbn.o
         4          0          0          0          0        116   scanf1.o
         8          0          0          0          0        132   scanf2.o
        48          0          0          0          0        116   trapv.o
         0          0          0          0          0          0   usenofp.o
        64         16          0          0          0        248   dunder.o
       140         22          0          0          0        132   frexp.o
        42         12          0          0          0        348   funder.o
       228          8          0          0          0        308   ldexp.o
       364         44         64          0          0        140   logf.o
       266         16          0          0          0        308   narrow.o

    ----------------------------------------------------------------------
     12476        630        528         12        352       9908   Library Totals
        30          4          0          0          4          0   (incl. Padding)

    ----------------------------------------------------------------------

      Code (inc. data)   RO Data    RW Data    ZI Data      Debug   Library Name

     10070        476        448         12        348       6292   c_w.l
      1272         32         16          0          0       2132   fz_wm.l
      1104        118         64          0          0       1484   m_wm.l

    ----------------------------------------------------------------------
     12476        630        528         12        352       9908   Library Totals

    ----------------------------------------------------------------------

==============================================================================


      Code (inc. data)   RO Data    RW Data    ZI Data      Debug   

     13516        756       1052         16       1912      56445   Grand Totals
     13516        756       1052         16       1912      56445   ELF Image Totals
     13516        756       1052         16          0          0   ROM Totals

==============================================================================

    Total RO  Size (Code + RO Data)                14568 (  14.23kB)
    Total RW  Size (RW Data + ZI Data)              1928 (   1.88kB)
    Total ROM Size (Code + RO Data + RW Data)      14584 (  14.24kB)

==============================================================================

