<html>
<body>
<pre>
<h1>µVision Build Log</h1>
<h2>Tool Versions:</h2>
IDE-Version: µVision V5.28.0.0
Copyright (C) 2019 ARM Ltd and ARM Germany GmbH. All rights reserved.
License Information: Vinod ANtony, cdac, LIC=----
 
Tool Versions:
Toolchain:       MDK-Lite  Version: 5.28.0.0
Toolchain Path:  C:\Keil_v5\ARM\ARMCC\Bin
C Compiler:      Armcc.exe V5.06 update 6 (build 750)
Assembler:       Armasm.exe V5.06 update 6 (build 750)
Linker/Locator:  ArmLink.exe V5.06 update 6 (build 750)
Library Manager: ArmAr.exe V5.06 update 6 (build 750)
Hex Converter:   FromElf.exe V5.06 update 6 (build 750)
CPU DLL:         SARMCM3.DLL V5.28.0.0
Dialog DLL:      DARMCM1.DLL V1.19.2.0
Target DLL:      UL2CM3.DLL V1.162.16.0
Dialog DLL:      TARMCM1.DLL V1.14.1.0
 
<h2>Project:</h2>
Z:\home\vinodantony\vicara\Vicara_test\m0+\bayes.uvprojx
Project File Date:  03/21/2021

<h2>Output:</h2>
*** Using Compiler 'V5.06 update 6 (build 750)', folder: 'C:\Keil_v5\ARM\ARMCC\Bin'
Build target 'Target 1'
compiling main.c...
compiling retarget_io.c...
linking...
Program Size: Code=6164 RO-data=428 RW-data=12 ZI-data=1908  
".\Objects\bayes.axf" - 0 Error(s), 0 Warning(s).

<h2>Software Packages used:</h2>

Package Vendor: ARM
                http://www.keil.com/pack/ARM.CMSIS.5.7.0.pack
                ARM.CMSIS.5.7.0
                CMSIS (Cortex Microcontroller Software Interface Standard)
   * Component: CORE Version: 5.4.0
   * Component: DSP Variant: Source Version: 1.8.0

Package Vendor: Keil
                http://www.keil.com/pack/Keil.ARM_Compiler.1.6.3.pack
                Keil.ARM_Compiler.1.6.3
                Keil ARM Compiler extensions for ARM Compiler 5 and ARM Compiler 6
   * Component: STDOUT Variant: Breakpoint Version: 1.2.0

Package Vendor: Keil
                http://www.keil.com/pack/Keil.STM32G0xx_DFP.1.3.0.pack
                Keil.STM32G0xx_DFP.1.3.0
                STMicroelectronics STM32G0 Series Device Support
   * Component: Startup Version: 1.4.0

<h2>Collection of Component include folders:</h2>
  .\RTE\_Target_1
  C:\users\vinodantony\Local Settings\Application Data\Arm\Packs\ARM\CMSIS\5.7.0\CMSIS\Core\Include
  C:\users\vinodantony\Local Settings\Application Data\Arm\Packs\ARM\CMSIS\5.7.0\CMSIS\DSP\Include
  C:\users\vinodantony\Local Settings\Application Data\Arm\Packs\ARM\CMSIS\5.7.0\CMSIS\DSP\PrivateInclude
  C:\users\vinodantony\Local Settings\Application Data\Arm\Packs\Keil\STM32G0xx_DFP\1.3.0\Drivers\CMSIS\Device\ST\STM32G0xx\Include

<h2>Collection of Component Files used:</h2>

   * Component: ARM::CMSIS:CORE:5.4.0

   * Component: ARM::CMSIS:DSP:Source:1.8.0
      Include file:  CMSIS\DSP\Include\arm_math.h
      Source file:   CMSIS\DSP\Source\BasicMathFunctions\BasicMathFunctions.c
      Source file:   CMSIS\DSP\Source\BayesFunctions\BayesFunctions.c
      Source file:   CMSIS\DSP\Source\CommonTables\CommonTables.c
      Source file:   CMSIS\DSP\Source\ComplexMathFunctions\ComplexMathFunctions.c
      Source file:   CMSIS\DSP\Source\ControllerFunctions\ControllerFunctions.c
      Source file:   CMSIS\DSP\Source\DistanceFunctions\DistanceFunctions.c
      Source file:   CMSIS\DSP\Source\FastMathFunctions\FastMathFunctions.c
      Source file:   CMSIS\DSP\Source\FilteringFunctions\FilteringFunctions.c
      Source file:   CMSIS\DSP\Source\MatrixFunctions\MatrixFunctions.c
      Source file:   CMSIS\DSP\Source\StatisticsFunctions\StatisticsFunctions.c
      Source file:   CMSIS\DSP\Source\SupportFunctions\SupportFunctions.c
      Source file:   CMSIS\DSP\Source\SVMFunctions\SVMFunctions.c
      Source file:   CMSIS\DSP\Source\TransformFunctions\TransformFunctions.c

   * Component: Keil.ARM Compiler::Compiler:I/O:STDOUT:Breakpoint:1.2.0
      Source file:   Source\retarget_io.c

   * Component: Keil::Device:Startup:1.4.0
      Source file:   MDK\Device\Source\ARM\STM32G0x0_OPT.s
      Include file:  Drivers\CMSIS\Device\ST\STM32G0xx\Include\stm32g0xx.h
      Source file:   Drivers\CMSIS\Device\ST\STM32G0xx\Source\Templates\arm\startup_stm32g070xx.s
      Source file:   Drivers\CMSIS\Device\ST\STM32G0xx\Source\Templates\system_stm32g0xx.c
Build Time Elapsed:  00:00:07
</pre>
</body>
</html>
