Component: ARM Compiler 5.06 update 6 (build 750) Tool: armlink [4d35ed]

==============================================================================

Section Cross References

    main.o(i.main) refers to bayesfunctions.o(i.arm_gaussian_naive_bayes_predict_f32) for arm_gaussian_naive_bayes_predict_f32
    main.o(i.main) refers to main.o(.bss) for S
    main.o(i.main) refers to main.o(.constdata) for theta
    basicmathfunctions.o(i.arm_shift_q31) refers to llshl.o(.text) for __aeabi_llsl
    bayesfunctions.o(i.arm_gaussian_naive_bayes_predict_f32) refers to logf.o(i.__hardfp_logf) for __hardfp_logf
    bayesfunctions.o(i.arm_gaussian_naive_bayes_predict_f32) refers to statisticsfunctions.o(i.arm_max_f32) for arm_max_f32
    complexmathfunctions.o(i.arm_cmplx_mag_q15) refers to fastmathfunctions.o(i.arm_sqrt_q15) for arm_sqrt_q15
    complexmathfunctions.o(i.arm_cmplx_mag_q31) refers to fastmathfunctions.o(i.arm_sqrt_q31) for arm_sqrt_q31
    controllerfunctions.o(i.arm_sin_cos_f32) refers to commontables.o(.constdata) for sinTable_f32
    controllerfunctions.o(i.arm_sin_cos_q31) refers to commontables.o(.constdata) for sinTable_q31
    distancefunctions.o(i.arm_braycurtis_distance_f32) refers to distancefunctions.o(i.fabsf) for fabsf
    distancefunctions.o(i.arm_canberra_distance_f32) refers to distancefunctions.o(i.fabsf) for fabsf
    distancefunctions.o(i.arm_chebyshev_distance_f32) refers to distancefunctions.o(i.fabsf) for fabsf
    distancefunctions.o(i.arm_cityblock_distance_f32) refers to distancefunctions.o(i.fabsf) for fabsf
    distancefunctions.o(i.arm_correlation_distance_f32) refers to statisticsfunctions.o(i.arm_mean_f32) for arm_mean_f32
    distancefunctions.o(i.arm_correlation_distance_f32) refers to basicmathfunctions.o(i.arm_offset_f32) for arm_offset_f32
    distancefunctions.o(i.arm_correlation_distance_f32) refers to statisticsfunctions.o(i.arm_power_f32) for arm_power_f32
    distancefunctions.o(i.arm_correlation_distance_f32) refers to basicmathfunctions.o(i.arm_dot_prod_f32) for arm_dot_prod_f32
    distancefunctions.o(i.arm_cosine_distance_f32) refers to statisticsfunctions.o(i.arm_power_f32) for arm_power_f32
    distancefunctions.o(i.arm_cosine_distance_f32) refers to basicmathfunctions.o(i.arm_dot_prod_f32) for arm_dot_prod_f32
    distancefunctions.o(i.arm_dice_distance) refers to distancefunctions.o(i.arm_boolean_distance_TT_TF_FT) for arm_boolean_distance_TT_TF_FT
    distancefunctions.o(i.arm_dice_distance) refers to dflt_clz.o(x$fpl$dfltu) for __aeabi_ui2d
    distancefunctions.o(i.arm_dice_distance) refers to dmul.o(x$fpl$dmul) for __aeabi_dmul
    distancefunctions.o(i.arm_dice_distance) refers to daddsub_clz.o(x$fpl$dadd) for __aeabi_dadd
    distancefunctions.o(i.arm_dice_distance) refers to ddiv.o(x$fpl$ddiv) for __aeabi_ddiv
    distancefunctions.o(i.arm_dice_distance) refers to d2f.o(x$fpl$d2f) for __aeabi_d2f
    distancefunctions.o(i.arm_hamming_distance) refers to distancefunctions.o(i.arm_boolean_distance_TF_FT) for arm_boolean_distance_TF_FT
    distancefunctions.o(i.arm_hamming_distance) refers to dflt_clz.o(x$fpl$dfltu) for __aeabi_ui2d
    distancefunctions.o(i.arm_hamming_distance) refers to dmul.o(x$fpl$dmul) for __aeabi_dmul
    distancefunctions.o(i.arm_hamming_distance) refers to ddiv.o(x$fpl$ddiv) for __aeabi_ddiv
    distancefunctions.o(i.arm_hamming_distance) refers to d2f.o(x$fpl$d2f) for __aeabi_d2f
    distancefunctions.o(i.arm_jaccard_distance) refers to distancefunctions.o(i.arm_boolean_distance_TT_TF_FT) for arm_boolean_distance_TT_TF_FT
    distancefunctions.o(i.arm_jaccard_distance) refers to dflt_clz.o(x$fpl$dfltu) for __aeabi_ui2d
    distancefunctions.o(i.arm_jaccard_distance) refers to dmul.o(x$fpl$dmul) for __aeabi_dmul
    distancefunctions.o(i.arm_jaccard_distance) refers to ddiv.o(x$fpl$ddiv) for __aeabi_ddiv
    distancefunctions.o(i.arm_jaccard_distance) refers to d2f.o(x$fpl$d2f) for __aeabi_d2f
    distancefunctions.o(i.arm_jensenshannon_distance_f32) refers to distancefunctions.o(i.rel_entr) for rel_entr
    distancefunctions.o(i.arm_kulsinski_distance) refers to distancefunctions.o(i.arm_boolean_distance_TT_TF_FT) for arm_boolean_distance_TT_TF_FT
    distancefunctions.o(i.arm_kulsinski_distance) refers to dflt_clz.o(x$fpl$dfltu) for __aeabi_ui2d
    distancefunctions.o(i.arm_kulsinski_distance) refers to dmul.o(x$fpl$dmul) for __aeabi_dmul
    distancefunctions.o(i.arm_kulsinski_distance) refers to ddiv.o(x$fpl$ddiv) for __aeabi_ddiv
    distancefunctions.o(i.arm_kulsinski_distance) refers to d2f.o(x$fpl$d2f) for __aeabi_d2f
    distancefunctions.o(i.arm_minkowski_distance_f32) refers to distancefunctions.o(i.fabsf) for fabsf
    distancefunctions.o(i.arm_minkowski_distance_f32) refers to powf.o(i.__hardfp_powf) for __hardfp_powf
[...]
    libinit2.o(.ARM.Collect$$libinit$$00000012) refers to libinit2.o(.ARM.Collect$$libinit$$0000000F) for .ARM.Collect$$libinit$$0000000F
    libinit2.o(.ARM.Collect$$libinit$$00000014) refers to libinit2.o(.ARM.Collect$$libinit$$0000000F) for .ARM.Collect$$libinit$$0000000F
    libinit2.o(.ARM.Collect$$libinit$$00000016) refers to libinit2.o(.ARM.Collect$$libinit$$0000000F) for .ARM.Collect$$libinit$$0000000F
    libinit2.o(.ARM.Collect$$libinit$$00000018) refers to libinit2.o(.ARM.Collect$$libinit$$0000000F) for .ARM.Collect$$libinit$$0000000F
    libinit2.o(.ARM.Collect$$libinit$$00000026) refers to argv_veneer.o(.emb_text) for __ARM_argv_veneer
    libinit2.o(.ARM.Collect$$libinit$$00000027) refers to argv_veneer.o(.emb_text) for __ARM_argv_veneer
    sys_exit.o(.text) refers (Special) to use_no_semi.o(.text) for __I$use$semihosting
    sys_exit.o(.text) refers (Special) to indicate_semi.o(.text) for __semihosting_library_function
    rtexit2.o(.ARM.Collect$$rtexit$$00000003) refers to libshutdown.o(.ARM.Collect$$libshutdown$$00000000) for __rt_lib_shutdown
    rtexit2.o(.ARM.Collect$$rtexit$$00000004) refers to sys_exit.o(.text) for _sys_exit
    rtexit2.o(.ARM.exidx) refers to rtexit2.o(.ARM.Collect$$rtexit$$00000001) for .ARM.Collect$$rtexit$$00000001
    rtexit2.o(.ARM.exidx) refers to rtexit2.o(.ARM.Collect$$rtexit$$00000003) for .ARM.Collect$$rtexit$$00000003
    rtexit2.o(.ARM.exidx) refers to rtexit2.o(.ARM.Collect$$rtexit$$00000004) for .ARM.Collect$$rtexit$$00000004
    __raise.o(.text) refers to defsig.o(CL$$defsig) for __default_signal_handler
    defsig_general.o(.text) refers to sys_wrch.o(.text) for _ttywrch
    argv_veneer.o(.emb_text) refers to no_argv.o(.text) for __ARM_get_argv
    sys_wrch.o(.text) refers (Special) to use_no_semi.o(.text) for __I$use$semihosting
    sys_wrch.o(.text) refers (Special) to indicate_semi.o(.text) for __semihosting_library_function
    defsig.o(CL$$defsig) refers to defsig_fpe_inner.o(.text) for __rt_SIGFPE_inner
    defsig.o(CL$$defsig) refers to defsig_rtmem_inner.o(.text) for __rt_SIGRTMEM_inner
    _get_argv_nomalloc.o(.text) refers (Special) to hrguard.o(.text) for __heap_region$guard
    _get_argv_nomalloc.o(.text) refers to defsig_rtmem_outer.o(.text) for __rt_SIGRTMEM
    _get_argv_nomalloc.o(.text) refers to sys_command.o(.text) for _sys_command_string
    libshutdown.o(.ARM.Collect$$libshutdown$$00000000) refers (Special) to libshutdown2.o(.ARM.Collect$$libshutdown$$00000002) for __rt_lib_shutdown_cpp_1
    libshutdown.o(.ARM.Collect$$libshutdown$$00000000) refers (Special) to libshutdown2.o(.ARM.Collect$$libshutdown$$00000007) for __rt_lib_shutdown_fp_trap_1
    libshutdown.o(.ARM.Collect$$libshutdown$$00000000) refers (Special) to libshutdown2.o(.ARM.Collect$$libshutdown$$0000000F) for __rt_lib_shutdown_heap_1
    libshutdown.o(.ARM.Collect$$libshutdown$$00000000) refers (Special) to libshutdown2.o(.ARM.Collect$$libshutdown$$00000010) for __rt_lib_shutdown_return
    libshutdown.o(.ARM.Collect$$libshutdown$$00000000) refers (Special) to libshutdown2.o(.ARM.Collect$$libshutdown$$0000000A) for __rt_lib_shutdown_signal_1
    libshutdown.o(.ARM.Collect$$libshutdown$$00000000) refers (Special) to libshutdown2.o(.ARM.Collect$$libshutdown$$00000004) for __rt_lib_shutdown_stdio_1
    libshutdown.o(.ARM.Collect$$libshutdown$$00000000) refers (Special) to libshutdown2.o(.ARM.Collect$$libshutdown$$0000000C) for __rt_lib_shutdown_user_alloc_1
    sys_command.o(.text) refers (Special) to use_no_semi.o(.text) for __I$use$semihosting
    sys_command.o(.text) refers (Special) to indicate_semi.o(.text) for __semihosting_library_function
    defsig_abrt_inner.o(.text) refers to defsig_general.o(.text) for __default_signal_display
    defsig_rtred_inner.o(.text) refers to defsig_general.o(.text) for __default_signal_display
    defsig_rtmem_inner.o(.text) refers to defsig_general.o(.text) for __default_signal_display
    defsig_rtmem_outer.o(.text) refers to defsig_rtmem_inner.o(.text) for __rt_SIGRTMEM_inner
    defsig_rtmem_outer.o(.text) refers to defsig_exit.o(.text) for __sig_exit
    defsig_rtmem_formal.o(.text) refers to rt_raise.o(.text) for __rt_raise
    defsig_stak_inner.o(.text) refers to defsig_general.o(.text) for __default_signal_display
    defsig_pvfn_inner.o(.text) refers to defsig_general.o(.text) for __default_signal_display
    defsig_cppl_inner.o(.text) refers to defsig_general.o(.text) for __default_signal_display
    defsig_segv_inner.o(.text) refers to defsig_general.o(.text) for __default_signal_display
    defsig_other.o(.text) refers to defsig_general.o(.text) for __default_signal_display
    main.o(i.fputc) refers to retarget_io.o(i.ITM_SendChar) for ITM_SendChar


==============================================================================

Removing Unused input sections from the image.

    Removing main.o(.rev16_text), (4 bytes).
    Removing main.o(.revsh_text), (4 bytes).
    Removing main.o(.rrx_text), (6 bytes).
    Removing basicmathfunctions.o(.rev16_text), (4 bytes).
    Removing basicmathfunctions.o(.revsh_text), (4 bytes).
    Removing basicmathfunctions.o(.rrx_text), (6 bytes).
    Removing basicmathfunctions.o(i.arm_abs_f32), (26 bytes).
    Removing basicmathfunctions.o(i.arm_abs_q15), (40 bytes).
    Removing basicmathfunctions.o(i.arm_abs_q31), (34 bytes).
    Removing basicmathfunctions.o(i.arm_abs_q7), (40 bytes).
    Removing basicmathfunctions.o(i.arm_add_f32), (30 bytes).
    Removing basicmathfunctions.o(i.arm_add_q15), (32 bytes).
    Removing basicmathfunctions.o(i.arm_add_q31), (24 bytes).
    Removing basicmathfunctions.o(i.arm_add_q7), (32 bytes).
    Removing basicmathfunctions.o(i.arm_and_u16), (28 bytes).
    Removing basicmathfunctions.o(i.arm_and_u32), (22 bytes).
    Removing basicmathfunctions.o(i.arm_and_u8), (28 bytes).
    Removing basicmathfunctions.o(i.arm_dot_prod_f32), (52 bytes).
    Removing basicmathfunctions.o(i.arm_dot_prod_q15), (54 bytes).
    Removing basicmathfunctions.o(i.arm_dot_prod_q31), (60 bytes).
    Removing basicmathfunctions.o(i.arm_dot_prod_q7), (30 bytes).
    Removing basicmathfunctions.o(i.arm_mult_f32), (30 bytes).
    Removing basicmathfunctions.o(i.arm_mult_q15), (34 bytes).
    Removing basicmathfunctions.o(i.arm_mult_q31), (34 bytes).
    Removing basicmathfunctions.o(i.arm_mult_q7), (34 bytes).
    Removing basicmathfunctions.o(i.arm_negate_f32), (26 bytes).
    Removing basicmathfunctions.o(i.arm_negate_q15), (40 bytes).
    Removing basicmathfunctions.o(i.arm_negate_q31), (24 bytes).
    Removing basicmathfunctions.o(i.arm_negate_q7), (30 bytes).
    Removing basicmathfunctions.o(i.arm_not_u16), (24 bytes).
    Removing basicmathfunctions.o(i.arm_not_u32), (20 bytes).
    Removing basicmathfunctions.o(i.arm_not_u8), (24 bytes).
    Removing basicmathfunctions.o(i.arm_offset_f32), (26 bytes).
    Removing basicmathfunctions.o(i.arm_offset_q15), (28 bytes).
    Removing basicmathfunctions.o(i.arm_offset_q31), (22 bytes).
    Removing basicmathfunctions.o(i.arm_offset_q7), (28 bytes).
    Removing basicmathfunctions.o(i.arm_or_u16), (28 bytes).
    Removing basicmathfunctions.o(i.arm_or_u32), (22 bytes).
    Removing basicmathfunctions.o(i.arm_or_u8), (28 bytes).
    Removing basicmathfunctions.o(i.arm_scale_f32), (26 bytes).
    Removing basicmathfunctions.o(i.arm_scale_q15), (38 bytes).
    Removing basicmathfunctions.o(i.arm_scale_q31), (108 bytes).
    Removing basicmathfunctions.o(i.arm_scale_q7), (38 bytes).
    Removing basicmathfunctions.o(i.arm_shift_q15), (58 bytes).
    Removing basicmathfunctions.o(i.arm_shift_q31), (110 bytes).
    Removing basicmathfunctions.o(i.arm_shift_q7), (58 bytes).
    Removing basicmathfunctions.o(i.arm_sub_f32), (30 bytes).
    Removing basicmathfunctions.o(i.arm_sub_q15), (32 bytes).
    Removing basicmathfunctions.o(i.arm_sub_q31), (24 bytes).
    Removing basicmathfunctions.o(i.arm_sub_q7), (32 bytes).
    Removing basicmathfunctions.o(i.arm_xor_u16), (28 bytes).
    Removing basicmathfunctions.o(i.arm_xor_u32), (22 bytes).
    Removing basicmathfunctions.o(i.arm_xor_u8), (28 bytes).
    Removing bayesfunctions.o(.rev16_text), (4 bytes).
    Removing bayesfunctions.o(.revsh_text), (4 bytes).
    Removing bayesfunctions.o(.rrx_text), (6 bytes).
    Removing commontables.o(.rev16_text), (4 bytes).
    Removing commontables.o(.revsh_text), (4 bytes).
    Removing commontables.o(.rrx_text), (6 bytes).
    Removing commontables.o(.constdata), (920372 bytes).
    Removing complexmathfunctions.o(.rev16_text), (4 bytes).
    Removing complexmathfunctions.o(.revsh_text), (4 bytes).
    Removing complexmathfunctions.o(.rrx_text), (6 bytes).
    Removing complexmathfunctions.o(i.arm_cmplx_conj_f32), (34 bytes).
    Removing complexmathfunctions.o(i.arm_cmplx_conj_q15), (36 bytes).
    Removing complexmathfunctions.o(i.arm_cmplx_conj_q31), (28 bytes).
    Removing complexmathfunctions.o(i.arm_cmplx_dot_prod_f32), (108 bytes).
    Removing complexmathfunctions.o(i.arm_cmplx_dot_prod_q15), (152 bytes).
    Removing complexmathfunctions.o(i.arm_cmplx_dot_prod_q31), (164 bytes).
    Removing complexmathfunctions.o(i.arm_cmplx_mag_f32), (80 bytes).
    Removing complexmathfunctions.o(i.arm_cmplx_mag_q15), (64 bytes).
    Removing complexmathfunctions.o(i.arm_cmplx_mag_q31), (60 bytes).
    Removing complexmathfunctions.o(i.arm_cmplx_mag_squared_f32), (34 bytes).
    Removing complexmathfunctions.o(i.arm_cmplx_mag_squared_q15), (50 bytes).
    Removing complexmathfunctions.o(i.arm_cmplx_mag_squared_q31), (48 bytes).
    Removing complexmathfunctions.o(i.arm_cmplx_mult_cmplx_f32), (54 bytes).
    Removing complexmathfunctions.o(i.arm_cmplx_mult_cmplx_q15), (80 bytes).
    Removing complexmathfunctions.o(i.arm_cmplx_mult_cmplx_q31), (80 bytes).
    Removing complexmathfunctions.o(i.arm_cmplx_mult_real_f32), (42 bytes).
    Removing complexmathfunctions.o(i.arm_cmplx_mult_real_q15), (52 bytes).
    Removing complexmathfunctions.o(i.arm_cmplx_mult_real_q31), (46 bytes).
    Removing controllerfunctions.o(.rev16_text), (4 bytes).
    Removing controllerfunctions.o(.revsh_text), (4 bytes).
    Removing controllerfunctions.o(.rrx_text), (6 bytes).
    Removing controllerfunctions.o(i.arm_pid_init_f32), (64 bytes).
    Removing controllerfunctions.o(i.arm_pid_init_q15), (62 bytes).
    Removing controllerfunctions.o(i.arm_pid_init_q31), (48 bytes).
    Removing controllerfunctions.o(i.arm_pid_reset_f32), (10 bytes).
    Removing controllerfunctions.o(i.arm_pid_reset_q15), (8 bytes).
    Removing controllerfunctions.o(i.arm_pid_reset_q31), (10 bytes).
    Removing controllerfunctions.o(i.arm_sin_cos_f32), (472 bytes).
    Removing controllerfunctions.o(i.arm_sin_cos_q31), (576 bytes).
    Removing distancefunctions.o(.rev16_text), (4 bytes).
    Removing distancefunctions.o(.revsh_text), (4 bytes).
    Removing distancefunctions.o(.rrx_text), (6 bytes).
    Removing distancefunctions.o(i.arm_boolean_distance_TF_FT), (202 bytes).
    Removing distancefunctions.o(i.arm_boolean_distance_TT), (128 bytes).
    Removing distancefunctions.o(i.arm_boolean_distance_TT_FF_TF_FT), (322 bytes).
    Removing distancefunctions.o(i.arm_boolean_distance_TT_TF_FT), (248 bytes).
    Removing distancefunctions.o(i.arm_braycurtis_distance_f32), (100 bytes).
    Removing distancefunctions.o(i.arm_canberra_distance_f32), (124 bytes).
    Removing distancefunctions.o(i.arm_chebyshev_distance_f32), (128 bytes).
    Removing distancefunctions.o(i.arm_cityblock_distance_f32), (72 bytes).
    Removing distancefunctions.o(i.arm_correlation_distance_f32), (228 bytes).
    Removing distancefunctions.o(i.arm_cosine_distance_f32), (108 bytes).
    Removing distancefunctions.o(i.arm_dice_distance), (188 bytes).
    Removing distancefunctions.o(i.arm_euclidean_distance_f32), (100 bytes).
    Removing distancefunctions.o(i.arm_hamming_distance), (112 bytes).
    Removing distancefunctions.o(i.arm_jaccard_distance), (128 bytes).
    Removing distancefunctions.o(i.arm_jensenshannon_distance_f32), (184 bytes).
    Removing distancefunctions.o(i.arm_kulsinski_distance), (132 bytes).
    Removing distancefunctions.o(i.arm_minkowski_distance_f32), (136 bytes).
    Removing distancefunctions.o(i.arm_rogerstanimoto_distance), (136 bytes).
    Removing distancefunctions.o(i.arm_russellrao_distance), (116 bytes).
    Removing distancefunctions.o(i.arm_sokalmichener_distance), (156 bytes).
    Removing distancefunctions.o(i.arm_sokalsneath_distance), (112 bytes).
    Removing distancefunctions.o(i.arm_yule_distance), (180 bytes).
    Removing distancefunctions.o(i.fabsf), (10 bytes).
    Removing distancefunctions.o(i.rel_entr), (36 bytes).
    Removing fastmathfunctions.o(.rev16_text), (4 bytes).
    Removing fastmathfunctions.o(.revsh_text), (4 bytes).
    Removing fastmathfunctions.o(.rrx_text), (6 bytes).
    Removing fastmathfunctions.o(i.arm_cos_f32), (164 bytes).
    Removing fastmathfunctions.o(i.arm_cos_q15), (72 bytes).
    Removing fastmathfunctions.o(i.arm_cos_q31), (84 bytes).
    Removing fastmathfunctions.o(i.arm_sin_f32), (160 bytes).
    Removing fastmathfunctions.o(i.arm_sin_q15), (68 bytes).
    Removing fastmathfunctions.o(i.arm_sin_q31), (80 bytes).
    Removing fastmathfunctions.o(i.arm_sqrt_q15), (296 bytes).
    Removing fastmathfunctions.o(i.arm_sqrt_q31), (320 bytes).
    Removing fastmathfunctions.o(i.arm_vexp_f32), (40 bytes).
    Removing fastmathfunctions.o(i.arm_vlog_f32), (40 bytes).
    Removing filteringfunctions.o(.rev16_text), (4 bytes).
    Removing filteringfunctions.o(.revsh_text), (4 bytes).
    Removing filteringfunctions.o(.rrx_text), (6 bytes).
    Removing filteringfunctions.o(i.arm_biquad_cas_df1_32x64_init_q31), (38 bytes).
    Removing filteringfunctions.o(i.arm_biquad_cas_df1_32x64_q31), (440 bytes).
    Removing filteringfunctions.o(i.arm_biquad_cascade_df1_f32), (172 bytes).
    Removing filteringfunctions.o(i.arm_biquad_cascade_df1_fast_q15), (368 bytes).
    Removing filteringfunctions.o(i.arm_biquad_cascade_df1_fast_q31), (360 bytes).
    Removing filteringfunctions.o(i.arm_biquad_cascade_df1_init_f32), (30 bytes).
    Removing filteringfunctions.o(i.arm_biquad_cascade_df1_init_q15), (40 bytes).
    Removing filteringfunctions.o(i.arm_biquad_cascade_df1_init_q31), (38 bytes).
    Removing filteringfunctions.o(i.arm_biquad_cascade_df1_q15), (846 bytes).
    Removing filteringfunctions.o(i.arm_biquad_cascade_df1_q31), (256 bytes).
    Removing filteringfunctions.o(i.arm_biquad_cascade_df2T_f32), (108 bytes).
    Removing filteringfunctions.o(i.arm_biquad_cascade_df2T_f64), (238 bytes).
    Removing filteringfunctions.o(i.arm_biquad_cascade_df2T_init_f32), (30 bytes).
    Removing filteringfunctions.o(i.arm_biquad_cascade_df2T_init_f64), (30 bytes).
    Removing filteringfunctions.o(i.arm_biquad_cascade_stereo_df2T_f32), (160 bytes).
    Removing filteringfunctions.o(i.arm_biquad_cascade_stereo_df2T_init_f32), (30 bytes).
    Removing filteringfunctions.o(i.arm_conv_f32), (384 bytes).
    Removing filteringfunctions.o(i.arm_conv_fast_opt_q15), (276 bytes).
    Removing filteringfunctions.o(i.arm_conv_fast_q15), (1924 bytes).
    Removing filteringfunctions.o(i.arm_conv_fast_q31), (1498 bytes).
    Removing filteringfunctions.o(i.arm_conv_opt_q15), (314 bytes).
    Removing filteringfunctions.o(i.arm_conv_opt_q7), (890 bytes).
    Removing filteringfunctions.o(i.arm_conv_partial_f32), (572 bytes).
    Removing filteringfunctions.o(i.arm_conv_partial_fast_opt_q15), (344 bytes).
    Removing filteringfunctions.o(i.arm_conv_partial_fast_q15), (1864 bytes).
    Removing filteringfunctions.o(i.arm_conv_partial_fast_q31), (548 bytes).
    Removing filteringfunctions.o(i.arm_conv_partial_opt_q15), (388 bytes).
    Removing filteringfunctions.o(i.arm_conv_partial_opt_q7), (944 bytes).
    Removing filteringfunctions.o(i.arm_conv_partial_q15), (3720 bytes).
    Removing filteringfunctions.o(i.arm_conv_partial_q31), (594 bytes).
    Removing filteringfunctions.o(i.arm_conv_partial_q7), (522 bytes).
    Removing filteringfunctions.o(i.arm_conv_q15), (3500 bytes).
    Removing filteringfunctions.o(i.arm_conv_q31), (488 bytes).
    Removing filteringfunctions.o(i.arm_conv_q7), (376 bytes).
    Removing filteringfunctions.o(i.arm_correlate_f32), (504 bytes).
    Removing filteringfunctions.o(i.arm_correlate_fast_opt_q15), (264 bytes).
    Removing filteringfunctions.o(i.arm_correlate_fast_q15), (1796 bytes).
    Removing filteringfunctions.o(i.arm_correlate_fast_q31), (1634 bytes).
    Removing filteringfunctions.o(i.arm_correlate_opt_q15), (310 bytes).
    Removing filteringfunctions.o(i.arm_correlate_opt_q7), (874 bytes).
    Removing filteringfunctions.o(i.arm_correlate_q15), (3230 bytes).
    Removing filteringfunctions.o(i.arm_correlate_q31), (598 bytes).
    Removing filteringfunctions.o(i.arm_correlate_q7), (474 bytes).
    Removing filteringfunctions.o(i.arm_fir_decimate_f32), (176 bytes).
    Removing filteringfunctions.o(i.arm_fir_decimate_fast_q15), (442 bytes).
    Removing filteringfunctions.o(i.arm_fir_decimate_fast_q31), (222 bytes).
    Removing filteringfunctions.o(i.arm_fir_decimate_init_f32), (66 bytes).
    Removing filteringfunctions.o(i.arm_fir_decimate_init_q15), (66 bytes).
    Removing filteringfunctions.o(i.arm_fir_decimate_init_q31), (66 bytes).
    Removing filteringfunctions.o(i.arm_fir_decimate_q15), (738 bytes).
    Removing filteringfunctions.o(i.arm_fir_decimate_q31), (236 bytes).
    Removing filteringfunctions.o(i.arm_fir_f32), (140 bytes).
    Removing filteringfunctions.o(i.arm_fir_fast_q15), (142 bytes).
    Removing filteringfunctions.o(i.arm_fir_fast_q31), (180 bytes).
    Removing filteringfunctions.o(i.arm_fir_init_f32), (40 bytes).
    Removing filteringfunctions.o(i.arm_fir_init_q15), (56 bytes).
    Removing filteringfunctions.o(i.arm_fir_init_q31), (40 bytes).
    Removing filteringfunctions.o(i.arm_fir_init_q7), (38 bytes).
    Removing filteringfunctions.o(i.arm_fir_interpolate_f32), (184 bytes).
    Removing filteringfunctions.o(i.arm_fir_interpolate_init_f32), (70 bytes).
    Removing filteringfunctions.o(i.arm_fir_interpolate_init_q15), (70 bytes).
    Removing filteringfunctions.o(i.arm_fir_interpolate_init_q31), (70 bytes).
    Removing filteringfunctions.o(i.arm_fir_interpolate_q15), (254 bytes).
    Removing filteringfunctions.o(i.arm_fir_interpolate_q31), (250 bytes).
    Removing filteringfunctions.o(i.arm_fir_lattice_f32), (180 bytes).
    Removing filteringfunctions.o(i.arm_fir_lattice_init_f32), (30 bytes).
    Removing filteringfunctions.o(i.arm_fir_lattice_init_q15), (30 bytes).
    Removing filteringfunctions.o(i.arm_fir_lattice_init_q31), (30 bytes).
    Removing filteringfunctions.o(i.arm_fir_lattice_q15), (188 bytes).
    Removing filteringfunctions.o(i.arm_fir_lattice_q31), (166 bytes).
    Removing filteringfunctions.o(i.arm_fir_q15), (200 bytes).
    Removing filteringfunctions.o(i.arm_fir_q31), (188 bytes).
    Removing filteringfunctions.o(i.arm_fir_q7), (146 bytes).
    Removing filteringfunctions.o(i.arm_fir_sparse_f32), (884 bytes).
    Removing filteringfunctions.o(i.arm_fir_sparse_init_f32), (54 bytes).
    Removing filteringfunctions.o(i.arm_fir_sparse_init_q15), (54 bytes).
    Removing filteringfunctions.o(i.arm_fir_sparse_init_q31), (54 bytes).
    Removing filteringfunctions.o(i.arm_fir_sparse_init_q7), (52 bytes).
    Removing filteringfunctions.o(i.arm_fir_sparse_q15), (950 bytes).
    Removing filteringfunctions.o(i.arm_fir_sparse_q31), (972 bytes).
    Removing filteringfunctions.o(i.arm_fir_sparse_q7), (952 bytes).
    Removing filteringfunctions.o(i.arm_iir_lattice_f32), (184 bytes).
    Removing filteringfunctions.o(i.arm_iir_lattice_init_f32), (42 bytes).
    Removing filteringfunctions.o(i.arm_iir_lattice_init_q15), (42 bytes).
    Removing filteringfunctions.o(i.arm_iir_lattice_init_q31), (42 bytes).
    Removing filteringfunctions.o(i.arm_iir_lattice_q15), (448 bytes).
    Removing filteringfunctions.o(i.arm_iir_lattice_q31), (434 bytes).
    Removing filteringfunctions.o(i.arm_lms_f32), (228 bytes).
    Removing filteringfunctions.o(i.arm_lms_init_f32), (56 bytes).
    Removing filteringfunctions.o(i.arm_lms_init_q15), (52 bytes).
    Removing filteringfunctions.o(i.arm_lms_init_q31), (52 bytes).
    Removing filteringfunctions.o(i.arm_lms_norm_f32), (304 bytes).
    Removing filteringfunctions.o(i.arm_lms_norm_init_f32), (76 bytes).
    Removing filteringfunctions.o(i.arm_lms_norm_init_q15), (68 bytes).
    Removing filteringfunctions.o(i.arm_lms_norm_init_q31), (68 bytes).
    Removing filteringfunctions.o(i.arm_lms_norm_q15), (616 bytes).
    Removing filteringfunctions.o(i.arm_lms_norm_q31), (646 bytes).
    Removing filteringfunctions.o(i.arm_lms_q15), (380 bytes).
    Removing filteringfunctions.o(i.arm_lms_q31), (302 bytes).
    Removing matrixfunctions.o(.rev16_text), (4 bytes).
    Removing matrixfunctions.o(.revsh_text), (4 bytes).
    Removing matrixfunctions.o(.rrx_text), (6 bytes).
    Removing matrixfunctions.o(i.arm_mat_add_f32), (56 bytes).
    Removing matrixfunctions.o(i.arm_mat_add_q15), (60 bytes).
    Removing matrixfunctions.o(i.arm_mat_add_q31), (56 bytes).
    Removing matrixfunctions.o(i.arm_mat_cmplx_mult_f32), (224 bytes).
    Removing matrixfunctions.o(i.arm_mat_cmplx_mult_q15), (516 bytes).
    Removing matrixfunctions.o(i.arm_mat_cmplx_mult_q31), (314 bytes).
    Removing matrixfunctions.o(i.arm_mat_init_f32), (8 bytes).
    Removing matrixfunctions.o(i.arm_mat_init_q15), (8 bytes).
    Removing matrixfunctions.o(i.arm_mat_init_q31), (8 bytes).
    Removing matrixfunctions.o(i.arm_mat_inverse_f32), (624 bytes).
    Removing matrixfunctions.o(i.arm_mat_inverse_f64), (868 bytes).
    Removing matrixfunctions.o(i.arm_mat_mult_f32), (188 bytes).
    Removing matrixfunctions.o(i.arm_mat_mult_fast_q15), (1112 bytes).
    Removing matrixfunctions.o(i.arm_mat_mult_fast_q31), (574 bytes).
    Removing matrixfunctions.o(i.arm_mat_mult_q15), (542 bytes).
    Removing matrixfunctions.o(i.arm_mat_mult_q31), (172 bytes).
    Removing matrixfunctions.o(i.arm_mat_scale_f32), (44 bytes).
    Removing matrixfunctions.o(i.arm_mat_scale_q15), (62 bytes).
    Removing matrixfunctions.o(i.arm_mat_scale_q31), (80 bytes).
    Removing matrixfunctions.o(i.arm_mat_sub_f32), (56 bytes).
    Removing matrixfunctions.o(i.arm_mat_sub_q15), (60 bytes).
    Removing matrixfunctions.o(i.arm_mat_sub_q31), (56 bytes).
    Removing matrixfunctions.o(i.arm_mat_trans_f32), (68 bytes).
    Removing matrixfunctions.o(i.arm_mat_trans_q15), (70 bytes).
    Removing matrixfunctions.o(i.arm_mat_trans_q31), (68 bytes).
    Removing svmfunctions.o(.rev16_text), (4 bytes).
    Removing svmfunctions.o(.revsh_text), (4 bytes).
    Removing svmfunctions.o(.rrx_text), (6 bytes).
    Removing svmfunctions.o(i.arm_svm_linear_init_f32), (22 bytes).
    Removing svmfunctions.o(i.arm_svm_linear_predict_f32), (132 bytes).
    Removing svmfunctions.o(i.arm_svm_polynomial_init_f32), (32 bytes).
    Removing svmfunctions.o(i.arm_svm_polynomial_predict_f32), (172 bytes).
    Removing svmfunctions.o(i.arm_svm_rbf_init_f32), (26 bytes).
    Removing svmfunctions.o(i.arm_svm_rbf_predict_f32), (196 bytes).
    Removing svmfunctions.o(i.arm_svm_sigmoid_init_f32), (30 bytes).
    Removing svmfunctions.o(i.arm_svm_sigmoid_predict_f32), (172 bytes).
    Removing statisticsfunctions.o(.rev16_text), (4 bytes).
    Removing statisticsfunctions.o(.revsh_text), (4 bytes).
    Removing statisticsfunctions.o(.rrx_text), (6 bytes).
    Removing statisticsfunctions.o(i.arm_entropy_f32), (72 bytes).
    Removing statisticsfunctions.o(i.arm_entropy_f64), (116 bytes).
    Removing statisticsfunctions.o(i.arm_kullback_leibler_f32), (88 bytes).
    Removing statisticsfunctions.o(i.arm_kullback_leibler_f64), (144 bytes).
    Removing statisticsfunctions.o(i.arm_logsumexp_dot_prod_f32), (52 bytes).
    Removing statisticsfunctions.o(i.arm_logsumexp_f32), (128 bytes).
    Removing statisticsfunctions.o(i.arm_max_no_idx_f32), (44 bytes).
    Removing statisticsfunctions.o(i.arm_max_q15), (40 bytes).
    Removing statisticsfunctions.o(i.arm_max_q31), (36 bytes).
    Removing statisticsfunctions.o(i.arm_max_q7), (40 bytes).
    Removing statisticsfunctions.o(i.arm_mean_f32), (56 bytes).
    Removing statisticsfunctions.o(i.arm_mean_q15), (30 bytes).
    Removing statisticsfunctions.o(i.arm_mean_q31), (56 bytes).
    Removing statisticsfunctions.o(i.arm_mean_q7), (30 bytes).
    Removing statisticsfunctions.o(i.arm_min_f32), (52 bytes).
    Removing statisticsfunctions.o(i.arm_min_q15), (40 bytes).
    Removing statisticsfunctions.o(i.arm_min_q31), (36 bytes).
    Removing statisticsfunctions.o(i.arm_min_q7), (40 bytes).
    Removing statisticsfunctions.o(i.arm_power_f32), (48 bytes).
    Removing statisticsfunctions.o(i.arm_power_q15), (50 bytes).
    Removing statisticsfunctions.o(i.arm_power_q31), (54 bytes).
    Removing statisticsfunctions.o(i.arm_power_q7), (28 bytes).
    Removing statisticsfunctions.o(i.arm_rms_f32), (84 bytes).
    Removing statisticsfunctions.o(i.arm_rms_q15), (78 bytes).
    Removing statisticsfunctions.o(i.arm_rms_q31), (96 bytes).
    Removing statisticsfunctions.o(i.arm_std_f32), (60 bytes).
    Removing statisticsfunctions.o(i.arm_std_q15), (128 bytes).
    Removing statisticsfunctions.o(i.arm_std_q31), (168 bytes).
    Removing statisticsfunctions.o(i.arm_var_f32), (136 bytes).
    Removing statisticsfunctions.o(i.arm_var_q15), (152 bytes).
    Removing statisticsfunctions.o(i.arm_var_q31), (166 bytes).
    Removing supportfunctions.o(.rev16_text), (4 bytes).
    Removing supportfunctions.o(.revsh_text), (4 bytes).
    Removing supportfunctions.o(.rrx_text), (6 bytes).
    Removing supportfunctions.o(i.arm_barycenter_f32), (136 bytes).
    Removing supportfunctions.o(i.arm_bitonic_sort_core_f32), (170 bytes).
    Removing supportfunctions.o(i.arm_bitonic_sort_f32), (92 bytes).
    Removing supportfunctions.o(i.arm_bubble_sort_f32), (156 bytes).
    Removing supportfunctions.o(i.arm_copy_f32), (22 bytes).
    Removing supportfunctions.o(i.arm_copy_q15), (22 bytes).
    Removing supportfunctions.o(i.arm_copy_q31), (18 bytes).
    Removing supportfunctions.o(i.arm_copy_q7), (22 bytes).
    Removing supportfunctions.o(i.arm_fill_f32), (16 bytes).
    Removing supportfunctions.o(i.arm_fill_q15), (18 bytes).
    Removing supportfunctions.o(i.arm_fill_q31), (16 bytes).
    Removing supportfunctions.o(i.arm_fill_q7), (18 bytes).
    Removing supportfunctions.o(i.arm_float_to_q15), (48 bytes).
    Removing supportfunctions.o(i.arm_float_to_q31), (80 bytes).
    Removing supportfunctions.o(i.arm_float_to_q7), (48 bytes).
    Removing supportfunctions.o(i.arm_heap_sort_f32), (120 bytes).
    Removing supportfunctions.o(i.arm_heapify), (170 bytes).
    Removing supportfunctions.o(i.arm_insertion_sort_f32), (142 bytes).
    Removing supportfunctions.o(i.arm_merge_sort_core_f32), (76 bytes).
    Removing supportfunctions.o(i.arm_merge_sort_f32), (62 bytes).
    Removing supportfunctions.o(i.arm_merge_sort_init_f32), (6 bytes).
    Removing supportfunctions.o(i.arm_q15_to_float), (44 bytes).
    Removing supportfunctions.o(i.arm_q15_to_q31), (24 bytes).
    Removing supportfunctions.o(i.arm_q15_to_q7), (26 bytes).
    Removing supportfunctions.o(i.arm_q31_to_float), (40 bytes).
    Removing supportfunctions.o(i.arm_q31_to_q15), (24 bytes).
    Removing supportfunctions.o(i.arm_q31_to_q7), (24 bytes).
    Removing supportfunctions.o(i.arm_q7_to_float), (44 bytes).
    Removing supportfunctions.o(i.arm_q7_to_q15), (26 bytes).
    Removing supportfunctions.o(i.arm_q7_to_q31), (24 bytes).
    Removing supportfunctions.o(i.arm_quick_sort_core_f32), (60 bytes).
    Removing supportfunctions.o(i.arm_quick_sort_f32), (50 bytes).
    Removing supportfunctions.o(i.arm_quick_sort_partition_f32), (168 bytes).
    Removing supportfunctions.o(i.arm_selection_sort_f32), (162 bytes).
    Removing supportfunctions.o(i.arm_sort_f32), (118 bytes).
    Removing supportfunctions.o(i.arm_sort_init_f32), (6 bytes).
    Removing supportfunctions.o(i.arm_spline_f32), (424 bytes).
    Removing supportfunctions.o(i.arm_spline_init_f32), (556 bytes).
    Removing supportfunctions.o(i.arm_weighted_sum_f32), (76 bytes).
    Removing supportfunctions.o(i.topDownMerge), (118 bytes).
    Removing transformfunctions.o(.rev16_text), (4 bytes).
    Removing transformfunctions.o(.revsh_text), (4 bytes).
    Removing transformfunctions.o(.rrx_text), (6 bytes).
    Removing transformfunctions.o(i.arm_bitreversal_16), (74 bytes).
    Removing transformfunctions.o(i.arm_bitreversal_32), (72 bytes).
    Removing transformfunctions.o(i.arm_bitreversal_64), (184 bytes).
    Removing transformfunctions.o(i.arm_bitreversal_f32), (430 bytes).
    Removing transformfunctions.o(i.arm_bitreversal_q15), (134 bytes).
    Removing transformfunctions.o(i.arm_bitreversal_q31), (356 bytes).
    Removing transformfunctions.o(i.arm_cfft_f32), (240 bytes).
    Removing transformfunctions.o(i.arm_cfft_f64), (308 bytes).
    Removing transformfunctions.o(i.arm_cfft_init_f32), (288 bytes).
    Removing transformfunctions.o(i.arm_cfft_init_f64), (288 bytes).
    Removing transformfunctions.o(i.arm_cfft_init_q15), (288 bytes).
    Removing transformfunctions.o(i.arm_cfft_init_q31), (288 bytes).
    Removing transformfunctions.o(i.arm_cfft_q15), (226 bytes).
    Removing transformfunctions.o(i.arm_cfft_q31), (226 bytes).
    Removing transformfunctions.o(i.arm_cfft_radix2_f32), (66 bytes).
    Removing transformfunctions.o(i.arm_cfft_radix2_init_f32), (324 bytes).
    Removing transformfunctions.o(i.arm_cfft_radix2_init_q15), (216 bytes).
    Removing transformfunctions.o(i.arm_cfft_radix2_init_q31), (216 bytes).
    Removing transformfunctions.o(i.arm_cfft_radix2_q15), (52 bytes).
    Removing transformfunctions.o(i.arm_cfft_radix2_q31), (52 bytes).
    Removing transformfunctions.o(i.arm_cfft_radix4_f32), (66 bytes).
    Removing transformfunctions.o(i.arm_cfft_radix4_init_f32), (200 bytes).
    Removing transformfunctions.o(i.arm_cfft_radix4_init_q15), (140 bytes).
    Removing transformfunctions.o(i.arm_cfft_radix4_init_q31), (140 bytes).
    Removing transformfunctions.o(i.arm_cfft_radix4_q15), (58 bytes).
    Removing transformfunctions.o(i.arm_cfft_radix4_q31), (58 bytes).
    Removing transformfunctions.o(i.arm_cfft_radix4by2_f64), (452 bytes).
    Removing transformfunctions.o(i.arm_cfft_radix4by2_inverse_q15), (340 bytes).
    Removing transformfunctions.o(i.arm_cfft_radix4by2_inverse_q31), (374 bytes).
    Removing transformfunctions.o(i.arm_cfft_radix4by2_q15), (340 bytes).
    Removing transformfunctions.o(i.arm_cfft_radix4by2_q31), (376 bytes).
    Removing transformfunctions.o(i.arm_cfft_radix8by2_f32), (778 bytes).
    Removing transformfunctions.o(i.arm_cfft_radix8by4_f32), (1970 bytes).
    Removing transformfunctions.o(i.arm_dct4_f32), (254 bytes).
    Removing transformfunctions.o(i.arm_dct4_init_f32), (164 bytes).
    Removing transformfunctions.o(i.arm_dct4_init_q15), (156 bytes).
    Removing transformfunctions.o(i.arm_dct4_init_q31), (156 bytes).
    Removing transformfunctions.o(i.arm_dct4_q15), (244 bytes).
    Removing transformfunctions.o(i.arm_dct4_q31), (226 bytes).
    Removing transformfunctions.o(i.arm_radix2_butterfly_f32), (772 bytes).
    Removing transformfunctions.o(i.arm_radix2_butterfly_inverse_f32), (802 bytes).
    Removing transformfunctions.o(i.arm_radix2_butterfly_inverse_q15), (1492 bytes).
    Removing transformfunctions.o(i.arm_radix2_butterfly_inverse_q31), (1076 bytes).
    Removing transformfunctions.o(i.arm_radix2_butterfly_q15), (1628 bytes).
    Removing transformfunctions.o(i.arm_radix2_butterfly_q31), (1102 bytes).
    Removing transformfunctions.o(i.arm_radix4_butterfly_f32), (666 bytes).
    Removing transformfunctions.o(i.arm_radix4_butterfly_f64), (1202 bytes).
    Removing transformfunctions.o(i.arm_radix4_butterfly_inverse_f32), (1140 bytes).
    Removing transformfunctions.o(i.arm_radix4_butterfly_inverse_q15), (1760 bytes).
    Removing transformfunctions.o(i.arm_radix4_butterfly_inverse_q31), (1912 bytes).
    Removing transformfunctions.o(i.arm_radix4_butterfly_q15), (1760 bytes).
    Removing transformfunctions.o(i.arm_radix4_butterfly_q31), (1912 bytes).
    Removing transformfunctions.o(i.arm_radix8_butterfly_f32), (2824 bytes).
    Removing transformfunctions.o(i.arm_rfft_1024_fast_init_f32), (48 bytes).
    Removing transformfunctions.o(i.arm_rfft_1024_fast_init_f64), (56 bytes).
    Removing transformfunctions.o(i.arm_rfft_128_fast_init_f32), (44 bytes).
    Removing transformfunctions.o(i.arm_rfft_128_fast_init_f64), (52 bytes).
    Removing transformfunctions.o(i.arm_rfft_2048_fast_init_f32), (48 bytes).
    Removing transformfunctions.o(i.arm_rfft_2048_fast_init_f64), (56 bytes).
    Removing transformfunctions.o(i.arm_rfft_256_fast_init_f32), (48 bytes).
    Removing transformfunctions.o(i.arm_rfft_256_fast_init_f64), (52 bytes).
    Removing transformfunctions.o(i.arm_rfft_32_fast_init_f32), (44 bytes).
    Removing transformfunctions.o(i.arm_rfft_32_fast_init_f64), (52 bytes).
    Removing transformfunctions.o(i.arm_rfft_4096_fast_init_f32), (48 bytes).
    Removing transformfunctions.o(i.arm_rfft_4096_fast_init_f64), (56 bytes).
    Removing transformfunctions.o(i.arm_rfft_512_fast_init_f32), (48 bytes).
    Removing transformfunctions.o(i.arm_rfft_512_fast_init_f64), (56 bytes).
    Removing transformfunctions.o(i.arm_rfft_64_fast_init_f32), (44 bytes).
    Removing transformfunctions.o(i.arm_rfft_64_fast_init_f64), (52 bytes).
    Removing transformfunctions.o(i.arm_rfft_f32), (124 bytes).
    Removing transformfunctions.o(i.arm_rfft_fast_f32), (66 bytes).
    Removing transformfunctions.o(i.arm_rfft_fast_f64), (76 bytes).
    Removing transformfunctions.o(i.arm_rfft_fast_init_f32), (140 bytes).
    Removing transformfunctions.o(i.arm_rfft_fast_init_f64), (140 bytes).
    Removing transformfunctions.o(i.arm_rfft_init_f32), (148 bytes).
    Removing transformfunctions.o(i.arm_rfft_init_q15), (224 bytes).
    Removing transformfunctions.o(i.arm_rfft_init_q31), (224 bytes).
    Removing transformfunctions.o(i.arm_rfft_q15), (116 bytes).
    Removing transformfunctions.o(i.arm_rfft_q31), (114 bytes).
    Removing transformfunctions.o(i.arm_split_rfft_f32), (312 bytes).
    Removing transformfunctions.o(i.arm_split_rfft_q15), (430 bytes).
    Removing transformfunctions.o(i.arm_split_rfft_q31), (518 bytes).
    Removing transformfunctions.o(i.arm_split_rifft_f32), (200 bytes).
    Removing transformfunctions.o(i.arm_split_rifft_q15), (278 bytes).
    Removing transformfunctions.o(i.arm_split_rifft_q31), (318 bytes).
    Removing transformfunctions.o(i.merge_rfft_f32), (188 bytes).
    Removing transformfunctions.o(i.merge_rfft_f64), (536 bytes).
    Removing transformfunctions.o(i.stage_rfft_f32), (258 bytes).
    Removing transformfunctions.o(i.stage_rfft_f64), (612 bytes).
    Removing retarget_io.o(i.ITM_ReceiveChar), (36 bytes).
    Removing retarget_io.o(i.ITM_SendChar), (48 bytes).
    Removing retarget_io.o(i._sys_close), (38 bytes).
    Removing retarget_io.o(i._sys_flen), (36 bytes).
    Removing retarget_io.o(i._sys_istty), (36 bytes).
    Removing retarget_io.o(i._sys_open), (104 bytes).
    Removing retarget_io.o(i._sys_read), (46 bytes).
    Removing retarget_io.o(i._sys_seek), (44 bytes).
    Removing retarget_io.o(i._sys_write), (70 bytes).
    Removing retarget_io.o(i.stdout_putchar), (12 bytes).
    Removing retarget_io.o(.constdata), (23 bytes).
    Removing retarget_io.o(.data), (4 bytes).
    Removing system_stm32f4xx.o(.rev16_text), (4 bytes).
    Removing system_stm32f4xx.o(.revsh_text), (4 bytes).
    Removing system_stm32f4xx.o(.rrx_text), (6 bytes).
    Removing system_stm32f4xx.o(i.SystemCoreClockUpdate), (192 bytes).
    Removing system_stm32f4xx.o(.constdata), (24 bytes).
    Removing system_stm32f4xx.o(.data), (4 bytes).
    Removing main.o(i.fputc), (14 bytes).

461 unused section(s) (total 1024071 bytes) removed from the image.

==============================================================================

Image Symbol Table

    Local Symbols

    Symbol Name                              Value     Ov Type        Size  Object(Section)

    ../clib/angel/boardlib.s                 0x00000000   Number         0  boardinit1.o ABSOLUTE
    ../clib/angel/boardlib.s                 0x00000000   Number         0  boardshut.o ABSOLUTE
    ../clib/angel/boardlib.s                 0x00000000   Number         0  boardinit2.o ABSOLUTE
    ../clib/angel/boardlib.s                 0x00000000   Number         0  boardinit3.o ABSOLUTE
    ../clib/angel/handlers.s                 0x00000000   Number         0  __scatter_zi.o ABSOLUTE
    ../clib/angel/kernel.s                   0x00000000   Number         0  rtexit2.o ABSOLUTE
    ../clib/angel/kernel.s                   0x00000000   Number         0  rtexit.o ABSOLUTE
    ../clib/angel/kernel.s                   0x00000000   Number         0  __rtentry.o ABSOLUTE
    ../clib/angel/kernel.s                   0x00000000   Number         0  __rtentry2.o ABSOLUTE
    ../clib/angel/kernel.s                   0x00000000   Number         0  __rtentry4.o ABSOLUTE
    ../clib/angel/rt.s                       0x00000000   Number         0  aeabi_ldiv0_sigfpe.o ABSOLUTE
    ../clib/angel/rt.s                       0x00000000   Number         0  aeabi_ldiv0.o ABSOLUTE
    ../clib/angel/rt.s                       0x00000000   Number         0  rt_raise.o ABSOLUTE
    ../clib/angel/rt.s                       0x00000000   Number         0  rt_errno_addr.o ABSOLUTE
    ../clib/angel/rt.s                       0x00000000   Number         0  rt_errno_addr_intlibspace.o ABSOLUTE
    ../clib/angel/rt.s                       0x00000000   Number         0  rt_div0.o ABSOLUTE
    ../clib/angel/scatter.s                  0x00000000   Number         0  __scatter.o ABSOLUTE
    ../clib/angel/startup.s                  0x00000000   Number         0  __main.o ABSOLUTE
    ../clib/angel/sys.s                      0x00000000   Number         0  libspace.o ABSOLUTE
    ../clib/angel/sys.s                      0x00000000   Number         0  sys_stackheap_outer.o ABSOLUTE
    ../clib/angel/sys.s                      0x00000000   Number         0  indicate_semi.o ABSOLUTE
    ../clib/angel/sys.s                      0x00000000   Number         0  use_no_semi.o ABSOLUTE
    ../clib/angel/sysapp.c                   0x00000000   Number         0  sys_command.o ABSOLUTE
    ../clib/angel/sysapp.c                   0x00000000   Number         0  sys_exit.o ABSOLUTE
    ../clib/angel/sysapp.c                   0x00000000   Number         0  sys_wrch.o ABSOLUTE
    ../clib/armsys.c                         0x00000000   Number         0  no_argv.o ABSOLUTE
    ../clib/armsys.c                         0x00000000   Number         0  _get_argv_nomalloc.o ABSOLUTE
    ../clib/armsys.c                         0x00000000   Number         0  argv_veneer.o ABSOLUTE
    ../clib/armsys.c                         0x00000000   Number         0  argv_veneer.o ABSOLUTE
    ../clib/fenv.c                           0x00000000   Number         0  _rserrno.o ABSOLUTE
    ../clib/heapalloc.c                      0x00000000   Number         0  hrguard.o ABSOLUTE
    ../clib/heapaux.c                        0x00000000   Number         0  heapauxi.o ABSOLUTE
    ../clib/libinit.s                        0x00000000   Number         0  libshutdown.o ABSOLUTE
    ../clib/libinit.s                        0x00000000   Number         0  libinit2.o ABSOLUTE
    ../clib/libinit.s                        0x00000000   Number         0  libinit.o ABSOLUTE
    ../clib/libinit.s                        0x00000000   Number         0  libshutdown2.o ABSOLUTE
    ../clib/longlong.s                       0x00000000   Number         0  llshl.o ABSOLUTE
    ../clib/longlong.s                       0x00000000   Number         0  llsshr.o ABSOLUTE
    ../clib/longlong.s                       0x00000000   Number         0  llsdiv.o ABSOLUTE
    ../clib/longlong.s                       0x00000000   Number         0  lludivv7m.o ABSOLUTE
    ../clib/memcpset.s                       0x00000000   Number         0  rt_memclr.o ABSOLUTE
    ../clib/memcpset.s                       0x00000000   Number         0  strcmpv7m.o ABSOLUTE
    ../clib/memcpset.s                       0x00000000   Number         0  rt_memclr_w.o ABSOLUTE
    ../clib/memcpset.s                       0x00000000   Number         0  rt_memcpy_w.o ABSOLUTE
    ../clib/signal.c                         0x00000000   Number         0  defsig_stak_inner.o ABSOLUTE
    ../clib/signal.c                         0x00000000   Number         0  defsig_rtmem_formal.o ABSOLUTE
    ../clib/signal.c                         0x00000000   Number         0  defsig_rtmem_inner.o ABSOLUTE
    ../clib/signal.c                         0x00000000   Number         0  defsig_rtred_inner.o ABSOLUTE
    ../clib/signal.c                         0x00000000   Number         0  __raise.o ABSOLUTE
    ../clib/signal.c                         0x00000000   Number         0  defsig_abrt_inner.o ABSOLUTE
    ../clib/signal.c                         0x00000000   Number         0  defsig_fpe_formal.o ABSOLUTE
    ../clib/signal.c                         0x00000000   Number         0  defsig_rtmem_outer.o ABSOLUTE
    ../clib/signal.c                         0x00000000   Number         0  defsig_exit.o ABSOLUTE
    ../clib/signal.c                         0x00000000   Number         0  defsig_general.o ABSOLUTE
    ../clib/signal.c                         0x00000000   Number         0  defsig_fpe_inner.o ABSOLUTE
    ../clib/signal.c                         0x00000000   Number         0  defsig_fpe_outer.o ABSOLUTE
    ../clib/signal.c                         0x00000000   Number         0  defsig_pvfn_inner.o ABSOLUTE
    ../clib/signal.c                         0x00000000   Number         0  defsig_cppl_inner.o ABSOLUTE
    ../clib/signal.c                         0x00000000   Number         0  defsig_segv_inner.o ABSOLUTE
    ../clib/signal.c                         0x00000000   Number         0  defsig_other.o ABSOLUTE
    ../clib/signal.s                         0x00000000   Number         0  defsig.o ABSOLUTE
    ../clib/stdlib.c                         0x00000000   Number         0  exit.o ABSOLUTE
    ../fplib/basic.s                         0x00000000   Number         0  basic.o ABSOLUTE
    ../fplib/d2f.s                           0x00000000   Number         0  d2f.o ABSOLUTE
    ../fplib/daddsub.s                       0x00000000   Number         0  daddsub_clz.o ABSOLUTE
    ../fplib/dcmpi.s                         0x00000000   Number         0  dcmpi.o ABSOLUTE
    ../fplib/ddiv.s                          0x00000000   Number         0  ddiv.o ABSOLUTE
    ../fplib/deqf.s                          0x00000000   Number         0  deqf.o ABSOLUTE
    ../fplib/dflt.s                          0x00000000   Number         0  dflt_clz.o ABSOLUTE
    ../fplib/dmul.s                          0x00000000   Number         0  dmul.o ABSOLUTE
    ../fplib/dnaninf.s                       0x00000000   Number         0  dnaninf.o ABSOLUTE
    ../fplib/dretinf.s                       0x00000000   Number         0  dretinf.o ABSOLUTE
    ../fplib/f2d.s                           0x00000000   Number         0  f2d.o ABSOLUTE
    ../fplib/ffixll.s                        0x00000000   Number         0  ffixll.o ABSOLUTE
    ../fplib/fnaninf.s                       0x00000000   Number         0  fnaninf.o ABSOLUTE
    ../fplib/fpinit.s                        0x00000000   Number         0  fpinit.o ABSOLUTE
    ../fplib/fretinf.s                       0x00000000   Number         0  fretinf.o ABSOLUTE
    ../fplib/istatus.s                       0x00000000   Number         0  istatus.o ABSOLUTE
    ../fplib/usenofp.s                       0x00000000   Number         0  usenofp.o ABSOLUTE
    ../mathlib/dunder.c                      0x00000000   Number         0  dunder.o ABSOLUTE
    ../mathlib/expf.c                        0x00000000   Number         0  expf_x.o ABSOLUTE
    ../mathlib/expf.c                        0x00000000   Number         0  expf.o ABSOLUTE
    ../mathlib/fpclassifyf.c                 0x00000000   Number         0  fpclassifyf.o ABSOLUTE
    ../mathlib/funder.c                      0x00000000   Number         0  funder.o ABSOLUTE
    ../mathlib/log.c                         0x00000000   Number         0  log_x.o ABSOLUTE
    ../mathlib/log.c                         0x00000000   Number         0  log.o ABSOLUTE
    ../mathlib/logf.c                        0x00000000   Number         0  logf_x.o ABSOLUTE
    ../mathlib/logf.c                        0x00000000   Number         0  logf.o ABSOLUTE
    ../mathlib/poly.c                        0x00000000   Number         0  poly.o ABSOLUTE
    ../mathlib/powf.c                        0x00000000   Number         0  powf.o ABSOLUTE
    ../mathlib/powf.c                        0x00000000   Number         0  powf_x.o ABSOLUTE
    ../mathlib/qnan.c                        0x00000000   Number         0  qnan.o ABSOLUTE
    ../mathlib/tanhf.c                       0x00000000   Number         0  tanhf.o ABSOLUTE
    ../mathlib/tanhf.c                       0x00000000   Number         0  tanhf_x.o ABSOLUTE
    C:\\users\\vinodantony\\Local Settings\\Application Data\\Arm\\Packs\\ARM\\CMSIS\\5.7.0\\CMSIS\\DSP\\Source\\BasicMathFunctions\\BasicMathFunctions.c 0x00000000   Number         0  basicmathfunctions.o ABSOLUTE
    C:\\users\\vinodantony\\Local Settings\\Application Data\\Arm\\Packs\\ARM\\CMSIS\\5.7.0\\CMSIS\\DSP\\Source\\BayesFunctions\\BayesFunctions.c 0x00000000   Number         0  bayesfunctions.o ABSOLUTE
    C:\\users\\vinodantony\\Local Settings\\Application Data\\Arm\\Packs\\ARM\\CMSIS\\5.7.0\\CMSIS\\DSP\\Source\\CommonTables\\CommonTables.c 0x00000000   Number         0  commontables.o ABSOLUTE
    C:\\users\\vinodantony\\Local Settings\\Application Data\\Arm\\Packs\\ARM\\CMSIS\\5.7.0\\CMSIS\\DSP\\Source\\ComplexMathFunctions\\ComplexMathFunctions.c 0x00000000   Number         0  complexmathfunctions.o ABSOLUTE
    C:\\users\\vinodantony\\Local Settings\\Application Data\\Arm\\Packs\\ARM\\CMSIS\\5.7.0\\CMSIS\\DSP\\Source\\ControllerFunctions\\ControllerFunctions.c 0x00000000   Number         0  controllerfunctions.o ABSOLUTE
    C:\\users\\vinodantony\\Local Settings\\Application Data\\Arm\\Packs\\ARM\\CMSIS\\5.7.0\\CMSIS\\DSP\\Source\\DistanceFunctions\\DistanceFunctions.c 0x00000000   Number         0  distancefunctions.o ABSOLUTE
    C:\\users\\vinodantony\\Local Settings\\Application Data\\Arm\\Packs\\ARM\\CMSIS\\5.7.0\\CMSIS\\DSP\\Source\\FastMathFunctions\\FastMathFunctions.c 0x00000000   Number         0  fastmathfunctions.o ABSOLUTE
    C:\\users\\vinodantony\\Local Settings\\Application Data\\Arm\\Packs\\ARM\\CMSIS\\5.7.0\\CMSIS\\DSP\\Source\\FilteringFunctions\\FilteringFunctions.c 0x00000000   Number         0  filteringfunctions.o ABSOLUTE
    C:\\users\\vinodantony\\Local Settings\\Application Data\\Arm\\Packs\\ARM\\CMSIS\\5.7.0\\CMSIS\\DSP\\Source\\MatrixFunctions\\MatrixFunctions.c 0x00000000   Number         0  matrixfunctions.o ABSOLUTE
    C:\\users\\vinodantony\\Local Settings\\Application Data\\Arm\\Packs\\ARM\\CMSIS\\5.7.0\\CMSIS\\DSP\\Source\\SVMFunctions\\SVMFunctions.c 0x00000000   Number         0  svmfunctions.o ABSOLUTE
    C:\\users\\vinodantony\\Local Settings\\Application Data\\Arm\\Packs\\ARM\\CMSIS\\5.7.0\\CMSIS\\DSP\\Source\\StatisticsFunctions\\StatisticsFunctions.c 0x00000000   Number         0  statisticsfunctions.o ABSOLUTE
    C:\\users\\vinodantony\\Local Settings\\Application Data\\Arm\\Packs\\ARM\\CMSIS\\5.7.0\\CMSIS\\DSP\\Source\\SupportFunctions\\SupportFunctions.c 0x00000000   Number         0  supportfunctions.o ABSOLUTE
    C:\\users\\vinodantony\\Local Settings\\Application Data\\Arm\\Packs\\ARM\\CMSIS\\5.7.0\\CMSIS\\DSP\\Source\\TransformFunctions\\TransformFunctions.c 0x00000000   Number         0  transformfunctions.o ABSOLUTE
    C:\users\vinodantony\Local Settings\Application Data\Arm\Packs\ARM\CMSIS\5.7.0\CMSIS\DSP\Source\BasicMathFunctions\BasicMathFunctions.c 0x00000000   Number         0  basicmathfunctions.o ABSOLUTE
    C:\users\vinodantony\Local Settings\Application Data\Arm\Packs\ARM\CMSIS\5.7.0\CMSIS\DSP\Source\BayesFunctions\BayesFunctions.c 0x00000000   Number         0  bayesfunctions.o ABSOLUTE
    C:\users\vinodantony\Local Settings\Application Data\Arm\Packs\ARM\CMSIS\5.7.0\CMSIS\DSP\Source\CommonTables\CommonTables.c 0x00000000   Number         0  commontables.o ABSOLUTE
    C:\users\vinodantony\Local Settings\Application Data\Arm\Packs\ARM\CMSIS\5.7.0\CMSIS\DSP\Source\ComplexMathFunctions\ComplexMathFunctions.c 0x00000000   Number         0  complexmathfunctions.o ABSOLUTE
    C:\users\vinodantony\Local Settings\Application Data\Arm\Packs\ARM\CMSIS\5.7.0\CMSIS\DSP\Source\ControllerFunctions\ControllerFunctions.c 0x00000000   Number         0  controllerfunctions.o ABSOLUTE
    C:\users\vinodantony\Local Settings\Application Data\Arm\Packs\ARM\CMSIS\5.7.0\CMSIS\DSP\Source\DistanceFunctions\DistanceFunctions.c 0x00000000   Number         0  distancefunctions.o ABSOLUTE
    C:\users\vinodantony\Local Settings\Application Data\Arm\Packs\ARM\CMSIS\5.7.0\CMSIS\DSP\Source\FastMathFunctions\FastMathFunctions.c 0x00000000   Number         0  fastmathfunctions.o ABSOLUTE
    C:\users\vinodantony\Local Settings\Application Data\Arm\Packs\ARM\CMSIS\5.7.0\CMSIS\DSP\Source\FilteringFunctions\FilteringFunctions.c 0x00000000   Number         0  filteringfunctions.o ABSOLUTE
    C:\users\vinodantony\Local Settings\Application Data\Arm\Packs\ARM\CMSIS\5.7.0\CMSIS\DSP\Source\MatrixFunctions\MatrixFunctions.c 0x00000000   Number         0  matrixfunctions.o ABSOLUTE
    C:\users\vinodantony\Local Settings\Application Data\Arm\Packs\ARM\CMSIS\5.7.0\CMSIS\DSP\Source\SVMFunctions\SVMFunctions.c 0x00000000   Number         0  svmfunctions.o ABSOLUTE
    C:\users\vinodantony\Local Settings\Application Data\Arm\Packs\ARM\CMSIS\5.7.0\CMSIS\DSP\Source\StatisticsFunctions\StatisticsFunctions.c 0x00000000   Number         0  statisticsfunctions.o ABSOLUTE
    C:\users\vinodantony\Local Settings\Application Data\Arm\Packs\ARM\CMSIS\5.7.0\CMSIS\DSP\Source\SupportFunctions\SupportFunctions.c 0x00000000   Number         0  supportfunctions.o ABSOLUTE
    C:\users\vinodantony\Local Settings\Application Data\Arm\Packs\ARM\CMSIS\5.7.0\CMSIS\DSP\Source\TransformFunctions\TransformFunctions.c 0x00000000   Number         0  transformfunctions.o ABSOLUTE
    C:\users\vinodantony\Local Settings\Application Data\Arm\Packs\Keil\ARM_Compiler\1.6.3\Source\retarget_io.c 0x00000000   Number         0  retarget_io.o ABSOLUTE
    RTE\Device\STM32F411RETx\startup_stm32f411xe.s 0x00000000   Number         0  startup_stm32f411xe.o ABSOLUTE
    RTE\Device\STM32F411RETx\system_stm32f4xx.c 0x00000000   Number         0  system_stm32f4xx.o ABSOLUTE
    RTE\\Device\\STM32F411RETx\\system_stm32f4xx.c 0x00000000   Number         0  system_stm32f4xx.o ABSOLUTE
    dc.s                                     0x00000000   Number         0  dc.o ABSOLUTE
    main.c                                   0x00000000   Number         0  main.o ABSOLUTE
    main.c                                   0x00000000   Number         0  main.o ABSOLUTE
    RESET                                    0x08000000   Section      408  startup_stm32f411xe.o(RESET)
    !!!main                                  0x08000198   Section        8  __main.o(!!!main)
    !!!scatter                               0x080001a0   Section       52  __scatter.o(!!!scatter)
    !!handler_zi                             0x080001d4   Section       28  __scatter_zi.o(!!handler_zi)
    .ARM.Collect$$libinit$$00000000          0x080001f0   Section        2  libinit.o(.ARM.Collect$$libinit$$00000000)
    .ARM.Collect$$libinit$$00000001          0x080001f2   Section        4  libinit2.o(.ARM.Collect$$libinit$$00000001)
    .ARM.Collect$$libinit$$00000004          0x080001f6   Section        0  libinit2.o(.ARM.Collect$$libinit$$00000004)
    .ARM.Collect$$libinit$$0000000A          0x080001f6   Section        0  libinit2.o(.ARM.Collect$$libinit$$0000000A)
    .ARM.Collect$$libinit$$0000000C          0x080001f6   Section        0  libinit2.o(.ARM.Collect$$libinit$$0000000C)
    .ARM.Collect$$libinit$$0000000E          0x080001f6   Section        0  libinit2.o(.ARM.Collect$$libinit$$0000000E)
    .ARM.Collect$$libinit$$00000011          0x080001f6   Section        0  libinit2.o(.ARM.Collect$$libinit$$00000011)
    .ARM.Collect$$libinit$$00000013          0x080001f6   Section        0  libinit2.o(.ARM.Collect$$libinit$$00000013)
    .ARM.Collect$$libinit$$00000015          0x080001f6   Section        0  libinit2.o(.ARM.Collect$$libinit$$00000015)
    .ARM.Collect$$libinit$$00000017          0x080001f6   Section        0  libinit2.o(.ARM.Collect$$libinit$$00000017)
    .ARM.Collect$$libinit$$00000019          0x080001f6   Section        0  libinit2.o(.ARM.Collect$$libinit$$00000019)
    .ARM.Collect$$libinit$$0000001B          0x080001f6   Section        0  libinit2.o(.ARM.Collect$$libinit$$0000001B)
    .ARM.Collect$$libinit$$0000001D          0x080001f6   Section        0  libinit2.o(.ARM.Collect$$libinit$$0000001D)
    .ARM.Collect$$libinit$$0000001F          0x080001f6   Section        0  libinit2.o(.ARM.Collect$$libinit$$0000001F)
    .ARM.Collect$$libinit$$00000021          0x080001f6   Section        0  libinit2.o(.ARM.Collect$$libinit$$00000021)
    .ARM.Collect$$libinit$$00000023          0x080001f6   Section        0  libinit2.o(.ARM.Collect$$libinit$$00000023)
    .ARM.Collect$$libinit$$00000025          0x080001f6   Section        0  libinit2.o(.ARM.Collect$$libinit$$00000025)
    .ARM.Collect$$libinit$$0000002C          0x080001f6   Section        0  libinit2.o(.ARM.Collect$$libinit$$0000002C)
    .ARM.Collect$$libinit$$0000002E          0x080001f6   Section        0  libinit2.o(.ARM.Collect$$libinit$$0000002E)
    .ARM.Collect$$libinit$$00000030          0x080001f6   Section        0  libinit2.o(.ARM.Collect$$libinit$$00000030)
    .ARM.Collect$$libinit$$00000032          0x080001f6   Section        0  libinit2.o(.ARM.Collect$$libinit$$00000032)
    .ARM.Collect$$libinit$$00000033          0x080001f6   Section        2  libinit2.o(.ARM.Collect$$libinit$$00000033)
    .ARM.Collect$$libshutdown$$00000000      0x080001f8   Section        2  libshutdown.o(.ARM.Collect$$libshutdown$$00000000)
    .ARM.Collect$$libshutdown$$00000002      0x080001fa   Section        0  libshutdown2.o(.ARM.Collect$$libshutdown$$00000002)
    .ARM.Collect$$libshutdown$$00000004      0x080001fa   Section        0  libshutdown2.o(.ARM.Collect$$libshutdown$$00000004)
    .ARM.Collect$$libshutdown$$00000007      0x080001fa   Section        0  libshutdown2.o(.ARM.Collect$$libshutdown$$00000007)
    .ARM.Collect$$libshutdown$$0000000A      0x080001fa   Section        0  libshutdown2.o(.ARM.Collect$$libshutdown$$0000000A)
    .ARM.Collect$$libshutdown$$0000000C      0x080001fa   Section        0  libshutdown2.o(.ARM.Collect$$libshutdown$$0000000C)
    .ARM.Collect$$libshutdown$$0000000F      0x080001fa   Section        0  libshutdown2.o(.ARM.Collect$$libshutdown$$0000000F)
    .ARM.Collect$$libshutdown$$00000010      0x080001fa   Section        2  libshutdown2.o(.ARM.Collect$$libshutdown$$00000010)
    .ARM.Collect$$rtentry$$00000000          0x080001fc   Section        0  __rtentry.o(.ARM.Collect$$rtentry$$00000000)
    .ARM.Collect$$rtentry$$00000002          0x080001fc   Section        0  __rtentry2.o(.ARM.Collect$$rtentry$$00000002)
    .ARM.Collect$$rtentry$$00000004          0x080001fc   Section        6  __rtentry4.o(.ARM.Collect$$rtentry$$00000004)
    .ARM.Collect$$rtentry$$00000009          0x08000202   Section        0  __rtentry2.o(.ARM.Collect$$rtentry$$00000009)
    .ARM.Collect$$rtentry$$0000000A          0x08000202   Section        4  __rtentry2.o(.ARM.Collect$$rtentry$$0000000A)
    .ARM.Collect$$rtentry$$0000000C          0x08000206   Section        0  __rtentry2.o(.ARM.Collect$$rtentry$$0000000C)
    .ARM.Collect$$rtentry$$0000000D          0x08000206   Section        8  __rtentry2.o(.ARM.Collect$$rtentry$$0000000D)
    .ARM.Collect$$rtexit$$00000000           0x0800020e   Section        2  rtexit.o(.ARM.Collect$$rtexit$$00000000)
    .ARM.Collect$$rtexit$$00000002           0x08000210   Section        0  rtexit2.o(.ARM.Collect$$rtexit$$00000002)
    .ARM.Collect$$rtexit$$00000003           0x08000210   Section        4  rtexit2.o(.ARM.Collect$$rtexit$$00000003)
    .ARM.Collect$$rtexit$$00000004           0x08000214   Section        6  rtexit2.o(.ARM.Collect$$rtexit$$00000004)
    .text                                    0x0800021c   Section       64  startup_stm32f411xe.o(.text)
    $v0                                      0x0800021c   Number         0  startup_stm32f411xe.o(.text)
    .text                                    0x0800025c   Section        0  heapauxi.o(.text)
    .text                                    0x08000262   Section        0  _rserrno.o(.text)
    .text                                    0x08000278   Section        8  rt_errno_addr_intlibspace.o(.text)
    .text                                    0x08000280   Section        8  libspace.o(.text)
    .text                                    0x08000288   Section       74  sys_stackheap_outer.o(.text)
    .text                                    0x080002d2   Section        0  exit.o(.text)
    .text                                    0x080002e4   Section        0  sys_exit.o(.text)
    .text                                    0x080002f0   Section        2  use_no_semi.o(.text)
    .text                                    0x080002f2   Section        0  indicate_semi.o(.text)
    i.SystemInit                             0x080002f4   Section        0  system_stm32f4xx.o(i.SystemInit)
    i.__hardfp_logf                          0x08000310   Section        0  logf.o(i.__hardfp_logf)
    i.__mathlib_flt_divzero                  0x0800047c   Section        0  funder.o(i.__mathlib_flt_divzero)
    i.__mathlib_flt_infnan                   0x08000490   Section        0  funder.o(i.__mathlib_flt_infnan)
    i.__mathlib_flt_invalid                  0x08000498   Section        0  funder.o(i.__mathlib_flt_invalid)
    i.arm_gaussian_naive_bayes_predict_f32   0x080004a8   Section        0  bayesfunctions.o(i.arm_gaussian_naive_bayes_predict_f32)
    i.arm_max_f32                            0x080005b0   Section        0  statisticsfunctions.o(i.arm_max_f32)
    i.main                                   0x080005e4   Section        0  main.o(i.main)
    x$fpl$fpinit                             0x08000674   Section       10  fpinit.o(x$fpl$fpinit)
    $v0                                      0x08000674   Number         0  fpinit.o(x$fpl$fpinit)
    x$fpl$usenofp                            0x0800067e   Section        0  usenofp.o(x$fpl$usenofp)
    .constdata                               0x08000680   Section       60  main.o(.constdata)
    .constdata                               0x080006bc   Section       64  logf.o(.constdata)
    logahi                                   0x080006bc   Data          32  logf.o(.constdata)
    logalo                                   0x080006dc   Data          32  logf.o(.constdata)
    .bss                                     0x20000000   Section       24  main.o(.bss)
    .bss                                     0x20000018   Section       96  libspace.o(.bss)
    HEAP                                     0x20000078   Section      512  startup_stm32f411xe.o(HEAP)
    Heap_Mem                                 0x20000078   Data         512  startup_stm32f411xe.o(HEAP)
    STACK                                    0x20000278   Section     1024  startup_stm32f411xe.o(STACK)
    Stack_Mem                                0x20000278   Data        1024  startup_stm32f411xe.o(STACK)
    __initial_sp                             0x20000678   Data           0  startup_stm32f411xe.o(STACK)

    Global Symbols

    Symbol Name                              Value     Ov Type        Size  Object(Section)

    BuildAttributes$$THM_ISAv4$E$P$D$K$B$S$7EM$VFPi3$EXTD16$VFPS$VFMA$PE$A:L22UL41UL21$X:L11$S22US41US21$IEEE1$IW$USESV6$~STKCKD$USESV7$~SHL$OTIME$ROPI$IEEEX$EBA8$UX$STANDARDLIB$REQ8$PRES8$EABIv2 0x00000000   Number         0  anon$$obj.o ABSOLUTE
    __ARM_use_no_argv                        0x00000000   Number         0  main.o ABSOLUTE
    __ARM_exceptions_init                     - Undefined Weak Reference
    __alloca_initialize                       - Undefined Weak Reference
    __arm_preinit_                            - Undefined Weak Reference
    __cpp_initialize__aeabi_                  - Undefined Weak Reference
    __cxa_finalize                            - Undefined Weak Reference
    __rt_locale                               - Undefined Weak Reference
    __sigvec_lookup                           - Undefined Weak Reference
    _atexit_init                              - Undefined Weak Reference
    _call_atexit_fns                          - Undefined Weak Reference
    _clock_init                               - Undefined Weak Reference
    _fp_trap_init                             - Undefined Weak Reference
    _fp_trap_shutdown                         - Undefined Weak Reference
    _get_lc_collate                           - Undefined Weak Reference
    _get_lc_ctype                             - Undefined Weak Reference
    _get_lc_monetary                          - Undefined Weak Reference
    _get_lc_numeric                           - Undefined Weak Reference
    _get_lc_time                              - Undefined Weak Reference
    _getenv_init                              - Undefined Weak Reference
    _handle_redirection                       - Undefined Weak Reference
    _init_alloc                               - Undefined Weak Reference
    _init_user_alloc                          - Undefined Weak Reference
    _initio                                   - Undefined Weak Reference
    _rand_init                                - Undefined Weak Reference
    _signal_finish                            - Undefined Weak Reference
    _signal_init                              - Undefined Weak Reference
    _terminate_alloc                          - Undefined Weak Reference
    _terminate_user_alloc                     - Undefined Weak Reference
    _terminateio                              - Undefined Weak Reference
    __Vectors_Size                           0x00000198   Number         0  startup_stm32f411xe.o ABSOLUTE
    __Vectors                                0x08000000   Data           4  startup_stm32f411xe.o(RESET)
    __Vectors_End                            0x08000198   Data           0  startup_stm32f411xe.o(RESET)
    __main                                   0x08000199   Thumb Code     8  __main.o(!!!main)
    __scatterload                            0x080001a1   Thumb Code     0  __scatter.o(!!!scatter)
    __scatterload_rt2                        0x080001a1   Thumb Code    44  __scatter.o(!!!scatter)
    __scatterload_rt2_thumb_only             0x080001a1   Thumb Code     0  __scatter.o(!!!scatter)
    __scatterload_null                       0x080001af   Thumb Code     0  __scatter.o(!!!scatter)
    __scatterload_zeroinit                   0x080001d5   Thumb Code    28  __scatter_zi.o(!!handler_zi)
    __rt_lib_init                            0x080001f1   Thumb Code     0  libinit.o(.ARM.Collect$$libinit$$00000000)
    __rt_lib_init_fp_1                       0x080001f3   Thumb Code     0  libinit2.o(.ARM.Collect$$libinit$$00000001)
    __rt_lib_init_alloca_1                   0x080001f7   Thumb Code     0  libinit2.o(.ARM.Collect$$libinit$$0000002E)
    __rt_lib_init_argv_1                     0x080001f7   Thumb Code     0  libinit2.o(.ARM.Collect$$libinit$$0000002C)
    __rt_lib_init_atexit_1                   0x080001f7   Thumb Code     0  libinit2.o(.ARM.Collect$$libinit$$0000001B)
    __rt_lib_init_clock_1                    0x080001f7   Thumb Code     0  libinit2.o(.ARM.Collect$$libinit$$00000021)
    __rt_lib_init_cpp_1                      0x080001f7   Thumb Code     0  libinit2.o(.ARM.Collect$$libinit$$00000032)
    __rt_lib_init_exceptions_1               0x080001f7   Thumb Code     0  libinit2.o(.ARM.Collect$$libinit$$00000030)
    __rt_lib_init_fp_trap_1                  0x080001f7   Thumb Code     0  libinit2.o(.ARM.Collect$$libinit$$0000001F)
    __rt_lib_init_getenv_1                   0x080001f7   Thumb Code     0  libinit2.o(.ARM.Collect$$libinit$$00000023)
    __rt_lib_init_heap_1                     0x080001f7   Thumb Code     0  libinit2.o(.ARM.Collect$$libinit$$0000000A)
    __rt_lib_init_lc_collate_1               0x080001f7   Thumb Code     0  libinit2.o(.ARM.Collect$$libinit$$00000011)
    __rt_lib_init_lc_ctype_1                 0x080001f7   Thumb Code     0  libinit2.o(.ARM.Collect$$libinit$$00000013)
    __rt_lib_init_lc_monetary_1              0x080001f7   Thumb Code     0  libinit2.o(.ARM.Collect$$libinit$$00000015)
    __rt_lib_init_lc_numeric_1               0x080001f7   Thumb Code     0  libinit2.o(.ARM.Collect$$libinit$$00000017)
    __rt_lib_init_lc_time_1                  0x080001f7   Thumb Code     0  libinit2.o(.ARM.Collect$$libinit$$00000019)
    __rt_lib_init_preinit_1                  0x080001f7   Thumb Code     0  libinit2.o(.ARM.Collect$$libinit$$00000004)
    __rt_lib_init_rand_1                     0x080001f7   Thumb Code     0  libinit2.o(.ARM.Collect$$libinit$$0000000E)
    __rt_lib_init_return                     0x080001f7   Thumb Code     0  libinit2.o(.ARM.Collect$$libinit$$00000033)
    __rt_lib_init_signal_1                   0x080001f7   Thumb Code     0  libinit2.o(.ARM.Collect$$libinit$$0000001D)
    __rt_lib_init_stdio_1                    0x080001f7   Thumb Code     0  libinit2.o(.ARM.Collect$$libinit$$00000025)
    __rt_lib_init_user_alloc_1               0x080001f7   Thumb Code     0  libinit2.o(.ARM.Collect$$libinit$$0000000C)
    __rt_lib_shutdown                        0x080001f9   Thumb Code     0  libshutdown.o(.ARM.Collect$$libshutdown$$00000000)
    __rt_lib_shutdown_cpp_1                  0x080001fb   Thumb Code     0  libshutdown2.o(.ARM.Collect$$libshutdown$$00000002)
    __rt_lib_shutdown_fp_trap_1              0x080001fb   Thumb Code     0  libshutdown2.o(.ARM.Collect$$libshutdown$$00000007)
    __rt_lib_shutdown_heap_1                 0x080001fb   Thumb Code     0  libshutdown2.o(.ARM.Collect$$libshutdown$$0000000F)
    __rt_lib_shutdown_return                 0x080001fb   Thumb Code     0  libshutdown2.o(.ARM.Collect$$libshutdown$$00000010)
    __rt_lib_shutdown_signal_1               0x080001fb   Thumb Code     0  libshutdown2.o(.ARM.Collect$$libshutdown$$0000000A)
    __rt_lib_shutdown_stdio_1                0x080001fb   Thumb Code     0  libshutdown2.o(.ARM.Collect$$libshutdown$$00000004)
    __rt_lib_shutdown_user_alloc_1           0x080001fb   Thumb Code     0  libshutdown2.o(.ARM.Collect$$libshutdown$$0000000C)
    __rt_entry                               0x080001fd   Thumb Code     0  __rtentry.o(.ARM.Collect$$rtentry$$00000000)
    __rt_entry_presh_1                       0x080001fd   Thumb Code     0  __rtentry2.o(.ARM.Collect$$rtentry$$00000002)
    __rt_entry_sh                            0x080001fd   Thumb Code     0  __rtentry4.o(.ARM.Collect$$rtentry$$00000004)
    __rt_entry_li                            0x08000203   Thumb Code     0  __rtentry2.o(.ARM.Collect$$rtentry$$0000000A)
    __rt_entry_postsh_1                      0x08000203   Thumb Code     0  __rtentry2.o(.ARM.Collect$$rtentry$$00000009)
    __rt_entry_main                          0x08000207   Thumb Code     0  __rtentry2.o(.ARM.Collect$$rtentry$$0000000D)
    __rt_entry_postli_1                      0x08000207   Thumb Code     0  __rtentry2.o(.ARM.Collect$$rtentry$$0000000C)
    __rt_exit                                0x0800020f   Thumb Code     0  rtexit.o(.ARM.Collect$$rtexit$$00000000)
    __rt_exit_ls                             0x08000211   Thumb Code     0  rtexit2.o(.ARM.Collect$$rtexit$$00000003)
    __rt_exit_prels_1                        0x08000211   Thumb Code     0  rtexit2.o(.ARM.Collect$$rtexit$$00000002)
    __rt_exit_exit                           0x08000215   Thumb Code     0  rtexit2.o(.ARM.Collect$$rtexit$$00000004)
    Reset_Handler                            0x0800021d   Thumb Code     8  startup_stm32f411xe.o(.text)
    NMI_Handler                              0x08000225   Thumb Code     2  startup_stm32f411xe.o(.text)
    HardFault_Handler                        0x08000227   Thumb Code     2  startup_stm32f411xe.o(.text)
    MemManage_Handler                        0x08000229   Thumb Code     2  startup_stm32f411xe.o(.text)
    BusFault_Handler                         0x0800022b   Thumb Code     2  startup_stm32f411xe.o(.text)
    UsageFault_Handler                       0x0800022d   Thumb Code     2  startup_stm32f411xe.o(.text)
    SVC_Handler                              0x0800022f   Thumb Code     2  startup_stm32f411xe.o(.text)
    DebugMon_Handler                         0x08000231   Thumb Code     2  startup_stm32f411xe.o(.text)
    PendSV_Handler                           0x08000233   Thumb Code     2  startup_stm32f411xe.o(.text)
    SysTick_Handler                          0x08000235   Thumb Code     2  startup_stm32f411xe.o(.text)
    ADC_IRQHandler                           0x08000237   Thumb Code     0  startup_stm32f411xe.o(.text)
    DMA1_Stream0_IRQHandler                  0x08000237   Thumb Code     0  startup_stm32f411xe.o(.text)
    DMA1_Stream1_IRQHandler                  0x08000237   Thumb Code     0  startup_stm32f411xe.o(.text)
    DMA1_Stream2_IRQHandler                  0x08000237   Thumb Code     0  startup_stm32f411xe.o(.text)
    DMA1_Stream3_IRQHandler                  0x08000237   Thumb Code     0  startup_stm32f411xe.o(.text)
    DMA1_Stream4_IRQHandler                  0x08000237   Thumb Code     0  startup_stm32f411xe.o(.text)
    DMA1_Stream5_IRQHandler                  0x08000237   Thumb Code     0  startup_stm32f411xe.o(.text)
    DMA1_Stream6_IRQHandler                  0x08000237   Thumb Code     0  startup_stm32f411xe.o(.text)
    DMA1_Stream7_IRQHandler                  0x08000237   Thumb Code     0  startup_stm32f411xe.o(.text)
    DMA2_Stream0_IRQHandler                  0x08000237   Thumb Code     0  startup_stm32f411xe.o(.text)
    DMA2_Stream1_IRQHandler                  0x08000237   Thumb Code     0  startup_stm32f411xe.o(.text)
    DMA2_Stream2_IRQHandler                  0x08000237   Thumb Code     0  startup_stm32f411xe.o(.text)
    DMA2_Stream3_IRQHandler                  0x08000237   Thumb Code     0  startup_stm32f411xe.o(.text)
    DMA2_Stream4_IRQHandler                  0x08000237   Thumb Code     0  startup_stm32f411xe.o(.text)
    DMA2_Stream5_IRQHandler                  0x08000237   Thumb Code     0  startup_stm32f411xe.o(.text)
    DMA2_Stream6_IRQHandler                  0x08000237   Thumb Code     0  startup_stm32f411xe.o(.text)
    DMA2_Stream7_IRQHandler                  0x08000237   Thumb Code     0  startup_stm32f411xe.o(.text)
    EXTI0_IRQHandler                         0x08000237   Thumb Code     0  startup_stm32f411xe.o(.text)
    EXTI15_10_IRQHandler                     0x08000237   Thumb Code     0  startup_stm32f411xe.o(.text)
    EXTI1_IRQHandler                         0x08000237   Thumb Code     0  startup_stm32f411xe.o(.text)
    EXTI2_IRQHandler                         0x08000237   Thumb Code     0  startup_stm32f411xe.o(.text)
    EXTI3_IRQHandler                         0x08000237   Thumb Code     0  startup_stm32f411xe.o(.text)
    EXTI4_IRQHandler                         0x08000237   Thumb Code     0  startup_stm32f411xe.o(.text)
    EXTI9_5_IRQHandler                       0x08000237   Thumb Code     0  startup_stm32f411xe.o(.text)
    FLASH_IRQHandler                         0x08000237   Thumb Code     0  startup_stm32f411xe.o(.text)
    FPU_IRQHandler                           0x08000237   Thumb Code     0  startup_stm32f411xe.o(.text)
    I2C1_ER_IRQHandler                       0x08000237   Thumb Code     0  startup_stm32f411xe.o(.text)
    I2C1_EV_IRQHandler                       0x08000237   Thumb Code     0  startup_stm32f411xe.o(.text)
    I2C2_ER_IRQHandler                       0x08000237   Thumb Code     0  startup_stm32f411xe.o(.text)
    I2C2_EV_IRQHandler                       0x08000237   Thumb Code     0  startup_stm32f411xe.o(.text)
    I2C3_ER_IRQHandler                       0x08000237   Thumb Code     0  startup_stm32f411xe.o(.text)
    I2C3_EV_IRQHandler                       0x08000237   Thumb Code     0  startup_stm32f411xe.o(.text)
    OTG_FS_IRQHandler                        0x08000237   Thumb Code     0  startup_stm32f411xe.o(.text)
    OTG_FS_WKUP_IRQHandler                   0x08000237   Thumb Code     0  startup_stm32f411xe.o(.text)
    PVD_IRQHandler                           0x08000237   Thumb Code     0  startup_stm32f411xe.o(.text)
    RCC_IRQHandler                           0x08000237   Thumb Code     0  startup_stm32f411xe.o(.text)
    RTC_Alarm_IRQHandler                     0x08000237   Thumb Code     0  startup_stm32f411xe.o(.text)
    RTC_WKUP_IRQHandler                      0x08000237   Thumb Code     0  startup_stm32f411xe.o(.text)
    SDIO_IRQHandler                          0x08000237   Thumb Code     0  startup_stm32f411xe.o(.text)
    SPI1_IRQHandler                          0x08000237   Thumb Code     0  startup_stm32f411xe.o(.text)
    SPI2_IRQHandler                          0x08000237   Thumb Code     0  startup_stm32f411xe.o(.text)
    SPI3_IRQHandler                          0x08000237   Thumb Code     0  startup_stm32f411xe.o(.text)
    SPI4_IRQHandler                          0x08000237   Thumb Code     0  startup_stm32f411xe.o(.text)
    SPI5_IRQHandler                          0x08000237   Thumb Code     0  startup_stm32f411xe.o(.text)
    TAMP_STAMP_IRQHandler                    0x08000237   Thumb Code     0  startup_stm32f411xe.o(.text)
    TIM1_BRK_TIM9_IRQHandler                 0x08000237   Thumb Code     0  startup_stm32f411xe.o(.text)
    TIM1_CC_IRQHandler                       0x08000237   Thumb Code     0  startup_stm32f411xe.o(.text)
    TIM1_TRG_COM_TIM11_IRQHandler            0x08000237   Thumb Code     0  startup_stm32f411xe.o(.text)
    TIM1_UP_TIM10_IRQHandler                 0x08000237   Thumb Code     0  startup_stm32f411xe.o(.text)
    TIM2_IRQHandler                          0x08000237   Thumb Code     0  startup_stm32f411xe.o(.text)
    TIM3_IRQHandler                          0x08000237   Thumb Code     0  startup_stm32f411xe.o(.text)
    TIM4_IRQHandler                          0x08000237   Thumb Code     0  startup_stm32f411xe.o(.text)
    TIM5_IRQHandler                          0x08000237   Thumb Code     0  startup_stm32f411xe.o(.text)
    USART1_IRQHandler                        0x08000237   Thumb Code     0  startup_stm32f411xe.o(.text)
    USART2_IRQHandler                        0x08000237   Thumb Code     0  startup_stm32f411xe.o(.text)
    USART6_IRQHandler                        0x08000237   Thumb Code     0  startup_stm32f411xe.o(.text)
    WWDG_IRQHandler                          0x08000237   Thumb Code     0  startup_stm32f411xe.o(.text)
    __user_initial_stackheap                 0x08000239   Thumb Code     0  startup_stm32f411xe.o(.text)
    __use_two_region_memory                  0x0800025d   Thumb Code     2  heapauxi.o(.text)
    __rt_heap_escrow$2region                 0x0800025f   Thumb Code     2  heapauxi.o(.text)
    __rt_heap_expand$2region                 0x08000261   Thumb Code     2  heapauxi.o(.text)
    __read_errno                             0x08000263   Thumb Code    10  _rserrno.o(.text)
    __set_errno                              0x0800026d   Thumb Code    12  _rserrno.o(.text)
    __aeabi_errno_addr                       0x08000279   Thumb Code     8  rt_errno_addr_intlibspace.o(.text)
    __errno$intlibspace                      0x08000279   Thumb Code     0  rt_errno_addr_intlibspace.o(.text)
    __rt_errno_addr$intlibspace              0x08000279   Thumb Code     0  rt_errno_addr_intlibspace.o(.text)
    __user_libspace                          0x08000281   Thumb Code     8  libspace.o(.text)
    __user_perproc_libspace                  0x08000281   Thumb Code     0  libspace.o(.text)
    __user_perthread_libspace                0x08000281   Thumb Code     0  libspace.o(.text)
    __user_setup_stackheap                   0x08000289   Thumb Code    74  sys_stackheap_outer.o(.text)
    exit                                     0x080002d3   Thumb Code    18  exit.o(.text)
    _sys_exit                                0x080002e5   Thumb Code     8  sys_exit.o(.text)
    __I$use$semihosting                      0x080002f1   Thumb Code     0  use_no_semi.o(.text)
    __use_no_semihosting_swi                 0x080002f1   Thumb Code     2  use_no_semi.o(.text)
    __semihosting_library_function           0x080002f3   Thumb Code     0  indicate_semi.o(.text)
    SystemInit                               0x080002f5   Thumb Code    24  system_stm32f4xx.o(i.SystemInit)
    __hardfp_logf                            0x08000311   Thumb Code   320  logf.o(i.__hardfp_logf)
    __mathlib_logf                           0x08000311   Thumb Code     0  logf.o(i.__hardfp_logf)
    __mathlib_flt_divzero                    0x0800047d   Thumb Code    14  funder.o(i.__mathlib_flt_divzero)
    __mathlib_flt_infnan                     0x08000491   Thumb Code     6  funder.o(i.__mathlib_flt_infnan)
    __mathlib_flt_invalid                    0x08000499   Thumb Code    10  funder.o(i.__mathlib_flt_invalid)
    arm_gaussian_naive_bayes_predict_f32     0x080004a9   Thumb Code   254  bayesfunctions.o(i.arm_gaussian_naive_bayes_predict_f32)
    arm_max_f32                              0x080005b1   Thumb Code    52  statisticsfunctions.o(i.arm_max_f32)
    main                                     0x080005e5   Thumb Code   120  main.o(i.main)
    _fp_init                                 0x08000675   Thumb Code    10  fpinit.o(x$fpl$fpinit)
    __fplib_config_fpu_vfp                   0x0800067d   Thumb Code     0  fpinit.o(x$fpl$fpinit)
    __fplib_config_pureend_doubles           0x0800067d   Thumb Code     0  fpinit.o(x$fpl$fpinit)
    __I$use$fp                               0x0800067e   Number         0  usenofp.o(x$fpl$usenofp)
    theta                                    0x08000680   Data          24  main.o(.constdata)
    sigma                                    0x08000698   Data          24  main.o(.constdata)
    classPriors                              0x080006b0   Data          12  main.o(.constdata)
    Region$$Table$$Base                      0x080006fc   Number         0  anon$$obj.o(Region$$Table)
    Region$$Table$$Limit                     0x0800070c   Number         0  anon$$obj.o(Region$$Table)
    S                                        0x20000000   Data          24  main.o(.bss)
    __libspace_start                         0x20000018   Data          96  libspace.o(.bss)
    __temporary_stack_top$libspace           0x20000078   Data           0  libspace.o(.bss)



==============================================================================

Memory Map of the image

  Image Entry point : 0x0800021d

  Load Region LR_1 (Base: 0x08000000, Size: 0x0000070c, Max: 0xffffffff, ABSOLUTE)

    Execution Region ER_RO (Exec base: 0x08000000, Load base: 0x08000000, Size: 0x0000070c, Max: 0xffffffff, ABSOLUTE)

    Exec Addr    Load Addr    Size         Type   Attr      Idx    E Section Name        Object

    0x08000000   0x08000000   0x00000198   Data   RO         3865    RESET               startup_stm32f411xe.o
    0x08000198   0x08000198   0x00000008   Code   RO         3946  * !!!main             c_w.l(__main.o)
    0x080001a0   0x080001a0   0x00000034   Code   RO         4264    !!!scatter          c_w.l(__scatter.o)
    0x080001d4   0x080001d4   0x0000001c   Code   RO         4266    !!handler_zi        c_w.l(__scatter_zi.o)
    0x080001f0   0x080001f0   0x00000002   Code   RO         4137    .ARM.Collect$$libinit$$00000000  c_w.l(libinit.o)
    0x080001f2   0x080001f2   0x00000004   Code   RO         4146    .ARM.Collect$$libinit$$00000001  c_w.l(libinit2.o)
    0x080001f6   0x080001f6   0x00000000   Code   RO         4149    .ARM.Collect$$libinit$$00000004  c_w.l(libinit2.o)
    0x080001f6   0x080001f6   0x00000000   Code   RO         4152    .ARM.Collect$$libinit$$0000000A  c_w.l(libinit2.o)
    0x080001f6   0x080001f6   0x00000000   Code   RO         4154    .ARM.Collect$$libinit$$0000000C  c_w.l(libinit2.o)
    0x080001f6   0x080001f6   0x00000000   Code   RO         4156    .ARM.Collect$$libinit$$0000000E  c_w.l(libinit2.o)
    0x080001f6   0x080001f6   0x00000000   Code   RO         4159    .ARM.Collect$$libinit$$00000011  c_w.l(libinit2.o)
    0x080001f6   0x080001f6   0x00000000   Code   RO         4161    .ARM.Collect$$libinit$$00000013  c_w.l(libinit2.o)
    0x080001f6   0x080001f6   0x00000000   Code   RO         4163    .ARM.Collect$$libinit$$00000015  c_w.l(libinit2.o)
    0x080001f6   0x080001f6   0x00000000   Code   RO         4165    .ARM.Collect$$libinit$$00000017  c_w.l(libinit2.o)
    0x080001f6   0x080001f6   0x00000000   Code   RO         4167    .ARM.Collect$$libinit$$00000019  c_w.l(libinit2.o)
    0x080001f6   0x080001f6   0x00000000   Code   RO         4169    .ARM.Collect$$libinit$$0000001B  c_w.l(libinit2.o)
    0x080001f6   0x080001f6   0x00000000   Code   RO         4171    .ARM.Collect$$libinit$$0000001D  c_w.l(libinit2.o)
    0x080001f6   0x080001f6   0x00000000   Code   RO         4173    .ARM.Collect$$libinit$$0000001F  c_w.l(libinit2.o)
    0x080001f6   0x080001f6   0x00000000   Code   RO         4175    .ARM.Collect$$libinit$$00000021  c_w.l(libinit2.o)
    0x080001f6   0x080001f6   0x00000000   Code   RO         4177    .ARM.Collect$$libinit$$00000023  c_w.l(libinit2.o)
    0x080001f6   0x080001f6   0x00000000   Code   RO         4179    .ARM.Collect$$libinit$$00000025  c_w.l(libinit2.o)
    0x080001f6   0x080001f6   0x00000000   Code   RO         4183    .ARM.Collect$$libinit$$0000002C  c_w.l(libinit2.o)
    0x080001f6   0x080001f6   0x00000000   Code   RO         4185    .ARM.Collect$$libinit$$0000002E  c_w.l(libinit2.o)
    0x080001f6   0x080001f6   0x00000000   Code   RO         4187    .ARM.Collect$$libinit$$00000030  c_w.l(libinit2.o)
    0x080001f6   0x080001f6   0x00000000   Code   RO         4189    .ARM.Collect$$libinit$$00000032  c_w.l(libinit2.o)
    0x080001f6   0x080001f6   0x00000002   Code   RO         4190    .ARM.Collect$$libinit$$00000033  c_w.l(libinit2.o)
    0x080001f8   0x080001f8   0x00000002   Code   RO         4221    .ARM.Collect$$libshutdown$$00000000  c_w.l(libshutdown.o)
    0x080001fa   0x080001fa   0x00000000   Code   RO         4247    .ARM.Collect$$libshutdown$$00000002  c_w.l(libshutdown2.o)
    0x080001fa   0x080001fa   0x00000000   Code   RO         4249    .ARM.Collect$$libshutdown$$00000004  c_w.l(libshutdown2.o)
    0x080001fa   0x080001fa   0x00000000   Code   RO         4252    .ARM.Collect$$libshutdown$$00000007  c_w.l(libshutdown2.o)
    0x080001fa   0x080001fa   0x00000000   Code   RO         4255    .ARM.Collect$$libshutdown$$0000000A  c_w.l(libshutdown2.o)
    0x080001fa   0x080001fa   0x00000000   Code   RO         4257    .ARM.Collect$$libshutdown$$0000000C  c_w.l(libshutdown2.o)
    0x080001fa   0x080001fa   0x00000000   Code   RO         4260    .ARM.Collect$$libshutdown$$0000000F  c_w.l(libshutdown2.o)
    0x080001fa   0x080001fa   0x00000002   Code   RO         4261    .ARM.Collect$$libshutdown$$00000010  c_w.l(libshutdown2.o)
    0x080001fc   0x080001fc   0x00000000   Code   RO         4046    .ARM.Collect$$rtentry$$00000000  c_w.l(__rtentry.o)
    0x080001fc   0x080001fc   0x00000000   Code   RO         4100    .ARM.Collect$$rtentry$$00000002  c_w.l(__rtentry2.o)
    0x080001fc   0x080001fc   0x00000006   Code   RO         4112    .ARM.Collect$$rtentry$$00000004  c_w.l(__rtentry4.o)
    0x08000202   0x08000202   0x00000000   Code   RO         4102    .ARM.Collect$$rtentry$$00000009  c_w.l(__rtentry2.o)
    0x08000202   0x08000202   0x00000004   Code   RO         4103    .ARM.Collect$$rtentry$$0000000A  c_w.l(__rtentry2.o)
    0x08000206   0x08000206   0x00000000   Code   RO         4105    .ARM.Collect$$rtentry$$0000000C  c_w.l(__rtentry2.o)
    0x08000206   0x08000206   0x00000008   Code   RO         4106    .ARM.Collect$$rtentry$$0000000D  c_w.l(__rtentry2.o)
    0x0800020e   0x0800020e   0x00000002   Code   RO         4138    .ARM.Collect$$rtexit$$00000000  c_w.l(rtexit.o)
    0x08000210   0x08000210   0x00000000   Code   RO         4194    .ARM.Collect$$rtexit$$00000002  c_w.l(rtexit2.o)
    0x08000210   0x08000210   0x00000004   Code   RO         4195    .ARM.Collect$$rtexit$$00000003  c_w.l(rtexit2.o)
    0x08000214   0x08000214   0x00000006   Code   RO         4196    .ARM.Collect$$rtexit$$00000004  c_w.l(rtexit2.o)
    0x0800021a   0x0800021a   0x00000002   PAD
    0x0800021c   0x0800021c   0x00000040   Code   RO         3866  * .text               startup_stm32f411xe.o
    0x0800025c   0x0800025c   0x00000006   Code   RO         3944    .text               c_w.l(heapauxi.o)
    0x08000262   0x08000262   0x00000016   Code   RO         4051    .text               c_w.l(_rserrno.o)
    0x08000278   0x08000278   0x00000008   Code   RO         4119    .text               c_w.l(rt_errno_addr_intlibspace.o)
    0x08000280   0x08000280   0x00000008   Code   RO         4121    .text               c_w.l(libspace.o)
    0x08000288   0x08000288   0x0000004a   Code   RO         4124    .text               c_w.l(sys_stackheap_outer.o)
    0x080002d2   0x080002d2   0x00000012   Code   RO         4126    .text               c_w.l(exit.o)
    0x080002e4   0x080002e4   0x0000000c   Code   RO         4191    .text               c_w.l(sys_exit.o)
    0x080002f0   0x080002f0   0x00000002   Code   RO         4210    .text               c_w.l(use_no_semi.o)
    0x080002f2   0x080002f2   0x00000000   Code   RO         4212    .text               c_w.l(indicate_semi.o)
    0x080002f2   0x080002f2   0x00000002   PAD
    0x080002f4   0x080002f4   0x0000001c   Code   RO         3874    i.SystemInit        system_stm32f4xx.o
    0x08000310   0x08000310   0x0000016c   Code   RO         4006    i.__hardfp_logf     m_wm.l(logf.o)
    0x0800047c   0x0800047c   0x00000014   Code   RO         4082    i.__mathlib_flt_divzero  m_wm.l(funder.o)
    0x08000490   0x08000490   0x00000006   Code   RO         4083    i.__mathlib_flt_infnan  m_wm.l(funder.o)
    0x08000496   0x08000496   0x00000002   PAD
    0x08000498   0x08000498   0x00000010   Code   RO         4085    i.__mathlib_flt_invalid  m_wm.l(funder.o)
    0x080004a8   0x080004a8   0x00000108   Code   RO          521    i.arm_gaussian_naive_bayes_predict_f32  bayesfunctions.o
    0x080005b0   0x080005b0   0x00000034   Code   RO         2457    i.arm_max_f32       statisticsfunctions.o
    0x080005e4   0x080005e4   0x00000090   Code   RO            4    i.main              main.o
    0x08000674   0x08000674   0x0000000a   Code   RO         4206    x$fpl$fpinit        fz_wm.l(fpinit.o)
    0x0800067e   0x0800067e   0x00000000   Code   RO         4065    x$fpl$usenofp       fz_wm.l(usenofp.o)
    0x0800067e   0x0800067e   0x00000002   PAD
    0x08000680   0x08000680   0x0000003c   Data   RO            6    .constdata          main.o
    0x080006bc   0x080006bc   0x00000040   Data   RO         4009    .constdata          m_wm.l(logf.o)
    0x080006fc   0x080006fc   0x00000010   Data   RO         4262    Region$$Table       anon$$obj.o


    Execution Region ER_RW (Exec base: 0x20000000, Load base: 0x0800070c, Size: 0x00000000, Max: 0xffffffff, ABSOLUTE)

    **** No section assigned to this execution region ****


    Execution Region ER_ZI (Exec base: 0x20000000, Load base: 0x0800070c, Size: 0x00000678, Max: 0xffffffff, ABSOLUTE)

    Exec Addr    Load Addr    Size         Type   Attr      Idx    E Section Name        Object

    0x20000000        -       0x00000018   Zero   RW            5    .bss                main.o
    0x20000018        -       0x00000060   Zero   RW         4122    .bss                c_w.l(libspace.o)
    0x20000078        -       0x00000200   Zero   RW         3864    HEAP                startup_stm32f411xe.o
    0x20000278        -       0x00000400   Zero   RW         3863    STACK               startup_stm32f411xe.o


==============================================================================

Image component sizes


      Code (inc. data)   RO Data    RW Data    ZI Data      Debug   Object Name

       264         10          0          0          0       2047   bayesfunctions.o
       144         24         60          0         24      22547   main.o
        64         26        408          0       1536        860   startup_stm32f411xe.o
        52          0          0          0          0      18050   statisticsfunctions.o
        28          4          0          0          0        497   system_stm32f4xx.o

    ----------------------------------------------------------------------
       552         64        484          0       1560      44001   Object Totals
         0          0         16          0          0          0   (incl. Generated)
         0          0          0          0          0          0   (incl. Padding)

    ----------------------------------------------------------------------

      Code (inc. data)   RO Data    RW Data    ZI Data      Debug   Library Member Name

         8          0          0          0          0         68   __main.o
         0          0          0          0          0          0   __rtentry.o
        12          0          0          0          0          0   __rtentry2.o
         6          0          0          0          0          0   __rtentry4.o
        52          8          0          0          0          0   __scatter.o
        28          0          0          0          0          0   __scatter_zi.o
        22          0          0          0          0        100   _rserrno.o
        18          0          0          0          0         80   exit.o
         6          0          0          0          0        152   heapauxi.o
         0          0          0          0          0          0   indicate_semi.o
         2          0          0          0          0          0   libinit.o
         6          0          0          0          0          0   libinit2.o
         2          0          0          0          0          0   libshutdown.o
         2          0          0          0          0          0   libshutdown2.o
         8          4          0          0         96         68   libspace.o
         8          4          0          0          0         68   rt_errno_addr_intlibspace.o
         2          0          0          0          0          0   rtexit.o
        10          0          0          0          0          0   rtexit2.o
        12          4          0          0          0         68   sys_exit.o
        74          0          0          0          0         80   sys_stackheap_outer.o
         2          0          0          0          0         68   use_no_semi.o
        10          0          0          0          0        116   fpinit.o
         0          0          0          0          0          0   usenofp.o
        42         12          0          0          0        348   funder.o
       364         44         64          0          0        140   logf.o

    ----------------------------------------------------------------------
       704         76         64          0         96       1356   Library Totals
         8          0          0          0          0          0   (incl. Padding)

    ----------------------------------------------------------------------

      Code (inc. data)   RO Data    RW Data    ZI Data      Debug   Library Name

       280         20          0          0         96        752   c_w.l
        10          0          0          0          0        116   fz_wm.l
       406         56         64          0          0        488   m_wm.l

    ----------------------------------------------------------------------
       704         76         64          0         96       1356   Library Totals

    ----------------------------------------------------------------------

==============================================================================


      Code (inc. data)   RO Data    RW Data    ZI Data      Debug   

      1256        140        548          0       1656      44529   Grand Totals
      1256        140        548          0       1656      44529   ELF Image Totals
      1256        140        548          0          0          0   ROM Totals

==============================================================================

    Total RO  Size (Code + RO Data)                 1804 (   1.76kB)
    Total RW  Size (RW Data + ZI Data)              1656 (   1.62kB)
    Total ROM Size (Code + RO Data + RW Data)       1804 (   1.76kB)

==============================================================================

